../Drivers/CMSIS/Include/core_cm4.h:1679:22:__NVIC_EnableIRQ	16	static,ignoring_inline_asm
../Drivers/CMSIS/Include/core_cm4.h:1809:22:__NVIC_SetPriority	16	static
../Drivers/STM32L4xx_HAL_Driver/Inc/stm32l4xx_ll_bus.h:563:22:LL_AHB2_GRP1_EnableClock	24	static
../Drivers/STM32L4xx_HAL_Driver/Inc/stm32l4xx_ll_bus.h:1087:22:LL_APB1_GRP1_EnableClock	24	static
../Drivers/STM32L4xx_HAL_Driver/Inc/stm32l4xx_ll_gpio.h:956:22:LL_GPIO_SetOutputPin	16	static
../Drivers/STM32L4xx_HAL_Driver/Inc/stm32l4xx_ll_gpio.h:985:22:LL_GPIO_ResetOutputPin	16	static
../Drivers/STM32L4xx_HAL_Driver/Inc/stm32l4xx_ll_spi.h:358:22:LL_SPI_Enable	16	static
../Drivers/STM32L4xx_HAL_Driver/Inc/stm32l4xx_ll_spi.h:370:22:LL_SPI_Disable	16	static
../Drivers/STM32L4xx_HAL_Driver/Inc/stm32l4xx_ll_spi.h:397:22:LL_SPI_SetMode	16	static
../Drivers/STM32L4xx_HAL_Driver/Inc/stm32l4xx_ll_spi.h:426:22:LL_SPI_SetStandard	16	static
../Drivers/STM32L4xx_HAL_Driver/Inc/stm32l4xx_ll_spi.h:455:22:LL_SPI_SetClockPhase	16	static
../Drivers/STM32L4xx_HAL_Driver/Inc/stm32l4xx_ll_spi.h:484:22:LL_SPI_SetClockPolarity	16	static
../Drivers/STM32L4xx_HAL_Driver/Inc/stm32l4xx_ll_spi.h:518:22:LL_SPI_SetBaudRatePrescaler	16	static
../Drivers/STM32L4xx_HAL_Driver/Inc/stm32l4xx_ll_spi.h:552:22:LL_SPI_SetTransferBitOrder	16	static
../Drivers/STM32L4xx_HAL_Driver/Inc/stm32l4xx_ll_spi.h:585:22:LL_SPI_SetTransferDirection	16	static
../Drivers/STM32L4xx_HAL_Driver/Inc/stm32l4xx_ll_spi.h:627:22:LL_SPI_SetDataWidth	16	static
../Drivers/STM32L4xx_HAL_Driver/Inc/stm32l4xx_ll_spi.h:665:22:LL_SPI_SetRxFIFOThreshold	16	static
../Drivers/STM32L4xx_HAL_Driver/Inc/stm32l4xx_ll_spi.h:832:22:LL_SPI_SetNSSMode	16	static
../Drivers/STM32L4xx_HAL_Driver/Inc/stm32l4xx_ll_spi.h:905:26:LL_SPI_IsActiveFlag_RXNE	16	static
../Drivers/STM32L4xx_HAL_Driver/Inc/stm32l4xx_ll_spi.h:916:26:LL_SPI_IsActiveFlag_TXE	16	static
../Drivers/STM32L4xx_HAL_Driver/Inc/stm32l4xx_ll_spi.h:967:26:LL_SPI_IsActiveFlag_BSY	16	static
../Drivers/STM32L4xx_HAL_Driver/Inc/stm32l4xx_ll_spi.h:993:26:LL_SPI_GetRxFIFOLevel	16	static
../Drivers/STM32L4xx_HAL_Driver/Inc/stm32l4xx_ll_spi.h:1008:26:LL_SPI_GetTxFIFOLevel	16	static
../Drivers/STM32L4xx_HAL_Driver/Inc/stm32l4xx_ll_spi.h:1048:22:LL_SPI_ClearFlag_OVR	24	static
../Drivers/STM32L4xx_HAL_Driver/Inc/stm32l4xx_ll_spi.h:1097:22:LL_SPI_EnableIT_RXNE	16	static
../Drivers/STM32L4xx_HAL_Driver/Inc/stm32l4xx_ll_spi.h:1108:22:LL_SPI_EnableIT_TXE	16	static
../Drivers/STM32L4xx_HAL_Driver/Inc/stm32l4xx_ll_spi.h:1131:22:LL_SPI_DisableIT_RXNE	16	static
../Drivers/STM32L4xx_HAL_Driver/Inc/stm32l4xx_ll_spi.h:1142:22:LL_SPI_DisableIT_TXE	16	static
../Drivers/STM32L4xx_HAL_Driver/Inc/stm32l4xx_ll_spi.h:1164:26:LL_SPI_IsEnabledIT_RXNE	16	static
../Drivers/STM32L4xx_HAL_Driver/Inc/stm32l4xx_ll_spi.h:1175:26:LL_SPI_IsEnabledIT_TXE	16	static
../Drivers/STM32L4xx_HAL_Driver/Inc/stm32l4xx_ll_spi.h:1333:25:LL_SPI_ReceiveData8	16	static
../Drivers/STM32L4xx_HAL_Driver/Inc/stm32l4xx_ll_spi.h:1356:22:LL_SPI_TransmitData8	24	static
../Core/Src/spi.c:17:6:MX_SPI2_Init	32	static
../Core/Src/spi.c:58:6:spi_init_interupts	8	static
../Core/Src/spi.c:64:6:spi_write_data_it	16	static
../Core/Src/spi.c:76:6:spi_read_data_it	16	static
../Core/Src/spi.c:88:6:SPI2_IRQHandler	8	static
../Core/Src/spi.c:100:6:spi_transmit_callback	8	static
../Core/Src/spi.c:144:6:spi_receive_callback	16	static
../Core/Src/spi.c:175:6:spi_cs_set_high	8	static
../Core/Src/spi.c:180:6:spi_cs_set_low	8	static
../Core/Src/spi.c:185:6:spi_cs2_set_high	8	static
../Core/Src/spi.c:190:6:spi_cs2_set_low	8	static
../Core/Src/spi.c:195:6:spi_write_data	24	static
../Core/Src/spi.c:224:6:spi_read_data	32	static
../Core/Src/spi.c:257:6:spi_it_transmit_callback	8	static
../Core/Src/spi.c:298:6:spi_it_receive_callback	16	static
