../Core/Src/stm32f4xx_hal_msp.c:64:6:HAL_MspInit	16	static
../Core/Src/stm32f4xx_hal_msp.c:89:6:HAL_CRC_MspInit	24	static
../Core/Src/stm32f4xx_hal_msp.c:112:6:HAL_CRC_MspDeInit	16	static
../Core/Src/stm32f4xx_hal_msp.c:134:6:HAL_DMA2D_MspInit	24	static
../Core/Src/stm32f4xx_hal_msp.c:160:6:HAL_DMA2D_MspDeInit	16	static
../Core/Src/stm32f4xx_hal_msp.c:185:6:HAL_I2C_MspInit	48	static
../Core/Src/stm32f4xx_hal_msp.c:230:6:HAL_I2C_MspDeInit	16	static
../Core/Src/stm32f4xx_hal_msp.c:261:6:HAL_LTDC_MspInit	112	static
../Core/Src/stm32f4xx_hal_msp.c:389:6:HAL_LTDC_MspDeInit	16	static
../Core/Src/stm32f4xx_hal_msp.c:453:6:HAL_SPI_MspInit	48	static
../Core/Src/stm32f4xx_hal_msp.c:491:6:HAL_SPI_MspDeInit	16	static
../Core/Src/stm32f4xx_hal_msp.c:521:6:HAL_TIM_Base_MspInit	24	static
../Core/Src/stm32f4xx_hal_msp.c:544:6:HAL_TIM_Base_MspDeInit	16	static
../Core/Src/stm32f4xx_hal_msp.c:566:6:HAL_UART_MspInit	56	static
../Core/Src/stm32f4xx_hal_msp.c:634:6:HAL_UART_MspDeInit	16	static
../Core/Src/stm32f4xx_hal_msp.c:679:13:HAL_FMC_MspInit	32	static
../Core/Src/stm32f4xx_hal_msp.c:785:6:HAL_SDRAM_MspInit	16	static
../Core/Src/stm32f4xx_hal_msp.c:797:13:HAL_FMC_MspDeInit	8	static
../Core/Src/stm32f4xx_hal_msp.c:871:6:HAL_SDRAM_MspDeInit	16	static
