Archive member included to satisfy reference by file (symbol)

C:/ST/STM32CubeIDE_1.16.0/STM32CubeIDE/plugins/com.st.stm32cube.ide.mcu.externaltools.gnu-tools-for-stm32.12.3.rel1.win32_1.0.200.202406191623/tools/bin/../lib/gcc/arm-none-eabi/12.3.1/../../../../arm-none-eabi/lib/thumb/v7e-m+fp/hard\libc_nano.a(libc_a-exit.o)
                              C:/ST/STM32CubeIDE_1.16.0/STM32CubeIDE/plugins/com.st.stm32cube.ide.mcu.externaltools.gnu-tools-for-stm32.12.3.rel1.win32_1.0.200.202406191623/tools/bin/../lib/gcc/arm-none-eabi/12.3.1/../../../../arm-none-eabi/lib/thumb/v7e-m+fp/hard/crt0.o (exit)
C:/ST/STM32CubeIDE_1.16.0/STM32CubeIDE/plugins/com.st.stm32cube.ide.mcu.externaltools.gnu-tools-for-stm32.12.3.rel1.win32_1.0.200.202406191623/tools/bin/../lib/gcc/arm-none-eabi/12.3.1/../../../../arm-none-eabi/lib/thumb/v7e-m+fp/hard\libc_nano.a(libc_a-malloc.o)
                              ./Middlewares/ST/STM32_USB_Host_Library/Class/CDC/Src/usbh_cdc.o (malloc)
C:/ST/STM32CubeIDE_1.16.0/STM32CubeIDE/plugins/com.st.stm32cube.ide.mcu.externaltools.gnu-tools-for-stm32.12.3.rel1.win32_1.0.200.202406191623/tools/bin/../lib/gcc/arm-none-eabi/12.3.1/../../../../arm-none-eabi/lib/thumb/v7e-m+fp/hard\libc_nano.a(libc_a-mallocr.o)
                              C:/ST/STM32CubeIDE_1.16.0/STM32CubeIDE/plugins/com.st.stm32cube.ide.mcu.externaltools.gnu-tools-for-stm32.12.3.rel1.win32_1.0.200.202406191623/tools/bin/../lib/gcc/arm-none-eabi/12.3.1/../../../../arm-none-eabi/lib/thumb/v7e-m+fp/hard\libc_nano.a(libc_a-malloc.o) (_malloc_r)
C:/ST/STM32CubeIDE_1.16.0/STM32CubeIDE/plugins/com.st.stm32cube.ide.mcu.externaltools.gnu-tools-for-stm32.12.3.rel1.win32_1.0.200.202406191623/tools/bin/../lib/gcc/arm-none-eabi/12.3.1/../../../../arm-none-eabi/lib/thumb/v7e-m+fp/hard\libc_nano.a(libc_a-mlock.o)
                              C:/ST/STM32CubeIDE_1.16.0/STM32CubeIDE/plugins/com.st.stm32cube.ide.mcu.externaltools.gnu-tools-for-stm32.12.3.rel1.win32_1.0.200.202406191623/tools/bin/../lib/gcc/arm-none-eabi/12.3.1/../../../../arm-none-eabi/lib/thumb/v7e-m+fp/hard\libc_nano.a(libc_a-mallocr.o) (__malloc_lock)
C:/ST/STM32CubeIDE_1.16.0/STM32CubeIDE/plugins/com.st.stm32cube.ide.mcu.externaltools.gnu-tools-for-stm32.12.3.rel1.win32_1.0.200.202406191623/tools/bin/../lib/gcc/arm-none-eabi/12.3.1/../../../../arm-none-eabi/lib/thumb/v7e-m+fp/hard\libc_nano.a(libc_a-findfp.o)
                              C:/ST/STM32CubeIDE_1.16.0/STM32CubeIDE/plugins/com.st.stm32cube.ide.mcu.externaltools.gnu-tools-for-stm32.12.3.rel1.win32_1.0.200.202406191623/tools/bin/../lib/gcc/arm-none-eabi/12.3.1/../../../../arm-none-eabi/lib/thumb/v7e-m+fp/hard\libc_nano.a(libc_a-exit.o) (__stdio_exit_handler)
C:/ST/STM32CubeIDE_1.16.0/STM32CubeIDE/plugins/com.st.stm32cube.ide.mcu.externaltools.gnu-tools-for-stm32.12.3.rel1.win32_1.0.200.202406191623/tools/bin/../lib/gcc/arm-none-eabi/12.3.1/../../../../arm-none-eabi/lib/thumb/v7e-m+fp/hard\libc_nano.a(libc_a-fwalk.o)
                              C:/ST/STM32CubeIDE_1.16.0/STM32CubeIDE/plugins/com.st.stm32cube.ide.mcu.externaltools.gnu-tools-for-stm32.12.3.rel1.win32_1.0.200.202406191623/tools/bin/../lib/gcc/arm-none-eabi/12.3.1/../../../../arm-none-eabi/lib/thumb/v7e-m+fp/hard\libc_nano.a(libc_a-findfp.o) (_fwalk_sglue)
C:/ST/STM32CubeIDE_1.16.0/STM32CubeIDE/plugins/com.st.stm32cube.ide.mcu.externaltools.gnu-tools-for-stm32.12.3.rel1.win32_1.0.200.202406191623/tools/bin/../lib/gcc/arm-none-eabi/12.3.1/../../../../arm-none-eabi/lib/thumb/v7e-m+fp/hard\libc_nano.a(libc_a-stdio.o)
                              C:/ST/STM32CubeIDE_1.16.0/STM32CubeIDE/plugins/com.st.stm32cube.ide.mcu.externaltools.gnu-tools-for-stm32.12.3.rel1.win32_1.0.200.202406191623/tools/bin/../lib/gcc/arm-none-eabi/12.3.1/../../../../arm-none-eabi/lib/thumb/v7e-m+fp/hard\libc_nano.a(libc_a-findfp.o) (__sread)
C:/ST/STM32CubeIDE_1.16.0/STM32CubeIDE/plugins/com.st.stm32cube.ide.mcu.externaltools.gnu-tools-for-stm32.12.3.rel1.win32_1.0.200.202406191623/tools/bin/../lib/gcc/arm-none-eabi/12.3.1/../../../../arm-none-eabi/lib/thumb/v7e-m+fp/hard\libc_nano.a(libc_a-memset.o)
                              C:/ST/STM32CubeIDE_1.16.0/STM32CubeIDE/plugins/com.st.stm32cube.ide.mcu.externaltools.gnu-tools-for-stm32.12.3.rel1.win32_1.0.200.202406191623/tools/bin/../lib/gcc/arm-none-eabi/12.3.1/../../../../arm-none-eabi/lib/thumb/v7e-m+fp/hard/crt0.o (memset)
C:/ST/STM32CubeIDE_1.16.0/STM32CubeIDE/plugins/com.st.stm32cube.ide.mcu.externaltools.gnu-tools-for-stm32.12.3.rel1.win32_1.0.200.202406191623/tools/bin/../lib/gcc/arm-none-eabi/12.3.1/../../../../arm-none-eabi/lib/thumb/v7e-m+fp/hard\libc_nano.a(libc_a-closer.o)
                              C:/ST/STM32CubeIDE_1.16.0/STM32CubeIDE/plugins/com.st.stm32cube.ide.mcu.externaltools.gnu-tools-for-stm32.12.3.rel1.win32_1.0.200.202406191623/tools/bin/../lib/gcc/arm-none-eabi/12.3.1/../../../../arm-none-eabi/lib/thumb/v7e-m+fp/hard\libc_nano.a(libc_a-stdio.o) (_close_r)
[...]
Memory Configuration

Name             Origin             Length             Attributes
CCMRAM           0x10000000         0x00010000         xrw
RAM              0x20000000         0x00030000         xrw
FLASH            0x08000000         0x00200000         xr
*default*        0x00000000         0xffffffff

Linker script and memory map

LOAD C:/ST/STM32CubeIDE_1.16.0/STM32CubeIDE/plugins/com.st.stm32cube.ide.mcu.externaltools.gnu-tools-for-stm32.12.3.rel1.win32_1.0.200.202406191623/tools/bin/../lib/gcc/arm-none-eabi/12.3.1/thumb/v7e-m+fp/hard/crti.o
LOAD C:/ST/STM32CubeIDE_1.16.0/STM32CubeIDE/plugins/com.st.stm32cube.ide.mcu.externaltools.gnu-tools-for-stm32.12.3.rel1.win32_1.0.200.202406191623/tools/bin/../lib/gcc/arm-none-eabi/12.3.1/thumb/v7e-m+fp/hard/crtbegin.o
LOAD C:/ST/STM32CubeIDE_1.16.0/STM32CubeIDE/plugins/com.st.stm32cube.ide.mcu.externaltools.gnu-tools-for-stm32.12.3.rel1.win32_1.0.200.202406191623/tools/bin/../lib/gcc/arm-none-eabi/12.3.1/../../../../arm-none-eabi/lib/thumb/v7e-m+fp/hard/crt0.o
LOAD ./Core/Src/freertos.o
LOAD ./Core/Src/main.o
LOAD ./Core/Src/stm32f4xx_hal_msp.o
LOAD ./Core/Src/stm32f4xx_hal_timebase_tim.o
LOAD ./Core/Src/stm32f4xx_it.o
LOAD ./Core/Src/syscalls.o
LOAD ./Core/Src/sysmem.o
LOAD ./Core/Src/system_stm32f4xx.o
LOAD ./Core/Startup/startup_stm32f429zitx.o
LOAD ./Drivers/STM32F4xx_HAL_Driver/Src/stm32f4xx_hal.o
LOAD ./Drivers/STM32F4xx_HAL_Driver/Src/stm32f4xx_hal_cortex.o
LOAD ./Drivers/STM32F4xx_HAL_Driver/Src/stm32f4xx_hal_crc.o
LOAD ./Drivers/STM32F4xx_HAL_Driver/Src/stm32f4xx_hal_dma.o
LOAD ./Drivers/STM32F4xx_HAL_Driver/Src/stm32f4xx_hal_dma2d.o
LOAD ./Drivers/STM32F4xx_HAL_Driver/Src/stm32f4xx_hal_dma_ex.o
LOAD ./Drivers/STM32F4xx_HAL_Driver/Src/stm32f4xx_hal_dsi.o
LOAD ./Drivers/STM32F4xx_HAL_Driver/Src/stm32f4xx_hal_exti.o
LOAD ./Drivers/STM32F4xx_HAL_Driver/Src/stm32f4xx_hal_flash.o
LOAD ./Drivers/STM32F4xx_HAL_Driver/Src/stm32f4xx_hal_flash_ex.o
LOAD ./Drivers/STM32F4xx_HAL_Driver/Src/stm32f4xx_hal_flash_ramfunc.o
LOAD ./Drivers/STM32F4xx_HAL_Driver/Src/stm32f4xx_hal_gpio.o
LOAD ./Drivers/STM32F4xx_HAL_Driver/Src/stm32f4xx_hal_hcd.o
LOAD ./Drivers/STM32F4xx_HAL_Driver/Src/stm32f4xx_hal_i2c.o
LOAD ./Drivers/STM32F4xx_HAL_Driver/Src/stm32f4xx_hal_i2c_ex.o
LOAD ./Drivers/STM32F4xx_HAL_Driver/Src/stm32f4xx_hal_ltdc.o
LOAD ./Drivers/STM32F4xx_HAL_Driver/Src/stm32f4xx_hal_ltdc_ex.o
LOAD ./Drivers/STM32F4xx_HAL_Driver/Src/stm32f4xx_hal_pwr.o
LOAD ./Drivers/STM32F4xx_HAL_Driver/Src/stm32f4xx_hal_pwr_ex.o
LOAD ./Drivers/STM32F4xx_HAL_Driver/Src/stm32f4xx_hal_rcc.o
LOAD ./Drivers/STM32F4xx_HAL_Driver/Src/stm32f4xx_hal_rcc_ex.o
LOAD ./Drivers/STM32F4xx_HAL_Driver/Src/stm32f4xx_hal_sdram.o
LOAD ./Drivers/STM32F4xx_HAL_Driver/Src/stm32f4xx_hal_spi.o
LOAD ./Drivers/STM32F4xx_HAL_Driver/Src/stm32f4xx_hal_tim.o
LOAD ./Drivers/STM32F4xx_HAL_Driver/Src/stm32f4xx_hal_tim_ex.o
LOAD ./Drivers/STM32F4xx_HAL_Driver/Src/stm32f4xx_hal_uart.o
LOAD ./Drivers/STM32F4xx_HAL_Driver/Src/stm32f4xx_ll_fmc.o
LOAD ./Drivers/STM32F4xx_HAL_Driver/Src/stm32f4xx_ll_usb.o
LOAD ./Middlewares/ST/STM32_USB_Host_Library/Class/CDC/Src/usbh_cdc.o
LOAD ./Middlewares/ST/STM32_USB_Host_Library/Core/Src/usbh_core.o
LOAD ./Middlewares/ST/STM32_USB_Host_Library/Core/Src/usbh_ctlreq.o
LOAD ./Middlewares/ST/STM32_USB_Host_Library/Core/Src/usbh_ioreq.o
LOAD ./Middlewares/ST/STM32_USB_Host_Library/Core/Src/usbh_pipes.o
LOAD ./Middlewares/Third_Party/FreeRTOS/Source/CMSIS_RTOS/cmsis_os.o
LOAD ./Middlewares/Third_Party/FreeRTOS/Source/croutine.o
LOAD ./Middlewares/Third_Party/FreeRTOS/Source/event_groups.o
LOAD ./Middlewares/Third_Party/FreeRTOS/Source/list.o
LOAD ./Middlewares/Third_Party/FreeRTOS/Source/queue.o
LOAD ./Middlewares/Third_Party/FreeRTOS/Source/stream_buffer.o
LOAD ./Middlewares/Third_Party/FreeRTOS/Source/tasks.o
LOAD ./Middlewares/Third_Party/FreeRTOS/Source/timers.o
LOAD ./Middlewares/Third_Party/FreeRTOS/Source/portable/GCC/ARM_CM4F/port.o
LOAD ./Middlewares/Third_Party/FreeRTOS/Source/portable/MemMang/heap_4.o
LOAD ./USB_HOST/App/usb_host.o
LOAD ./USB_HOST/Target/usbh_conf.o
LOAD ./USB_HOST/Target/usbh_platform.o
START GROUP
LOAD C:/ST/STM32CubeIDE_1.16.0/STM32CubeIDE/plugins/com.st.stm32cube.ide.mcu.externaltools.gnu-tools-for-stm32.12.3.rel1.win32_1.0.200.202406191623/tools/bin/../lib/gcc/arm-none-eabi/12.3.1/../../../../arm-none-eabi/lib/thumb/v7e-m+fp/hard\libc_nano.a
LOAD C:/ST/STM32CubeIDE_1.16.0/STM32CubeIDE/plugins/com.st.stm32cube.ide.mcu.externaltools.gnu-tools-for-stm32.12.3.rel1.win32_1.0.200.202406191623/tools/bin/../lib/gcc/arm-none-eabi/12.3.1/../../../../arm-none-eabi/lib/thumb/v7e-m+fp/hard\libm.a
END GROUP
START GROUP
LOAD C:/ST/STM32CubeIDE_1.16.0/STM32CubeIDE/plugins/com.st.stm32cube.ide.mcu.externaltools.gnu-tools-for-stm32.12.3.rel1.win32_1.0.200.202406191623/tools/bin/../lib/gcc/arm-none-eabi/12.3.1/thumb/v7e-m+fp/hard\libgcc.a
LOAD C:/ST/STM32CubeIDE_1.16.0/STM32CubeIDE/plugins/com.st.stm32cube.ide.mcu.externaltools.gnu-tools-for-stm32.12.3.rel1.win32_1.0.200.202406191623/tools/bin/../lib/gcc/arm-none-eabi/12.3.1/../../../../arm-none-eabi/lib/thumb/v7e-m+fp/hard\libc_nano.a
END GROUP
START GROUP
LOAD C:/ST/STM32CubeIDE_1.16.0/STM32CubeIDE/plugins/com.st.stm32cube.ide.mcu.externaltools.gnu-tools-for-stm32.12.3.rel1.win32_1.0.200.202406191623/tools/bin/../lib/gcc/arm-none-eabi/12.3.1/thumb/v7e-m+fp/hard\libgcc.a
LOAD C:/ST/STM32CubeIDE_1.16.0/STM32CubeIDE/plugins/com.st.stm32cube.ide.mcu.externaltools.gnu-tools-for-stm32.12.3.rel1.win32_1.0.200.202406191623/tools/bin/../lib/gcc/arm-none-eabi/12.3.1/../../../../arm-none-eabi/lib/thumb/v7e-m+fp/hard\libc_nano.a
LOAD C:/ST/STM32CubeIDE_1.16.0/STM32CubeIDE/plugins/com.st.stm32cube.ide.mcu.externaltools.gnu-tools-for-stm32.12.3.rel1.win32_1.0.200.202406191623/tools/bin/../lib/gcc/arm-none-eabi/12.3.1/../../../../arm-none-eabi/lib/thumb/v7e-m+fp/hard\libnosys.a
END GROUP
START GROUP
LOAD C:/ST/STM32CubeIDE_1.16.0/STM32CubeIDE/plugins/com.st.stm32cube.ide.mcu.externaltools.gnu-tools-for-stm32.12.3.rel1.win32_1.0.200.202406191623/tools/bin/../lib/gcc/arm-none-eabi/12.3.1/thumb/v7e-m+fp/hard\libgcc.a
LOAD C:/ST/STM32CubeIDE_1.16.0/STM32CubeIDE/plugins/com.st.stm32cube.ide.mcu.externaltools.gnu-tools-for-stm32.12.3.rel1.win32_1.0.200.202406191623/tools/bin/../lib/gcc/arm-none-eabi/12.3.1/../../../../arm-none-eabi/lib/thumb/v7e-m+fp/hard\libc_nano.a
LOAD C:/ST/STM32CubeIDE_1.16.0/STM32CubeIDE/plugins/com.st.stm32cube.ide.mcu.externaltools.gnu-tools-for-stm32.12.3.rel1.win32_1.0.200.202406191623/tools/bin/../lib/gcc/arm-none-eabi/12.3.1/../../../../arm-none-eabi/lib/thumb/v7e-m+fp/hard\libnosys.a
END GROUP
LOAD C:/ST/STM32CubeIDE_1.16.0/STM32CubeIDE/plugins/com.st.stm32cube.ide.mcu.externaltools.gnu-tools-for-stm32.12.3.rel1.win32_1.0.200.202406191623/tools/bin/../lib/gcc/arm-none-eabi/12.3.1/thumb/v7e-m+fp/hard/crtend.o
LOAD C:/ST/STM32CubeIDE_1.16.0/STM32CubeIDE/plugins/com.st.stm32cube.ide.mcu.externaltools.gnu-tools-for-stm32.12.3.rel1.win32_1.0.200.202406191623/tools/bin/../lib/gcc/arm-none-eabi/12.3.1/thumb/v7e-m+fp/hard/crtn.o
                0x20030000                        _estack = (ORIGIN (RAM) + LENGTH (RAM))
                0x00000200                        _Min_Heap_Size = 0x200
                0x00000400                        _Min_Stack_Size = 0x400

.isr_vector     0x08000000      0x1ac
                0x08000000                        . = ALIGN (0x4)
 *(.isr_vector)
 .isr_vector    0x08000000      0x1ac ./Core/Startup/startup_stm32f429zitx.o
                0x08000000                g_pfnVectors
                0x080001ac                        . = ALIGN (0x4)

.text           0x080001b0     0xd4c4
                0x080001b0                        . = ALIGN (0x4)
 *(.text)
 .text          0x080001b0       0x40 C:/ST/STM32CubeIDE_1.16.0/STM32CubeIDE/plugins/com.st.stm32cube.ide.mcu.externaltools.gnu-tools-for-stm32.12.3.rel1.win32_1.0.200.202406191623/tools/bin/../lib/gcc/arm-none-eabi/12.3.1/thumb/v7e-m+fp/hard/crtbegin.o
 .text          0x080001f0       0x30 C:/ST/STM32CubeIDE_1.16.0/STM32CubeIDE/plugins/com.st.stm32cube.ide.mcu.externaltools.gnu-tools-for-stm32.12.3.rel1.win32_1.0.200.202406191623/tools/bin/../lib/gcc/arm-none-eabi/12.3.1/thumb/v7e-m+fp/hard\libgcc.a(_aeabi_uldivmod.o)
                0x080001f0                __aeabi_uldivmod
 .text          0x08000220      0x2bc C:/ST/STM32CubeIDE_1.16.0/STM32CubeIDE/plugins/com.st.stm32cube.ide.mcu.externaltools.gnu-tools-for-stm32.12.3.rel1.win32_1.0.200.202406191623/tools/bin/../lib/gcc/arm-none-eabi/12.3.1/thumb/v7e-m+fp/hard\libgcc.a(_udivmoddi4.o)
                0x08000220                __udivmoddi4
 .text          0x080004dc        0x4 C:/ST/STM32CubeIDE_1.16.0/STM32CubeIDE/plugins/com.st.stm32cube.ide.mcu.externaltools.gnu-tools-for-stm32.12.3.rel1.win32_1.0.200.202406191623/tools/bin/../lib/gcc/arm-none-eabi/12.3.1/thumb/v7e-m+fp/hard\libgcc.a(_dvmd_tls.o)
                0x080004dc                __aeabi_idiv0
                0x080004dc                __aeabi_ldiv0
 *(.text*)
 .text.vApplicationIdleHook
                0x080004e0        0xe ./Core/Src/freertos.o
                0x080004e0                vApplicationIdleHook
 .text.vApplicationStackOverflowHook
                0x080004ee       0x16 ./Core/Src/freertos.o
                0x080004ee                vApplicationStackOverflowHook
 .text.vApplicationMallocFailedHook
                0x08000504        0xe ./Core/Src/freertos.o
                0x08000504                vApplicationMallocFailedHook
 *fill*         0x08000512        0x2 
 .text.vApplicationGetIdleTaskMemory
                0x08000514       0x34 ./Core/Src/freertos.o
                0x08000514                vApplicationGetIdleTaskMemory
 .text.main     0x08000548       0xa0 ./Core/Src/main.o
                0x08000548                main
 .text.SystemClock_Config
                0x080005e8       0xd4 ./Core/Src/main.o
                0x080005e8                SystemClock_Config
 .text.MX_CRC_Init
                0x080006bc       0x28 ./Core/Src/main.o
 .text.MX_DMA2D_Init
                0x080006e4       0x64 ./Core/Src/main.o
 .text.MX_I2C3_Init
                0x08000748       0x80 ./Core/Src/main.o
 .text.MX_LTDC_Init
                0x080007c8      0x100 ./Core/Src/main.o
 .text.MX_SPI5_Init
                0x080008c8       0x6c ./Core/Src/main.o
 .text.MX_TIM1_Init
                0x08000934       0xa0 ./Core/Src/main.o
 .text.MX_UART5_Init
                0x080009d4       0x54 ./Core/Src/main.o
 .text.MX_USART1_UART_Init
                0x08000a28       0x54 ./Core/Src/main.o
 .text.MX_FMC_Init
                0x08000a7c       0xa0 ./Core/Src/main.o
 .text.MX_GPIO_Init
                0x08000b1c      0x220 ./Core/Src/main.o
 .text.StartDefaultTask
                0x08000d3c       0x14 ./Core/Src/main.o
                0x08000d3c                StartDefaultTask
 .text.HAL_TIM_PeriodElapsedCallback
                0x08000d50       0x24 ./Core/Src/main.o
                0x08000d50                HAL_TIM_PeriodElapsedCallback
 .text.Error_Handler
                0x08000d74        0xc ./Core/Src/main.o
                0x08000d74                Error_Handler
 .text.HAL_MspInit
                0x08000d80       0x58 ./Core/Src/stm32f4xx_hal_msp.o
                0x08000d80                HAL_MspInit
 .text.HAL_CRC_MspInit
                0x08000dd8       0x44 ./Core/Src/stm32f4xx_hal_msp.o
                0x08000dd8                HAL_CRC_MspInit
 .text.HAL_DMA2D_MspInit
                0x08000e1c       0x50 ./Core/Src/stm32f4xx_hal_msp.o
                0x08000e1c                HAL_DMA2D_MspInit
 .text.HAL_I2C_MspInit
                0x08000e6c       0xd4 ./Core/Src/stm32f4xx_hal_msp.o
                0x08000e6c                HAL_I2C_MspInit
 .text.HAL_LTDC_MspInit
                0x08000f40      0x260 ./Core/Src/stm32f4xx_hal_msp.o
                0x08000f40                HAL_LTDC_MspInit
 .text.HAL_SPI_MspInit
                0x080011a0       0x90 ./Core/Src/stm32f4xx_hal_msp.o
                0x080011a0                HAL_SPI_MspInit
 .text.HAL_TIM_Base_MspInit
                0x08001230       0x44 ./Core/Src/stm32f4xx_hal_msp.o
                0x08001230                HAL_TIM_Base_MspInit
 .text.HAL_UART_MspInit
                0x08001274      0x140 ./Core/Src/stm32f4xx_hal_msp.o
                0x08001274                HAL_UART_MspInit
 .text.HAL_FMC_MspInit
                0x080013b4      0x124 ./Core/Src/stm32f4xx_hal_msp.o
 .text.HAL_SDRAM_MspInit
                0x080014d8       0x14 ./Core/Src/stm32f4xx_hal_msp.o
                0x080014d8                HAL_SDRAM_MspInit
 .text.HAL_InitTick
                0x080014ec       0xf8 ./Core/Src/stm32f4xx_hal_timebase_tim.o
                0x080014ec                HAL_InitTick
 .text.NMI_Handler
                0x080015e4        0x8 ./Core/Src/stm32f4xx_it.o
                0x080015e4                NMI_Handler
 .text.HardFault_Handler
                0x080015ec        0x8 ./Core/Src/stm32f4xx_it.o
                0x080015ec                HardFault_Handler
 .text.MemManage_Handler
                0x080015f4        0x8 ./Core/Src/stm32f4xx_it.o
                0x080015f4                MemManage_Handler
 .text.BusFault_Handler
                0x080015fc        0x8 ./Core/Src/stm32f4xx_it.o
                0x080015fc                BusFault_Handler
 .text.UsageFault_Handler
                0x08001604        0x8 ./Core/Src/stm32f4xx_it.o
                0x08001604                UsageFault_Handler
 .text.DebugMon_Handler
                0x0800160c        0xe ./Core/Src/stm32f4xx_it.o
                0x0800160c                DebugMon_Handler
 *fill*         0x0800161a        0x2 
 .text.TIM6_DAC_IRQHandler
                0x0800161c       0x14 ./Core/Src/stm32f4xx_it.o
                0x0800161c                TIM6_DAC_IRQHandler
 .text.OTG_HS_IRQHandler
                0x08001630       0x14 ./Core/Src/stm32f4xx_it.o
                0x08001630                OTG_HS_IRQHandler
 .text.LTDC_IRQHandler
                0x08001644       0x14 ./Core/Src/stm32f4xx_it.o
                0x08001644                LTDC_IRQHandler
 .text.DMA2D_IRQHandler
                0x08001658       0x14 ./Core/Src/stm32f4xx_it.o
                0x08001658                DMA2D_IRQHandler
 .text._sbrk    0x0800166c       0x6c ./Core/Src/sysmem.o
                0x0800166c                _sbrk
 .text.SystemInit
                0x080016d8       0x24 ./Core/Src/system_stm32f4xx.o
                0x080016d8                SystemInit
 .text.Reset_Handler
                0x080016fc       0x50 ./Core/Startup/startup_stm32f429zitx.o
                0x080016fc                Reset_Handler
 .text.Default_Handler
                0x0800174c        0x2 ./Core/Startup/startup_stm32f429zitx.o
                0x0800174c                RTC_Alarm_IRQHandler
                0x0800174c                HASH_RNG_IRQHandler
                0x0800174c                EXTI2_IRQHandler
                0x0800174c                TIM8_CC_IRQHandler
                0x0800174c                UART8_IRQHandler
                0x0800174c                SPI4_IRQHandler
                0x0800174c                TIM1_CC_IRQHandler
                0x0800174c                DMA2_Stream5_IRQHandler
                0x0800174c                DMA1_Stream5_IRQHandler
                0x0800174c                PVD_IRQHandler
                0x0800174c                SDIO_IRQHandler
                0x0800174c                TAMP_STAMP_IRQHandler
                0x0800174c                CAN2_RX1_IRQHandler
                0x0800174c                EXTI3_IRQHandler
                0x0800174c                TIM8_TRG_COM_TIM14_IRQHandler
                0x0800174c                TIM1_UP_TIM10_IRQHandler
                0x0800174c                TIM8_UP_TIM13_IRQHandler
                0x0800174c                I2C3_ER_IRQHandler
                0x0800174c                EXTI0_IRQHandler
                0x0800174c                I2C2_EV_IRQHandler
                0x0800174c                DMA1_Stream2_IRQHandler
                0x0800174c                CAN1_RX0_IRQHandler
                0x0800174c                FPU_IRQHandler
                0x0800174c                OTG_HS_WKUP_IRQHandler
                0x0800174c                LTDC_ER_IRQHandler
                0x0800174c                CAN2_SCE_IRQHandler
                0x0800174c                DMA2_Stream2_IRQHandler
                0x0800174c                SPI1_IRQHandler
                0x0800174c                TIM1_BRK_TIM9_IRQHandler
                0x0800174c                DCMI_IRQHandler
                0x0800174c                CAN2_RX0_IRQHandler
                0x0800174c                DMA2_Stream3_IRQHandler
                0x0800174c                USART6_IRQHandler
                0x0800174c                USART3_IRQHandler
                0x0800174c                CAN1_RX1_IRQHandler
                0x0800174c                UART5_IRQHandler
                0x0800174c                DMA2_Stream0_IRQHandler
                0x0800174c                TIM4_IRQHandler
                0x0800174c                I2C1_EV_IRQHandler
                0x0800174c                DMA1_Stream6_IRQHandler
                0x0800174c                DMA1_Stream1_IRQHandler
                0x0800174c                UART4_IRQHandler
                0x0800174c                TIM3_IRQHandler
                0x0800174c                RCC_IRQHandler
                0x0800174c                TIM8_BRK_TIM12_IRQHandler
                0x0800174c                Default_Handler
                0x0800174c                EXTI15_10_IRQHandler
                0x0800174c                ADC_IRQHandler
                0x0800174c                DMA1_Stream7_IRQHandler
                0x0800174c                SPI5_IRQHandler
                0x0800174c                TIM7_IRQHandler
                0x0800174c                CAN2_TX_IRQHandler
                0x0800174c                TIM5_IRQHandler
                0x0800174c                DMA2_Stream7_IRQHandler
                0x0800174c                I2C3_EV_IRQHandler
                0x0800174c                EXTI9_5_IRQHandler
                0x0800174c                RTC_WKUP_IRQHandler
                0x0800174c                ETH_WKUP_IRQHandler
                0x0800174c                SPI2_IRQHandler
                0x0800174c                OTG_HS_EP1_IN_IRQHandler
                0x0800174c                DMA1_Stream0_IRQHandler
                0x0800174c                CAN1_TX_IRQHandler
                0x0800174c                EXTI4_IRQHandler
                0x0800174c                ETH_IRQHandler
                0x0800174c                OTG_HS_EP1_OUT_IRQHandler
                0x0800174c                WWDG_IRQHandler
                0x0800174c                SPI6_IRQHandler
                0x0800174c                TIM2_IRQHandler
                0x0800174c                OTG_FS_WKUP_IRQHandler
                0x0800174c                TIM1_TRG_COM_TIM11_IRQHandler
                0x0800174c                EXTI1_IRQHandler
                0x0800174c                UART7_IRQHandler
                0x0800174c                USART2_IRQHandler
                0x0800174c                I2C2_ER_IRQHandler
                0x0800174c                DMA2_Stream1_IRQHandler
                0x0800174c                CAN1_SCE_IRQHandler
                0x0800174c                FLASH_IRQHandler
                0x0800174c                DMA2_Stream4_IRQHandler
                0x0800174c                USART1_IRQHandler
                0x0800174c                OTG_FS_IRQHandler
                0x0800174c                SPI3_IRQHandler
                0x0800174c                DMA1_Stream4_IRQHandler
                0x0800174c                I2C1_ER_IRQHandler
                0x0800174c                FMC_IRQHandler
                0x0800174c                DMA2_Stream6_IRQHandler
                0x0800174c                SAI1_IRQHandler
                0x0800174c                DMA1_Stream3_IRQHandler
 *fill*         0x0800174e        0x2 
 .text.HAL_Init
                0x08001750       0x44 ./Drivers/STM32F4xx_HAL_Driver/Src/stm32f4xx_hal.o
                0x08001750                HAL_Init
 .text.HAL_IncTick
                0x08001794       0x28 ./Drivers/STM32F4xx_HAL_Driver/Src/stm32f4xx_hal.o
                0x08001794                HAL_IncTick
 .text.HAL_GetTick
                0x080017bc       0x18 ./Drivers/STM32F4xx_HAL_Driver/Src/stm32f4xx_hal.o
                0x080017bc                HAL_GetTick
 .text.HAL_Delay
                0x080017d4       0x48 ./Drivers/STM32F4xx_HAL_Driver/Src/stm32f4xx_hal.o
                0x080017d4                HAL_Delay
 .text.__NVIC_SetPriorityGrouping
                0x0800181c       0x48 ./Drivers/STM32F4xx_HAL_Driver/Src/stm32f4xx_hal_cortex.o
 .text.__NVIC_GetPriorityGrouping
                0x08001864       0x1c ./Drivers/STM32F4xx_HAL_Driver/Src/stm32f4xx_hal_cortex.o
 .text.__NVIC_EnableIRQ
                0x08001880       0x3c ./Drivers/STM32F4xx_HAL_Driver/Src/stm32f4xx_hal_cortex.o
 .text.__NVIC_SetPriority
                0x080018bc       0x54 ./Drivers/STM32F4xx_HAL_Driver/Src/stm32f4xx_hal_cortex.o
 .text.NVIC_EncodePriority
                0x08001910       0x66 ./Drivers/STM32F4xx_HAL_Driver/Src/stm32f4xx_hal_cortex.o
 .text.HAL_NVIC_SetPriorityGrouping
                0x08001976       0x16 ./Drivers/STM32F4xx_HAL_Driver/Src/stm32f4xx_hal_cortex.o
                0x08001976                HAL_NVIC_SetPriorityGrouping
 .text.HAL_NVIC_SetPriority
                0x0800198c       0x38 ./Drivers/STM32F4xx_HAL_Driver/Src/stm32f4xx_hal_cortex.o
                0x0800198c                HAL_NVIC_SetPriority
 .text.HAL_NVIC_EnableIRQ
                0x080019c4       0x1c ./Drivers/STM32F4xx_HAL_Driver/Src/stm32f4xx_hal_cortex.o
                0x080019c4                HAL_NVIC_EnableIRQ
 .text.HAL_CRC_Init
                0x080019e0       0x38 ./Drivers/STM32F4xx_HAL_Driver/Src/stm32f4xx_hal_crc.o
                0x080019e0                HAL_CRC_Init
 .text.HAL_DMA2D_Init
                0x08001a18       0x92 ./Drivers/STM32F4xx_HAL_Driver/Src/stm32f4xx_hal_dma2d.o
                0x08001a18                HAL_DMA2D_Init
 .text.HAL_DMA2D_IRQHandler
                0x08001aaa      0x1f8 ./Drivers/STM32F4xx_HAL_Driver/Src/stm32f4xx_hal_dma2d.o
                0x08001aaa                HAL_DMA2D_IRQHandler
 .text.HAL_DMA2D_LineEventCallback
                0x08001ca2       0x14 ./Drivers/STM32F4xx_HAL_Driver/Src/stm32f4xx_hal_dma2d.o
                0x08001ca2                HAL_DMA2D_LineEventCallback
 .text.HAL_DMA2D_CLUTLoadingCpltCallback
                0x08001cb6       0x14 ./Drivers/STM32F4xx_HAL_Driver/Src/stm32f4xx_hal_dma2d.o
                0x08001cb6                HAL_DMA2D_CLUTLoadingCpltCallback
 *fill*         0x08001cca        0x2 
 .text.HAL_DMA2D_ConfigLayer
                0x08001ccc      0x124 ./Drivers/STM32F4xx_HAL_Driver/Src/stm32f4xx_hal_dma2d.o
                0x08001ccc                HAL_DMA2D_ConfigLayer
 .text.HAL_GPIO_Init
                0x08001df0      0x358 ./Drivers/STM32F4xx_HAL_Driver/Src/stm32f4xx_hal_gpio.o
                0x08001df0                HAL_GPIO_Init
 .text.HAL_GPIO_WritePin
                0x08002148       0x32 ./Drivers/STM32F4xx_HAL_Driver/Src/stm32f4xx_hal_gpio.o
                0x08002148                HAL_GPIO_WritePin
 .text.HAL_HCD_Init
                0x0800217a       0xce ./Drivers/STM32F4xx_HAL_Driver/Src/stm32f4xx_hal_hcd.o
                0x0800217a                HAL_HCD_Init
 .text.HAL_HCD_HC_Init
                0x08002248      0x170 ./Drivers/STM32F4xx_HAL_Driver/Src/stm32f4xx_hal_hcd.o
                0x08002248                HAL_HCD_HC_Init
 .text.HAL_HCD_HC_Halt
                0x080023b8       0x46 ./Drivers/STM32F4xx_HAL_Driver/Src/stm32f4xx_hal_hcd.o
                0x080023b8                HAL_HCD_HC_Halt
 *fill*         0x080023fe        0x2 
 .text.HAL_HCD_HC_SubmitRequest
                0x08002400      0x33c ./Drivers/STM32F4xx_HAL_Driver/Src/stm32f4xx_hal_hcd.o
                0x08002400                HAL_HCD_HC_SubmitRequest
 .text.HAL_HCD_IRQHandler
                0x0800273c      0x220 ./Drivers/STM32F4xx_HAL_Driver/Src/stm32f4xx_hal_hcd.o
                0x0800273c                HAL_HCD_IRQHandler
 .text.HAL_HCD_Start
                0x0800295c       0x46 ./Drivers/STM32F4xx_HAL_Driver/Src/stm32f4xx_hal_hcd.o
                0x0800295c                HAL_HCD_Start
 .text.HAL_HCD_Stop
                0x080029a2       0x3a ./Drivers/STM32F4xx_HAL_Driver/Src/stm32f4xx_hal_hcd.o
                0x080029a2                HAL_HCD_Stop
 .text.HAL_HCD_ResetPort
                0x080029dc       0x1c ./Drivers/STM32F4xx_HAL_Driver/Src/stm32f4xx_hal_hcd.o
                0x080029dc                HAL_HCD_ResetPort
 .text.HAL_HCD_HC_GetURBState
                0x080029f8       0x2a ./Drivers/STM32F4xx_HAL_Driver/Src/stm32f4xx_hal_hcd.o
                0x080029f8                HAL_HCD_HC_GetURBState
 .text.HAL_HCD_HC_GetXferCount
                0x08002a22       0x2a ./Drivers/STM32F4xx_HAL_Driver/Src/stm32f4xx_hal_hcd.o
                0x08002a22                HAL_HCD_HC_GetXferCount
 .text.HAL_HCD_GetCurrentFrame
                0x08002a4c       0x1c ./Drivers/STM32F4xx_HAL_Driver/Src/stm32f4xx_hal_hcd.o
                0x08002a4c                HAL_HCD_GetCurrentFrame
 .text.HAL_HCD_GetCurrentSpeed
                0x08002a68       0x1c ./Drivers/STM32F4xx_HAL_Driver/Src/stm32f4xx_hal_hcd.o
                0x08002a68                HAL_HCD_GetCurrentSpeed
 .text.HAL_HCD_HC_ClearHubInfo
                0x08002a84       0x6a ./Drivers/STM32F4xx_HAL_Driver/Src/stm32f4xx_hal_hcd.o
                0x08002a84                HAL_HCD_HC_ClearHubInfo
 .text.HCD_HC_IN_IRQHandler
                0x08002aee      0xcd2 ./Drivers/STM32F4xx_HAL_Driver/Src/stm32f4xx_hal_hcd.o
 .text.HCD_HC_OUT_IRQHandler
                0x080037c0      0x97e ./Drivers/STM32F4xx_HAL_Driver/Src/stm32f4xx_hal_hcd.o
 .text.HCD_RXQLVL_IRQHandler
                0x0800413e      0x1be ./Drivers/STM32F4xx_HAL_Driver/Src/stm32f4xx_hal_hcd.o
 .text.HCD_Port_IRQHandler
                0x080042fc       0xe6 ./Drivers/STM32F4xx_HAL_Driver/Src/stm32f4xx_hal_hcd.o
 *fill*         0x080043e2        0x2 
 .text.HAL_I2C_Init
                0x080043e4      0x288 ./Drivers/STM32F4xx_HAL_Driver/Src/stm32f4xx_hal_i2c.o
                0x080043e4                HAL_I2C_Init
 .text.HAL_I2CEx_ConfigAnalogFilter
                0x0800466c       0x78 ./Drivers/STM32F4xx_HAL_Driver/Src/stm32f4xx_hal_i2c_ex.o
                0x0800466c                HAL_I2CEx_ConfigAnalogFilter
 .text.HAL_I2CEx_ConfigDigitalFilter
                0x080046e4       0x7e ./Drivers/STM32F4xx_HAL_Driver/Src/stm32f4xx_hal_i2c_ex.o
                0x080046e4                HAL_I2CEx_ConfigDigitalFilter
 *fill*         0x08004762        0x2 
 .text.HAL_LTDC_Init
                0x08004764      0x1a0 ./Drivers/STM32F4xx_HAL_Driver/Src/stm32f4xx_hal_ltdc.o
                0x08004764                HAL_LTDC_Init
 .text.HAL_LTDC_IRQHandler
                0x08004904      0x148 ./Drivers/STM32F4xx_HAL_Driver/Src/stm32f4xx_hal_ltdc.o
                0x08004904                HAL_LTDC_IRQHandler
 .text.HAL_LTDC_ErrorCallback
                0x08004a4c       0x14 ./Drivers/STM32F4xx_HAL_Driver/Src/stm32f4xx_hal_ltdc.o
                0x08004a4c                HAL_LTDC_ErrorCallback
 .text.HAL_LTDC_LineEventCallback
                0x08004a60       0x14 ./Drivers/STM32F4xx_HAL_Driver/Src/stm32f4xx_hal_ltdc.o
                0x08004a60                HAL_LTDC_LineEventCallback
 .text.HAL_LTDC_ReloadEventCallback
                0x08004a74       0x14 ./Drivers/STM32F4xx_HAL_Driver/Src/stm32f4xx_hal_ltdc.o
                0x08004a74                HAL_LTDC_ReloadEventCallback
 .text.HAL_LTDC_ConfigLayer
                0x08004a88       0x7c ./Drivers/STM32F4xx_HAL_Driver/Src/stm32f4xx_hal_ltdc.o
                0x08004a88                HAL_LTDC_ConfigLayer
 .text.LTDC_SetConfig
                0x08004b04      0x32e ./Drivers/STM32F4xx_HAL_Driver/Src/stm32f4xx_hal_ltdc.o
 *fill*         0x08004e32        0x2 
 .text.HAL_RCC_OscConfig
                0x08004e34      0x4f0 ./Drivers/STM32F4xx_HAL_Driver/Src/stm32f4xx_hal_rcc.o
                0x08004e34                HAL_RCC_OscConfig
 .text.HAL_RCC_ClockConfig
                0x08005324      0x1cc ./Drivers/STM32F4xx_HAL_Driver/Src/stm32f4xx_hal_rcc.o
                0x08005324                HAL_RCC_ClockConfig
 .text.HAL_RCC_GetSysClockFreq
                0x080054f0      0x20c ./Drivers/STM32F4xx_HAL_Driver/Src/stm32f4xx_hal_rcc.o
                0x080054f0                HAL_RCC_GetSysClockFreq
 .text.HAL_RCC_GetHCLKFreq
                0x080056fc       0x18 ./Drivers/STM32F4xx_HAL_Driver/Src/stm32f4xx_hal_rcc.o
                0x080056fc                HAL_RCC_GetHCLKFreq
 .text.HAL_RCC_GetPCLK1Freq
                0x08005714       0x28 ./Drivers/STM32F4xx_HAL_Driver/Src/stm32f4xx_hal_rcc.o
                0x08005714                HAL_RCC_GetPCLK1Freq
 .text.HAL_RCC_GetPCLK2Freq
                0x0800573c       0x28 ./Drivers/STM32F4xx_HAL_Driver/Src/stm32f4xx_hal_rcc.o
                0x0800573c                HAL_RCC_GetPCLK2Freq
 .text.HAL_RCC_GetClockConfig
                0x08005764       0x64 ./Drivers/STM32F4xx_HAL_Driver/Src/stm32f4xx_hal_rcc.o
                0x08005764                HAL_RCC_GetClockConfig
 .text.HAL_RCCEx_PeriphCLKConfig
                0x080057c8      0x380 ./Drivers/STM32F4xx_HAL_Driver/Src/stm32f4xx_hal_rcc_ex.o
                0x080057c8                HAL_RCCEx_PeriphCLKConfig
 .text.HAL_SDRAM_Init
                0x08005b48       0x68 ./Drivers/STM32F4xx_HAL_Driver/Src/stm32f4xx_hal_sdram.o
                0x08005b48                HAL_SDRAM_Init
 .text.HAL_SPI_Init
                0x08005bb0      0x112 ./Drivers/STM32F4xx_HAL_Driver/Src/stm32f4xx_hal_spi.o
                0x08005bb0                HAL_SPI_Init
 .text.HAL_TIM_Base_Init
                0x08005cc2       0x9e ./Drivers/STM32F4xx_HAL_Driver/Src/stm32f4xx_hal_tim.o
                0x08005cc2                HAL_TIM_Base_Init
 .text.HAL_TIM_Base_Start_IT
                0x08005d60       0xe0 ./Drivers/STM32F4xx_HAL_Driver/Src/stm32f4xx_hal_tim.o
                0x08005d60                HAL_TIM_Base_Start_IT
 .text.HAL_TIM_IRQHandler
                0x08005e40      0x1e0 ./Drivers/STM32F4xx_HAL_Driver/Src/stm32f4xx_hal_tim.o
                0x08005e40                HAL_TIM_IRQHandler
 .text.HAL_TIM_ConfigClockSource
                0x08006020      0x18e ./Drivers/STM32F4xx_HAL_Driver/Src/stm32f4xx_hal_tim.o
                0x08006020                HAL_TIM_ConfigClockSource
 .text.HAL_TIM_OC_DelayElapsedCallback
                0x080061ae       0x14 ./Drivers/STM32F4xx_HAL_Driver/Src/stm32f4xx_hal_tim.o
                0x080061ae                HAL_TIM_OC_DelayElapsedCallback
 .text.HAL_TIM_IC_CaptureCallback
                0x080061c2       0x14 ./Drivers/STM32F4xx_HAL_Driver/Src/stm32f4xx_hal_tim.o
                0x080061c2                HAL_TIM_IC_CaptureCallback
 .text.HAL_TIM_PWM_PulseFinishedCallback
                0x080061d6       0x14 ./Drivers/STM32F4xx_HAL_Driver/Src/stm32f4xx_hal_tim.o
                0x080061d6                HAL_TIM_PWM_PulseFinishedCallback
 .text.HAL_TIM_TriggerCallback
                0x080061ea       0x14 ./Drivers/STM32F4xx_HAL_Driver/Src/stm32f4xx_hal_tim.o
                0x080061ea                HAL_TIM_TriggerCallback
 *fill*         0x080061fe        0x2 
 .text.TIM_Base_SetConfig
                0x08006200      0x158 ./Drivers/STM32F4xx_HAL_Driver/Src/stm32f4xx_hal_tim.o
                0x08006200                TIM_Base_SetConfig
 .text.TIM_TI1_ConfigInputStage
                0x08006358       0x5e ./Drivers/STM32F4xx_HAL_Driver/Src/stm32f4xx_hal_tim.o
 .text.TIM_TI2_ConfigInputStage
                0x080063b6       0x60 ./Drivers/STM32F4xx_HAL_Driver/Src/stm32f4xx_hal_tim.o
 .text.TIM_ITRx_SetConfig
                0x08006416       0x36 ./Drivers/STM32F4xx_HAL_Driver/Src/stm32f4xx_hal_tim.o
 .text.TIM_ETR_SetConfig
                0x0800644c       0x40 ./Drivers/STM32F4xx_HAL_Driver/Src/stm32f4xx_hal_tim.o
                0x0800644c                TIM_ETR_SetConfig
 .text.HAL_TIMEx_MasterConfigSynchronization
                0x0800648c       0xf8 ./Drivers/STM32F4xx_HAL_Driver/Src/stm32f4xx_hal_tim_ex.o
                0x0800648c                HAL_TIMEx_MasterConfigSynchronization
 .text.HAL_TIMEx_CommutCallback
                0x08006584       0x14 ./Drivers/STM32F4xx_HAL_Driver/Src/stm32f4xx_hal_tim_ex.o
                0x08006584                HAL_TIMEx_CommutCallback
 .text.HAL_TIMEx_BreakCallback
                0x08006598       0x14 ./Drivers/STM32F4xx_HAL_Driver/Src/stm32f4xx_hal_tim_ex.o
                0x08006598                HAL_TIMEx_BreakCallback
 .text.HAL_UART_Init
                0x080065ac       0xa0 ./Drivers/STM32F4xx_HAL_Driver/Src/stm32f4xx_hal_uart.o
                0x080065ac                HAL_UART_Init
 .text.HAL_UART_Transmit
                0x0800664c      0x116 ./Drivers/STM32F4xx_HAL_Driver/Src/stm32f4xx_hal_uart.o
                0x0800664c                HAL_UART_Transmit
 .text.UART_WaitOnFlagUntilTimeout
                0x08006762       0xb2 ./Drivers/STM32F4xx_HAL_Driver/Src/stm32f4xx_hal_uart.o
 .text.UART_EndRxTransfer
                0x08006814       0xc6 ./Drivers/STM32F4xx_HAL_Driver/Src/stm32f4xx_hal_uart.o
 *fill*         0x080068da        0x2 
 .text.UART_SetConfig
                0x080068dc      0x4e8 ./Drivers/STM32F4xx_HAL_Driver/Src/stm32f4xx_hal_uart.o
 .text.FMC_SDRAM_Init
                0x08006dc4       0xba ./Drivers/STM32F4xx_HAL_Driver/Src/stm32f4xx_ll_fmc.o
                0x08006dc4                FMC_SDRAM_Init
 .text.FMC_SDRAM_Timing_Init
                0x08006e7e       0xd2 ./Drivers/STM32F4xx_HAL_Driver/Src/stm32f4xx_ll_fmc.o
                0x08006e7e                FMC_SDRAM_Timing_Init
 .text.USB_CoreInit
                0x08006f50       0xc8 ./Drivers/STM32F4xx_HAL_Driver/Src/stm32f4xx_ll_usb.o
                0x08006f50                USB_CoreInit
 .text.USB_EnableGlobalInt
                0x08007018       0x22 ./Drivers/STM32F4xx_HAL_Driver/Src/stm32f4xx_ll_usb.o
                0x08007018                USB_EnableGlobalInt
 .text.USB_DisableGlobalInt
                0x0800703a       0x22 ./Drivers/STM32F4xx_HAL_Driver/Src/stm32f4xx_ll_usb.o
                0x0800703a                USB_DisableGlobalInt
 .text.USB_SetCurrentMode
                0x0800705c       0x98 ./Drivers/STM32F4xx_HAL_Driver/Src/stm32f4xx_ll_usb.o
                0x0800705c                USB_SetCurrentMode
 .text.USB_FlushTxFifo
                0x080070f4       0x64 ./Drivers/STM32F4xx_HAL_Driver/Src/stm32f4xx_ll_usb.o
                0x080070f4                USB_FlushTxFifo
 .text.USB_FlushRxFifo
                0x08007158       0x5c ./Drivers/STM32F4xx_HAL_Driver/Src/stm32f4xx_ll_usb.o
                0x08007158                USB_FlushRxFifo
 .text.USB_WritePacket
                0x080071b4       0x7c ./Drivers/STM32F4xx_HAL_Driver/Src/stm32f4xx_ll_usb.o
                0x080071b4                USB_WritePacket
 .text.USB_ReadPacket
                0x08007230       0xb0 ./Drivers/STM32F4xx_HAL_Driver/Src/stm32f4xx_ll_usb.o
                0x08007230                USB_ReadPacket
 .text.USB_ReadInterrupts
                0x080072e0       0x26 ./Drivers/STM32F4xx_HAL_Driver/Src/stm32f4xx_ll_usb.o
                0x080072e0                USB_ReadInterrupts
 .text.USB_ReadChInterrupts
                0x08007306       0x42 ./Drivers/STM32F4xx_HAL_Driver/Src/stm32f4xx_ll_usb.o
                0x08007306                USB_ReadChInterrupts
 .text.USB_GetMode
                0x08007348       0x1c ./Drivers/STM32F4xx_HAL_Driver/Src/stm32f4xx_ll_usb.o
                0x08007348                USB_GetMode
 .text.USB_CoreReset
                0x08007364       0x62 ./Drivers/STM32F4xx_HAL_Driver/Src/stm32f4xx_ll_usb.o
 *fill*         0x080073c6        0x2 
 .text.USB_HostInit
                0x080073c8      0x188 ./Drivers/STM32F4xx_HAL_Driver/Src/stm32f4xx_ll_usb.o
                0x080073c8                USB_HostInit
 .text.USB_InitFSLSPClkSel
                0x08007550       0x7a ./Drivers/STM32F4xx_HAL_Driver/Src/stm32f4xx_ll_usb.o
                0x08007550                USB_InitFSLSPClkSel
 .text.USB_ResetPort
                0x080075ca       0x54 ./Drivers/STM32F4xx_HAL_Driver/Src/stm32f4xx_ll_usb.o
                0x080075ca                USB_ResetPort
 .text.USB_DriveVbus
                0x0800761e       0x72 ./Drivers/STM32F4xx_HAL_Driver/Src/stm32f4xx_ll_usb.o
                0x0800761e                USB_DriveVbus
 .text.USB_GetHostSpeed
                0x08007690       0x2e ./Drivers/STM32F4xx_HAL_Driver/Src/stm32f4xx_ll_usb.o
                0x08007690                USB_GetHostSpeed
 .text.USB_GetCurrentFrame
                0x080076be       0x22 ./Drivers/STM32F4xx_HAL_Driver/Src/stm32f4xx_ll_usb.o
                0x080076be                USB_GetCurrentFrame
 .text.USB_HC_Init
                0x080076e0      0x258 ./Drivers/STM32F4xx_HAL_Driver/Src/stm32f4xx_ll_usb.o
                0x080076e0                USB_HC_Init
 .text.USB_HC_StartXfer
                0x08007938      0x4f4 ./Drivers/STM32F4xx_HAL_Driver/Src/stm32f4xx_ll_usb.o
                0x08007938                USB_HC_StartXfer
 .text.USB_HC_ReadInterrupt
                0x08007e2c       0x22 ./Drivers/STM32F4xx_HAL_Driver/Src/stm32f4xx_ll_usb.o
                0x08007e2c                USB_HC_ReadInterrupt
 .text.USB_HC_Halt
                0x08007e4e      0x240 ./Drivers/STM32F4xx_HAL_Driver/Src/stm32f4xx_ll_usb.o
                0x08007e4e                USB_HC_Halt
 *fill*         0x0800808e        0x2 
 .text.USB_DoPing
                0x08008090       0x78 ./Drivers/STM32F4xx_HAL_Driver/Src/stm32f4xx_ll_usb.o
                0x08008090                USB_DoPing
 .text.USB_StopHost
                0x08008108      0x124 ./Drivers/STM32F4xx_HAL_Driver/Src/stm32f4xx_ll_usb.o
                0x08008108                USB_StopHost
 .text.USBH_CDC_InterfaceInit
                0x0800822c      0x2ac ./Middlewares/ST/STM32_USB_Host_Library/Class/CDC/Src/usbh_cdc.o
 .text.USBH_CDC_InterfaceDeInit
                0x080084d8       0xb2 ./Middlewares/ST/STM32_USB_Host_Library/Class/CDC/Src/usbh_cdc.o
 .text.USBH_CDC_ClassRequest
                0x0800858a       0x3e ./Middlewares/ST/STM32_USB_Host_Library/Class/CDC/Src/usbh_cdc.o
 .text.USBH_CDC_Process
                0x080085c8      0x12c ./Middlewares/ST/STM32_USB_Host_Library/Class/CDC/Src/usbh_cdc.o
 .text.USBH_CDC_SOFProcess
                0x080086f4       0x16 ./Middlewares/ST/STM32_USB_Host_Library/Class/CDC/Src/usbh_cdc.o
 .text.GetLineCoding
                0x0800870a       0x3e ./Middlewares/ST/STM32_USB_Host_Library/Class/CDC/Src/usbh_cdc.o
 .text.SetLineCoding
                0x08008748       0x3e ./Middlewares/ST/STM32_USB_Host_Library/Class/CDC/Src/usbh_cdc.o
 .text.CDC_ProcessTransmission
                0x08008786      0x124 ./Middlewares/ST/STM32_USB_Host_Library/Class/CDC/Src/usbh_cdc.o
 .text.CDC_ProcessReception
                0x080088aa       0xd2 ./Middlewares/ST/STM32_USB_Host_Library/Class/CDC/Src/usbh_cdc.o
 .text.USBH_CDC_TransmitCallback
                0x0800897c       0x14 ./Middlewares/ST/STM32_USB_Host_Library/Class/CDC/Src/usbh_cdc.o
                0x0800897c                USBH_CDC_TransmitCallback
 .text.USBH_CDC_ReceiveCallback
                0x08008990       0x14 ./Middlewares/ST/STM32_USB_Host_Library/Class/CDC/Src/usbh_cdc.o
                0x08008990                USBH_CDC_ReceiveCallback
 .text.USBH_CDC_LineCodingChanged
                0x080089a4       0x14 ./Middlewares/ST/STM32_USB_Host_Library/Class/CDC/Src/usbh_cdc.o
                0x080089a4                USBH_CDC_LineCodingChanged
 .text.USBH_Init
                0x080089b8       0xc4 ./Middlewares/ST/STM32_USB_Host_Library/Core/Src/usbh_core.o
                0x080089b8                USBH_Init
 .text.DeInitStateMachine
                0x08008a7c       0xe6 ./Middlewares/ST/STM32_USB_Host_Library/Core/Src/usbh_core.o
 .text.USBH_RegisterClass
                0x08008b62       0x54 ./Middlewares/ST/STM32_USB_Host_Library/Core/Src/usbh_core.o
                0x08008b62                USBH_RegisterClass
 .text.USBH_SelectInterface
                0x08008bb6       0x38 ./Middlewares/ST/STM32_USB_Host_Library/Core/Src/usbh_core.o
                0x08008bb6                USBH_SelectInterface
 .text.USBH_FindInterface
                0x08008bee       0x8c ./Middlewares/ST/STM32_USB_Host_Library/Core/Src/usbh_core.o
                0x08008bee                USBH_FindInterface
 .text.USBH_Start
                0x08008c7a       0x20 ./Middlewares/ST/STM32_USB_Host_Library/Core/Src/usbh_core.o
                0x08008c7a                USBH_Start
 *fill*         0x08008c9a        0x2 
 .text.USBH_Process
                0x08008c9c      0x4d4 ./Middlewares/ST/STM32_USB_Host_Library/Core/Src/usbh_core.o
                0x08008c9c                USBH_Process
 .text.USBH_HandleEnum
                0x08009170      0x450 ./Middlewares/ST/STM32_USB_Host_Library/Core/Src/usbh_core.o
 .text.USBH_LL_SetTimer
                0x080095c0       0x1e ./Middlewares/ST/STM32_USB_Host_Library/Core/Src/usbh_core.o
                0x080095c0                USBH_LL_SetTimer
 .text.USBH_LL_IncTimer
                0x080095de       0x24 ./Middlewares/ST/STM32_USB_Host_Library/Core/Src/usbh_core.o
                0x080095de                USBH_LL_IncTimer
 .text.USBH_HandleSof
                0x08009602       0x30 ./Middlewares/ST/STM32_USB_Host_Library/Core/Src/usbh_core.o
 .text.USBH_LL_PortEnabled
                0x08009632       0x34 ./Middlewares/ST/STM32_USB_Host_Library/Core/Src/usbh_core.o
                0x08009632                USBH_LL_PortEnabled
 .text.USBH_LL_PortDisabled
                0x08009666       0x1c ./Middlewares/ST/STM32_USB_Host_Library/Core/Src/usbh_core.o
                0x08009666                USBH_LL_PortDisabled
 .text.USBH_LL_Connect
                0x08009682       0x46 ./Middlewares/ST/STM32_USB_Host_Library/Core/Src/usbh_core.o
                0x08009682                USBH_LL_Connect
 .text.USBH_LL_Disconnect
                0x080096c8       0x64 ./Middlewares/ST/STM32_USB_Host_Library/Core/Src/usbh_core.o
                0x080096c8                USBH_LL_Disconnect
 .text.USBH_Process_OS
                0x0800972c       0x2a ./Middlewares/ST/STM32_USB_Host_Library/Core/Src/usbh_core.o
 .text.USBH_LL_NotifyURBChange
                0x08009756       0x2e ./Middlewares/ST/STM32_USB_Host_Library/Core/Src/usbh_core.o
                0x08009756                USBH_LL_NotifyURBChange
 .text.USBH_Get_DevDesc
                0x08009784       0x58 ./Middlewares/ST/STM32_USB_Host_Library/Core/Src/usbh_ctlreq.o
                0x08009784                USBH_Get_DevDesc
 .text.USBH_Get_CfgDesc
                0x080097dc       0x54 ./Middlewares/ST/STM32_USB_Host_Library/Core/Src/usbh_ctlreq.o
                0x080097dc                USBH_Get_CfgDesc
 .text.USBH_Get_StringDesc
                0x08009830       0x68 ./Middlewares/ST/STM32_USB_Host_Library/Core/Src/usbh_ctlreq.o
                0x08009830                USBH_Get_StringDesc
 .text.USBH_GetDescriptor
                0x08009898       0x6a ./Middlewares/ST/STM32_USB_Host_Library/Core/Src/usbh_ctlreq.o
                0x08009898                USBH_GetDescriptor
 .text.USBH_SetAddress
                0x08009902       0x48 ./Middlewares/ST/STM32_USB_Host_Library/Core/Src/usbh_ctlreq.o
                0x08009902                USBH_SetAddress
 .text.USBH_SetCfg
                0x0800994a       0x46 ./Middlewares/ST/STM32_USB_Host_Library/Core/Src/usbh_ctlreq.o
                0x0800994a                USBH_SetCfg
 .text.USBH_SetFeature
                0x08009990       0x48 ./Middlewares/ST/STM32_USB_Host_Library/Core/Src/usbh_ctlreq.o
                0x08009990                USBH_SetFeature
 .text.USBH_ClrFeature
                0x080099d8       0x48 ./Middlewares/ST/STM32_USB_Host_Library/Core/Src/usbh_ctlreq.o
                0x080099d8                USBH_ClrFeature
 .text.USBH_ParseDevDesc
                0x08009a20      0x160 ./Middlewares/ST/STM32_USB_Host_Library/Core/Src/usbh_ctlreq.o
 .text.USBH_ParseCfgDesc
                0x08009b80      0x1f0 ./Middlewares/ST/STM32_USB_Host_Library/Core/Src/usbh_ctlreq.o
 .text.USBH_ParseInterfaceDesc
                0x08009d70       0x68 ./Middlewares/ST/STM32_USB_Host_Library/Core/Src/usbh_ctlreq.o
 .text.USBH_ParseEPDesc
                0x08009dd8      0x1d0 ./Middlewares/ST/STM32_USB_Host_Library/Core/Src/usbh_ctlreq.o
 .text.USBH_ParseStringDesc
                0x08009fa8       0x66 ./Middlewares/ST/STM32_USB_Host_Library/Core/Src/usbh_ctlreq.o
 .text.USBH_GetNextDesc
                0x0800a00e       0x34 ./Middlewares/ST/STM32_USB_Host_Library/Core/Src/usbh_ctlreq.o
                0x0800a00e                USBH_GetNextDesc
 .text.USBH_CtlReq
                0x0800a042       0xb2 ./Middlewares/ST/STM32_USB_Host_Library/Core/Src/usbh_ctlreq.o
                0x0800a042                USBH_CtlReq
 .text.USBH_HandleControl
                0x0800a0f4      0x490 ./Middlewares/ST/STM32_USB_Host_Library/Core/Src/usbh_ctlreq.o
 .text.USBH_CtlSendSetup
                0x0800a584       0x34 ./Middlewares/ST/STM32_USB_Host_Library/Core/Src/usbh_ioreq.o
                0x0800a584                USBH_CtlSendSetup
 .text.USBH_CtlSendData
                0x0800a5b8       0x4a ./Middlewares/ST/STM32_USB_Host_Library/Core/Src/usbh_ioreq.o
                0x0800a5b8                USBH_CtlSendData
 .text.USBH_CtlReceiveData
                0x0800a602       0x3c ./Middlewares/ST/STM32_USB_Host_Library/Core/Src/usbh_ioreq.o
                0x0800a602                USBH_CtlReceiveData
 .text.USBH_BulkSendData
                0x0800a63e       0x4a ./Middlewares/ST/STM32_USB_Host_Library/Core/Src/usbh_ioreq.o
                0x0800a63e                USBH_BulkSendData
 .text.USBH_BulkReceiveData
                0x0800a688       0x3c ./Middlewares/ST/STM32_USB_Host_Library/Core/Src/usbh_ioreq.o
                0x0800a688                USBH_BulkReceiveData
 .text.USBH_OpenPipe
                0x0800a6c4       0x3e ./Middlewares/ST/STM32_USB_Host_Library/Core/Src/usbh_pipes.o
                0x0800a6c4                USBH_OpenPipe
 .text.USBH_ClosePipe
                0x0800a702       0x20 ./Middlewares/ST/STM32_USB_Host_Library/Core/Src/usbh_pipes.o
                0x0800a702                USBH_ClosePipe
 .text.USBH_AllocPipe
                0x0800a722       0x42 ./Middlewares/ST/STM32_USB_Host_Library/Core/Src/usbh_pipes.o
                0x0800a722                USBH_AllocPipe
 .text.USBH_FreePipe
                0x0800a764       0x3c ./Middlewares/ST/STM32_USB_Host_Library/Core/Src/usbh_pipes.o
                0x0800a764                USBH_FreePipe
 .text.USBH_GetFreePipe
                0x0800a7a0       0x48 ./Middlewares/ST/STM32_USB_Host_Library/Core/Src/usbh_pipes.o
 .text.makeFreeRtosPriority
                0x0800a7e8       0x30 ./Middlewares/Third_Party/FreeRTOS/Source/CMSIS_RTOS/cmsis_os.o
 .text.inHandlerMode
                0x0800a818       0x24 ./Middlewares/Third_Party/FreeRTOS/Source/CMSIS_RTOS/cmsis_os.o
 .text.osKernelStart
                0x0800a83c        0xe ./Middlewares/Third_Party/FreeRTOS/Source/CMSIS_RTOS/cmsis_os.o
                0x0800a83c                osKernelStart
 .text.osThreadCreate
                0x0800a84a       0x98 ./Middlewares/Third_Party/FreeRTOS/Source/CMSIS_RTOS/cmsis_os.o
                0x0800a84a                osThreadCreate
 .text.osDelay  0x0800a8e2       0x28 ./Middlewares/Third_Party/FreeRTOS/Source/CMSIS_RTOS/cmsis_os.o
                0x0800a8e2                osDelay
 .text.osMessageCreate
                0x0800a90a       0x50 ./Middlewares/Third_Party/FreeRTOS/Source/CMSIS_RTOS/cmsis_os.o
                0x0800a90a                osMessageCreate
 *fill*         0x0800a95a        0x2 
 .text.osMessagePut
                0x0800a95c       0x80 ./Middlewares/Third_Party/FreeRTOS/Source/CMSIS_RTOS/cmsis_os.o
                0x0800a95c                osMessagePut
 .text.osMessageGet
                0x0800a9dc       0xe8 ./Middlewares/Third_Party/FreeRTOS/Source/CMSIS_RTOS/cmsis_os.o
                0x0800a9dc                osMessageGet
 .text.vListInitialise
                0x0800aac4       0x40 ./Middlewares/Third_Party/FreeRTOS/Source/list.o
                0x0800aac4                vListInitialise
 .text.vListInitialiseItem
                0x0800ab04       0x1a ./Middlewares/Third_Party/FreeRTOS/Source/list.o
                0x0800ab04                vListInitialiseItem
 .text.vListInsertEnd
                0x0800ab1e       0x48 ./Middlewares/Third_Party/FreeRTOS/Source/list.o
                0x0800ab1e                vListInsertEnd
 .text.vListInsert
                0x0800ab66       0x72 ./Middlewares/Third_Party/FreeRTOS/Source/list.o
                0x0800ab66                vListInsert
 .text.uxListRemove
                0x0800abd8       0x54 ./Middlewares/Third_Party/FreeRTOS/Source/list.o
                0x0800abd8                uxListRemove
 .text.xQueueGenericReset
                0x0800ac2c       0xd4 ./Middlewares/Third_Party/FreeRTOS/Source/queue.o
                0x0800ac2c                xQueueGenericReset
 .text.xQueueGenericCreateStatic
                0x0800ad00       0xfa ./Middlewares/Third_Party/FreeRTOS/Source/queue.o
                0x0800ad00                xQueueGenericCreateStatic
 .text.xQueueGenericCreate
                0x0800adfa       0x76 ./Middlewares/Third_Party/FreeRTOS/Source/queue.o
                0x0800adfa                xQueueGenericCreate
 .text.prvInitialiseNewQueue
                0x0800ae70       0x3e ./Middlewares/Third_Party/FreeRTOS/Source/queue.o
 *fill*         0x0800aeae        0x2 
 .text.xQueueGenericSend
                0x0800aeb0      0x204 ./Middlewares/Third_Party/FreeRTOS/Source/queue.o
                0x0800aeb0                xQueueGenericSend
 .text.xQueueGenericSendFromISR
                0x0800b0b4      0x13c ./Middlewares/Third_Party/FreeRTOS/Source/queue.o
                0x0800b0b4                xQueueGenericSendFromISR
 .text.xQueueReceive
                0x0800b1f0      0x1c4 ./Middlewares/Third_Party/FreeRTOS/Source/queue.o
                0x0800b1f0                xQueueReceive
 .text.xQueueReceiveFromISR
                0x0800b3b4      0x104 ./Middlewares/Third_Party/FreeRTOS/Source/queue.o
                0x0800b3b4                xQueueReceiveFromISR
 .text.prvCopyDataToQueue
                0x0800b4b8       0xd4 ./Middlewares/Third_Party/FreeRTOS/Source/queue.o
 .text.prvCopyDataFromQueue
                0x0800b58c       0x4c ./Middlewares/Third_Party/FreeRTOS/Source/queue.o
 .text.prvUnlockQueue
                0x0800b5d8       0xa4 ./Middlewares/Third_Party/FreeRTOS/Source/queue.o
 .text.prvIsQueueEmpty
                0x0800b67c       0x2c ./Middlewares/Third_Party/FreeRTOS/Source/queue.o
 .text.prvIsQueueFull
                0x0800b6a8       0x30 ./Middlewares/Third_Party/FreeRTOS/Source/queue.o
 .text.xTaskCreateStatic
                0x0800b6d8       0xc0 ./Middlewares/Third_Party/FreeRTOS/Source/tasks.o
                0x0800b6d8                xTaskCreateStatic
 .text.xTaskCreate
                0x0800b798       0x8a ./Middlewares/Third_Party/FreeRTOS/Source/tasks.o
                0x0800b798                xTaskCreate
 .text.prvInitialiseNewTask
                0x0800b822      0x126 ./Middlewares/Third_Party/FreeRTOS/Source/tasks.o
 .text.prvAddNewTaskToReadyList
                0x0800b948       0xd4 ./Middlewares/Third_Party/FreeRTOS/Source/tasks.o
 .text.vTaskDelay
                0x0800ba1c       0x6c ./Middlewares/Third_Party/FreeRTOS/Source/tasks.o
                0x0800ba1c                vTaskDelay
 .text.vTaskStartScheduler
                0x0800ba88       0xc4 ./Middlewares/Third_Party/FreeRTOS/Source/tasks.o
                0x0800ba88                vTaskStartScheduler
 .text.vTaskSuspendAll
                0x0800bb4c       0x1c ./Middlewares/Third_Party/FreeRTOS/Source/tasks.o
                0x0800bb4c                vTaskSuspendAll
 .text.xTaskResumeAll
                0x0800bb68      0x13c ./Middlewares/Third_Party/FreeRTOS/Source/tasks.o
                0x0800bb68                xTaskResumeAll
 .text.xTaskIncrementTick
                0x0800bca4      0x174 ./Middlewares/Third_Party/FreeRTOS/Source/tasks.o
                0x0800bca4                xTaskIncrementTick
 .text.vTaskSwitchContext
                0x0800be18      0x104 ./Middlewares/Third_Party/FreeRTOS/Source/tasks.o
                0x0800be18                vTaskSwitchContext
 .text.vTaskPlaceOnEventList
                0x0800bf1c       0x4c ./Middlewares/Third_Party/FreeRTOS/Source/tasks.o
                0x0800bf1c                vTaskPlaceOnEventList
 .text.xTaskRemoveFromEventList
                0x0800bf68       0xc8 ./Middlewares/Third_Party/FreeRTOS/Source/tasks.o
                0x0800bf68                xTaskRemoveFromEventList
 .text.vTaskInternalSetTimeOutState
                0x0800c030       0x2c ./Middlewares/Third_Party/FreeRTOS/Source/tasks.o
                0x0800c030                vTaskInternalSetTimeOutState
 .text.xTaskCheckForTimeOut
                0x0800c05c       0xc8 ./Middlewares/Third_Party/FreeRTOS/Source/tasks.o
                0x0800c05c                xTaskCheckForTimeOut
 .text.vTaskMissedYield
                0x0800c124       0x18 ./Middlewares/Third_Party/FreeRTOS/Source/tasks.o
                0x0800c124                vTaskMissedYield
 .text.prvIdleTask
                0x0800c13c       0x34 ./Middlewares/Third_Party/FreeRTOS/Source/tasks.o
 .text.prvInitialiseTaskLists
                0x0800c170       0x80 ./Middlewares/Third_Party/FreeRTOS/Source/tasks.o
 .text.prvCheckTasksWaitingTermination
                0x0800c1f0       0x5c ./Middlewares/Third_Party/FreeRTOS/Source/tasks.o
 .text.prvDeleteTCB
                0x0800c24c       0x60 ./Middlewares/Third_Party/FreeRTOS/Source/tasks.o
 .text.prvResetNextTaskUnblockTime
                0x0800c2ac       0x40 ./Middlewares/Third_Party/FreeRTOS/Source/tasks.o
 .text.xTaskGetSchedulerState
                0x0800c2ec       0x3c ./Middlewares/Third_Party/FreeRTOS/Source/tasks.o
                0x0800c2ec                xTaskGetSchedulerState
 .text.xTaskPriorityDisinherit
                0x0800c328      0x110 ./Middlewares/Third_Party/FreeRTOS/Source/tasks.o
                0x0800c328                xTaskPriorityDisinherit
 .text.prvAddCurrentTaskToDelayedList
                0x0800c438       0xcc ./Middlewares/Third_Party/FreeRTOS/Source/tasks.o
 .text.pxPortInitialiseStack
                0x0800c504       0x68 ./Middlewares/Third_Party/FreeRTOS/Source/portable/GCC/ARM_CM4F/port.o
                0x0800c504                pxPortInitialiseStack
 .text.prvTaskExitError
                0x0800c56c       0x5c ./Middlewares/Third_Party/FreeRTOS/Source/portable/GCC/ARM_CM4F/port.o
 *fill*         0x0800c5c8        0x8 
 .text.SVC_Handler
                0x0800c5d0       0x28 ./Middlewares/Third_Party/FreeRTOS/Source/portable/GCC/ARM_CM4F/port.o
                0x0800c5d0                SVC_Handler
 .text.prvPortStartFirstTask
                0x0800c5f8       0x28 ./Middlewares/Third_Party/FreeRTOS/Source/portable/GCC/ARM_CM4F/port.o
 .text.xPortStartScheduler
                0x0800c620      0x148 ./Middlewares/Third_Party/FreeRTOS/Source/portable/GCC/ARM_CM4F/port.o
                0x0800c620                xPortStartScheduler
 .text.vPortEnterCritical
                0x0800c768       0x64 ./Middlewares/Third_Party/FreeRTOS/Source/portable/GCC/ARM_CM4F/port.o
                0x0800c768                vPortEnterCritical
 .text.vPortExitCritical
                0x0800c7cc       0x54 ./Middlewares/Third_Party/FreeRTOS/Source/portable/GCC/ARM_CM4F/port.o
                0x0800c7cc                vPortExitCritical
 .text.PendSV_Handler
                0x0800c820       0x68 ./Middlewares/Third_Party/FreeRTOS/Source/portable/GCC/ARM_CM4F/port.o
                0x0800c820                PendSV_Handler
 .text.SysTick_Handler
                0x0800c888       0x44 ./Middlewares/Third_Party/FreeRTOS/Source/portable/GCC/ARM_CM4F/port.o
                0x0800c888                SysTick_Handler
 .text.vPortSetupTimerInterrupt
                0x0800c8cc       0x48 ./Middlewares/Third_Party/FreeRTOS/Source/portable/GCC/ARM_CM4F/port.o
                0x0800c8cc                vPortSetupTimerInterrupt
 .text.vPortEnableVFP
                0x0800c914       0x14 ./Middlewares/Third_Party/FreeRTOS/Source/portable/GCC/ARM_CM4F/port.o
 .text.vPortValidateInterruptPriority
                0x0800c928       0x84 ./Middlewares/Third_Party/FreeRTOS/Source/portable/GCC/ARM_CM4F/port.o
                0x0800c928                vPortValidateInterruptPriority
 .text.pvPortMalloc
                0x0800c9ac      0x1a8 ./Middlewares/Third_Party/FreeRTOS/Source/portable/MemMang/heap_4.o
                0x0800c9ac                pvPortMalloc
 .text.vPortFree
                0x0800cb54       0xc8 ./Middlewares/Third_Party/FreeRTOS/Source/portable/MemMang/heap_4.o
                0x0800cb54                vPortFree
 .text.prvHeapInit
                0x0800cc1c       0xc4 ./Middlewares/Third_Party/FreeRTOS/Source/portable/MemMang/heap_4.o
 .text.prvInsertBlockIntoFreeList
                0x0800cce0       0xb4 ./Middlewares/Third_Party/FreeRTOS/Source/portable/MemMang/heap_4.o
 .text.MX_USB_HOST_Init
                0x0800cd94       0x4c ./USB_HOST/App/usb_host.o
                0x0800cd94                MX_USB_HOST_Init
 .text.USBH_UserProcess
                0x0800cde0       0x5c ./USB_HOST/App/usb_host.o
 .text.HAL_HCD_MspInit
                0x0800ce3c       0xbc ./USB_HOST/Target/usbh_conf.o
                0x0800ce3c                HAL_HCD_MspInit
 .text.HAL_HCD_SOF_Callback
                0x0800cef8       0x1c ./USB_HOST/Target/usbh_conf.o
                0x0800cef8                HAL_HCD_SOF_Callback
 .text.HAL_HCD_Connect_Callback
                0x0800cf14       0x1c ./USB_HOST/Target/usbh_conf.o
                0x0800cf14                HAL_HCD_Connect_Callback
 .text.HAL_HCD_Disconnect_Callback
                0x0800cf30       0x1c ./USB_HOST/Target/usbh_conf.o
                0x0800cf30                HAL_HCD_Disconnect_Callback
 .text.HAL_HCD_HC_NotifyURBChange_Callback
                0x0800cf4c       0x24 ./USB_HOST/Target/usbh_conf.o
                0x0800cf4c                HAL_HCD_HC_NotifyURBChange_Callback
 .text.HAL_HCD_PortEnabled_Callback
                0x0800cf70       0x1c ./USB_HOST/Target/usbh_conf.o
                0x0800cf70                HAL_HCD_PortEnabled_Callback
 .text.HAL_HCD_PortDisabled_Callback
                0x0800cf8c       0x1c ./USB_HOST/Target/usbh_conf.o
                0x0800cf8c                HAL_HCD_PortDisabled_Callback
 .text.USBH_LL_Init
                0x0800cfa8       0x8c ./USB_HOST/Target/usbh_conf.o
                0x0800cfa8                USBH_LL_Init
 .text.USBH_LL_Start
                0x0800d034       0x36 ./USB_HOST/Target/usbh_conf.o
                0x0800d034                USBH_LL_Start
 .text.USBH_LL_Stop
                0x0800d06a       0x36 ./USB_HOST/Target/usbh_conf.o
                0x0800d06a                USBH_LL_Stop
 .text.USBH_LL_GetSpeed
                0x0800d0a0       0x4e ./USB_HOST/Target/usbh_conf.o
                0x0800d0a0                USBH_LL_GetSpeed
 .text.USBH_LL_ResetPort
                0x0800d0ee       0x36 ./USB_HOST/Target/usbh_conf.o
                0x0800d0ee                USBH_LL_ResetPort
 .text.USBH_LL_GetLastXferSize
                0x0800d124       0x26 ./USB_HOST/Target/usbh_conf.o
                0x0800d124                USBH_LL_GetLastXferSize
 .text.USBH_LL_OpenPipe
                0x0800d14a       0x5e ./USB_HOST/Target/usbh_conf.o
                0x0800d14a                USBH_LL_OpenPipe
 .text.USBH_LL_ClosePipe
                0x0800d1a8       0x3e ./USB_HOST/Target/usbh_conf.o
                0x0800d1a8                USBH_LL_ClosePipe
 .text.USBH_LL_SubmitURB
                0x0800d1e6       0x62 ./USB_HOST/Target/usbh_conf.o
                0x0800d1e6                USBH_LL_SubmitURB
 .text.USBH_LL_GetURBState
                0x0800d248       0x26 ./USB_HOST/Target/usbh_conf.o
                0x0800d248                USBH_LL_GetURBState
 .text.USBH_LL_DriverVBUS
                0x0800d26e       0x2e ./USB_HOST/Target/usbh_conf.o
                0x0800d26e                USBH_LL_DriverVBUS
 .text.USBH_LL_SetToggle
                0x0800d29c       0x66 ./USB_HOST/Target/usbh_conf.o
                0x0800d29c                USBH_LL_SetToggle
 .text.USBH_Delay
                0x0800d302       0x16 ./USB_HOST/Target/usbh_conf.o
                0x0800d302                USBH_Delay
 .text.USBH_Get_USB_Status
                0x0800d318       0x58 ./USB_HOST/Target/usbh_conf.o
                0x0800d318                USBH_Get_USB_Status
 .text.MX_DriverVbusHS
                0x0800d370       0x38 ./USB_HOST/Target/usbh_platform.o
                0x0800d370                MX_DriverVbusHS
 .text.malloc   0x0800d3a8       0x10 C:/ST/STM32CubeIDE_1.16.0/STM32CubeIDE/plugins/com.st.stm32cube.ide.mcu.externaltools.gnu-tools-for-stm32.12.3.rel1.win32_1.0.200.202406191623/tools/bin/../lib/gcc/arm-none-eabi/12.3.1/../../../../arm-none-eabi/lib/thumb/v7e-m+fp/hard\libc_nano.a(libc_a-malloc.o)
                0x0800d3a8                malloc
 .text.free     0x0800d3b8       0x10 C:/ST/STM32CubeIDE_1.16.0/STM32CubeIDE/plugins/com.st.stm32cube.ide.mcu.externaltools.gnu-tools-for-stm32.12.3.rel1.win32_1.0.200.202406191623/tools/bin/../lib/gcc/arm-none-eabi/12.3.1/../../../../arm-none-eabi/lib/thumb/v7e-m+fp/hard\libc_nano.a(libc_a-malloc.o)
                0x0800d3b8                free
 .text.sbrk_aligned
                0x0800d3c8       0x44 C:/ST/STM32CubeIDE_1.16.0/STM32CubeIDE/plugins/com.st.stm32cube.ide.mcu.externaltools.gnu-tools-for-stm32.12.3.rel1.win32_1.0.200.202406191623/tools/bin/../lib/gcc/arm-none-eabi/12.3.1/../../../../arm-none-eabi/lib/thumb/v7e-m+fp/hard\libc_nano.a(libc_a-mallocr.o)
 .text._malloc_r
                0x0800d40c      0x100 C:/ST/STM32CubeIDE_1.16.0/STM32CubeIDE/plugins/com.st.stm32cube.ide.mcu.externaltools.gnu-tools-for-stm32.12.3.rel1.win32_1.0.200.202406191623/tools/bin/../lib/gcc/arm-none-eabi/12.3.1/../../../../arm-none-eabi/lib/thumb/v7e-m+fp/hard\libc_nano.a(libc_a-mallocr.o)
                0x0800d40c                _malloc_r
 .text.__malloc_lock
                0x0800d50c        0xc C:/ST/STM32CubeIDE_1.16.0/STM32CubeIDE/plugins/com.st.stm32cube.ide.mcu.externaltools.gnu-tools-for-stm32.12.3.rel1.win32_1.0.200.202406191623/tools/bin/../lib/gcc/arm-none-eabi/12.3.1/../../../../arm-none-eabi/lib/thumb/v7e-m+fp/hard\libc_nano.a(libc_a-mlock.o)
                0x0800d50c                __malloc_lock
 .text.__malloc_unlock
                0x0800d518        0xc C:/ST/STM32CubeIDE_1.16.0/STM32CubeIDE/plugins/com.st.stm32cube.ide.mcu.externaltools.gnu-tools-for-stm32.12.3.rel1.win32_1.0.200.202406191623/tools/bin/../lib/gcc/arm-none-eabi/12.3.1/../../../../arm-none-eabi/lib/thumb/v7e-m+fp/hard\libc_nano.a(libc_a-mlock.o)
                0x0800d518                __malloc_unlock
 .text.memset   0x0800d524       0x10 C:/ST/STM32CubeIDE_1.16.0/STM32CubeIDE/plugins/com.st.stm32cube.ide.mcu.externaltools.gnu-tools-for-stm32.12.3.rel1.win32_1.0.200.202406191623/tools/bin/../lib/gcc/arm-none-eabi/12.3.1/../../../../arm-none-eabi/lib/thumb/v7e-m+fp/hard\libc_nano.a(libc_a-memset.o)
                0x0800d524                memset
 .text._sbrk_r  0x0800d534       0x20 C:/ST/STM32CubeIDE_1.16.0/STM32CubeIDE/plugins/com.st.stm32cube.ide.mcu.externaltools.gnu-tools-for-stm32.12.3.rel1.win32_1.0.200.202406191623/tools/bin/../lib/gcc/arm-none-eabi/12.3.1/../../../../arm-none-eabi/lib/thumb/v7e-m+fp/hard\libc_nano.a(libc_a-sbrkr.o)
                0x0800d534                _sbrk_r
 .text.__errno  0x0800d554        0xc C:/ST/STM32CubeIDE_1.16.0/STM32CubeIDE/plugins/com.st.stm32cube.ide.mcu.externaltools.gnu-tools-for-stm32.12.3.rel1.win32_1.0.200.202406191623/tools/bin/../lib/gcc/arm-none-eabi/12.3.1/../../../../arm-none-eabi/lib/thumb/v7e-m+fp/hard\libc_nano.a(libc_a-errno.o)
                0x0800d554                __errno
 .text.__libc_init_array
                0x0800d560       0x48 C:/ST/STM32CubeIDE_1.16.0/STM32CubeIDE/plugins/com.st.stm32cube.ide.mcu.externaltools.gnu-tools-for-stm32.12.3.rel1.win32_1.0.200.202406191623/tools/bin/../lib/gcc/arm-none-eabi/12.3.1/../../../../arm-none-eabi/lib/thumb/v7e-m+fp/hard\libc_nano.a(libc_a-init.o)
                0x0800d560                __libc_init_array
 .text.__retarget_lock_acquire_recursive
                0x0800d5a8        0x2 C:/ST/STM32CubeIDE_1.16.0/STM32CubeIDE/plugins/com.st.stm32cube.ide.mcu.externaltools.gnu-tools-for-stm32.12.3.rel1.win32_1.0.200.202406191623/tools/bin/../lib/gcc/arm-none-eabi/12.3.1/../../../../arm-none-eabi/lib/thumb/v7e-m+fp/hard\libc_nano.a(libc_a-lock.o)
                0x0800d5a8                __retarget_lock_acquire_recursive
 .text.__retarget_lock_release_recursive
                0x0800d5aa        0x2 C:/ST/STM32CubeIDE_1.16.0/STM32CubeIDE/plugins/com.st.stm32cube.ide.mcu.externaltools.gnu-tools-for-stm32.12.3.rel1.win32_1.0.200.202406191623/tools/bin/../lib/gcc/arm-none-eabi/12.3.1/../../../../arm-none-eabi/lib/thumb/v7e-m+fp/hard\libc_nano.a(libc_a-lock.o)
                0x0800d5aa                __retarget_lock_release_recursive
 .text.memcpy   0x0800d5ac       0x1c C:/ST/STM32CubeIDE_1.16.0/STM32CubeIDE/plugins/com.st.stm32cube.ide.mcu.externaltools.gnu-tools-for-stm32.12.3.rel1.win32_1.0.200.202406191623/tools/bin/../lib/gcc/arm-none-eabi/12.3.1/../../../../arm-none-eabi/lib/thumb/v7e-m+fp/hard\libc_nano.a(libc_a-memcpy-stub.o)
                0x0800d5ac                memcpy
 .text._free_r  0x0800d5c8       0x94 C:/ST/STM32CubeIDE_1.16.0/STM32CubeIDE/plugins/com.st.stm32cube.ide.mcu.externaltools.gnu-tools-for-stm32.12.3.rel1.win32_1.0.200.202406191623/tools/bin/../lib/gcc/arm-none-eabi/12.3.1/../../../../arm-none-eabi/lib/thumb/v7e-m+fp/hard\libc_nano.a(libc_a-freer.o)
                0x0800d5c8                _free_r
 *(.glue_7)
 .glue_7        0x0800d65c        0x0 linker stubs
 *(.glue_7t)
 .glue_7t       0x0800d65c        0x0 linker stubs
 *(.eh_frame)
 .eh_frame      0x0800d65c        0x0 C:/ST/STM32CubeIDE_1.16.0/STM32CubeIDE/plugins/com.st.stm32cube.ide.mcu.externaltools.gnu-tools-for-stm32.12.3.rel1.win32_1.0.200.202406191623/tools/bin/../lib/gcc/arm-none-eabi/12.3.1/thumb/v7e-m+fp/hard/crtbegin.o
 *(.init)
 .init          0x0800d65c        0x4 C:/ST/STM32CubeIDE_1.16.0/STM32CubeIDE/plugins/com.st.stm32cube.ide.mcu.externaltools.gnu-tools-for-stm32.12.3.rel1.win32_1.0.200.202406191623/tools/bin/../lib/gcc/arm-none-eabi/12.3.1/thumb/v7e-m+fp/hard/crti.o
                0x0800d65c                _init
 .init          0x0800d660        0x8 C:/ST/STM32CubeIDE_1.16.0/STM32CubeIDE/plugins/com.st.stm32cube.ide.mcu.externaltools.gnu-tools-for-stm32.12.3.rel1.win32_1.0.200.202406191623/tools/bin/../lib/gcc/arm-none-eabi/12.3.1/thumb/v7e-m+fp/hard/crtn.o
 *(.fini)
 .fini          0x0800d668        0x4 C:/ST/STM32CubeIDE_1.16.0/STM32CubeIDE/plugins/com.st.stm32cube.ide.mcu.externaltools.gnu-tools-for-stm32.12.3.rel1.win32_1.0.200.202406191623/tools/bin/../lib/gcc/arm-none-eabi/12.3.1/thumb/v7e-m+fp/hard/crti.o
                0x0800d668                _fini
 .fini          0x0800d66c        0x8 C:/ST/STM32CubeIDE_1.16.0/STM32CubeIDE/plugins/com.st.stm32cube.ide.mcu.externaltools.gnu-tools-for-stm32.12.3.rel1.win32_1.0.200.202406191623/tools/bin/../lib/gcc/arm-none-eabi/12.3.1/thumb/v7e-m+fp/hard/crtn.o
                0x0800d674                        . = ALIGN (0x4)
                0x0800d674                        _etext = .

.vfp11_veneer   0x0800d674        0x0
 .vfp11_veneer  0x0800d674        0x0 linker stubs

.v4_bx          0x0800d674        0x0
 .v4_bx         0x0800d674        0x0 linker stubs

.iplt           0x0800d674        0x0
 .iplt          0x0800d674        0x0 C:/ST/STM32CubeIDE_1.16.0/STM32CubeIDE/plugins/com.st.stm32cube.ide.mcu.externaltools.gnu-tools-for-stm32.12.3.rel1.win32_1.0.200.202406191623/tools/bin/../lib/gcc/arm-none-eabi/12.3.1/thumb/v7e-m+fp/hard/crtbegin.o

.rodata         0x0800d674       0xb0
                0x0800d674                        . = ALIGN (0x4)
 *(.rodata)
 .rodata        0x0800d674       0x51 ./Core/Src/main.o
 *fill*         0x0800d6c5        0x3 
 .rodata        0x0800d6c8        0x4 ./Middlewares/ST/STM32_USB_Host_Library/Class/CDC/Src/usbh_cdc.o
 .rodata        0x0800d6cc       0x38 ./Middlewares/ST/STM32_USB_Host_Library/Core/Src/usbh_core.o
 .rodata        0x0800d704        0x5 ./Middlewares/Third_Party/FreeRTOS/Source/tasks.o
 *(.rodata*)
 *fill*         0x0800d709        0x3 
 .rodata.AHBPrescTable
                0x0800d70c       0x10 ./Core/Src/system_stm32f4xx.o
                0x0800d70c                AHBPrescTable
 .rodata.APBPrescTable
                0x0800d71c        0x8 ./Core/Src/system_stm32f4xx.o
                0x0800d71c                APBPrescTable
                0x0800d724                        . = ALIGN (0x4)

.ARM.extab      0x0800d724        0x0
                0x0800d724                        . = ALIGN (0x4)
 *(.ARM.extab* .gnu.linkonce.armextab.*)
                0x0800d724                        . = ALIGN (0x4)

.ARM            0x0800d724        0x8
                0x0800d724                        . = ALIGN (0x4)
                0x0800d724                        __exidx_start = .
 *(.ARM.exidx*)
 .ARM.exidx     0x0800d724        0x8 C:/ST/STM32CubeIDE_1.16.0/STM32CubeIDE/plugins/com.st.stm32cube.ide.mcu.externaltools.gnu-tools-for-stm32.12.3.rel1.win32_1.0.200.202406191623/tools/bin/../lib/gcc/arm-none-eabi/12.3.1/thumb/v7e-m+fp/hard\libgcc.a(_udivmoddi4.o)
                0x0800d72c                        __exidx_end = .
                0x0800d72c                        . = ALIGN (0x4)

.preinit_array  0x0800d72c        0x0
                0x0800d72c                        . = ALIGN (0x4)
                0x0800d72c                        PROVIDE (__preinit_array_start = .)
 *(.preinit_array*)
                0x0800d72c                        PROVIDE (__preinit_array_end = .)
                0x0800d72c                        . = ALIGN (0x4)

.init_array     0x0800d72c        0x4
                0x0800d72c                        . = ALIGN (0x4)
                0x0800d72c                        PROVIDE (__init_array_start = .)
 *(SORT_BY_NAME(.init_array.*))
 *(.init_array*)
 .init_array    0x0800d72c        0x4 C:/ST/STM32CubeIDE_1.16.0/STM32CubeIDE/plugins/com.st.stm32cube.ide.mcu.externaltools.gnu-tools-for-stm32.12.3.rel1.win32_1.0.200.202406191623/tools/bin/../lib/gcc/arm-none-eabi/12.3.1/thumb/v7e-m+fp/hard/crtbegin.o
                0x0800d730                        PROVIDE (__init_array_end = .)
                0x0800d730                        . = ALIGN (0x4)

.fini_array     0x0800d730        0x4
                0x0800d730                        . = ALIGN (0x4)
                [!provide]                        PROVIDE (__fini_array_start = .)
 *(SORT_BY_NAME(.fini_array.*))
 *(.fini_array*)
 .fini_array    0x0800d730        0x4 C:/ST/STM32CubeIDE_1.16.0/STM32CubeIDE/plugins/com.st.stm32cube.ide.mcu.externaltools.gnu-tools-for-stm32.12.3.rel1.win32_1.0.200.202406191623/tools/bin/../lib/gcc/arm-none-eabi/12.3.1/thumb/v7e-m+fp/hard/crtbegin.o
                [!provide]                        PROVIDE (__fini_array_end = .)
                0x0800d734                        . = ALIGN (0x4)
                0x0800d734                        _sidata = LOADADDR (.data)

.rel.dyn        0x0800d734        0x0
 .rel.iplt      0x0800d734        0x0 C:/ST/STM32CubeIDE_1.16.0/STM32CubeIDE/plugins/com.st.stm32cube.ide.mcu.externaltools.gnu-tools-for-stm32.12.3.rel1.win32_1.0.200.202406191623/tools/bin/../lib/gcc/arm-none-eabi/12.3.1/thumb/v7e-m+fp/hard/crtbegin.o

.data           0x20000000       0x80 load address 0x0800d734
                0x20000000                        . = ALIGN (0x4)
                0x20000000                        _sdata = .
 *(.data)
 *(.data*)
 .data.SystemCoreClock
                0x20000000        0x4 ./Core/Src/system_stm32f4xx.o
                0x20000000                SystemCoreClock
 .data.uwTickPrio
                0x20000004        0x4 ./Drivers/STM32F4xx_HAL_Driver/Src/stm32f4xx_hal.o
                0x20000004                uwTickPrio
 .data.uwTickFreq
                0x20000008        0x1 ./Drivers/STM32F4xx_HAL_Driver/Src/stm32f4xx_hal.o
                0x20000008                uwTickFreq
 *fill*         0x20000009        0x3 
 .data.CDC_Class
                0x2000000c       0x20 ./Middlewares/ST/STM32_USB_Host_Library/Class/CDC/Src/usbh_cdc.o
                0x2000000c                CDC_Class
 .data.uxCriticalNesting
                0x2000002c        0x4 ./Middlewares/Third_Party/FreeRTOS/Source/portable/GCC/ARM_CM4F/port.o
 .data._impure_ptr
                0x20000030        0x4 C:/ST/STM32CubeIDE_1.16.0/STM32CubeIDE/plugins/com.st.stm32cube.ide.mcu.externaltools.gnu-tools-for-stm32.12.3.rel1.win32_1.0.200.202406191623/tools/bin/../lib/gcc/arm-none-eabi/12.3.1/../../../../arm-none-eabi/lib/thumb/v7e-m+fp/hard\libc_nano.a(libc_a-impure.o)
                0x20000030                _impure_ptr
 .data._impure_data
                0x20000034       0x4c C:/ST/STM32CubeIDE_1.16.0/STM32CubeIDE/plugins/com.st.stm32cube.ide.mcu.externaltools.gnu-tools-for-stm32.12.3.rel1.win32_1.0.200.202406191623/tools/bin/../lib/gcc/arm-none-eabi/12.3.1/../../../../arm-none-eabi/lib/thumb/v7e-m+fp/hard\libc_nano.a(libc_a-impure.o)
                0x20000034                _impure_data
 *(.RamFunc)
 *(.RamFunc*)
                0x20000080                        . = ALIGN (0x4)
                0x20000080                        _edata = .
                0x0800d7b4                        _siccmram = LOADADDR (.ccmram)

.igot.plt       0x20000080        0x0 load address 0x0800d7b4
 .igot.plt      0x20000080        0x0 C:/ST/STM32CubeIDE_1.16.0/STM32CubeIDE/plugins/com.st.stm32cube.ide.mcu.externaltools.gnu-tools-for-stm32.12.3.rel1.win32_1.0.200.202406191623/tools/bin/../lib/gcc/arm-none-eabi/12.3.1/thumb/v7e-m+fp/hard/crtbegin.o

.ccmram         0x10000000        0x0 load address 0x0800d7b4
                0x10000000                        . = ALIGN (0x4)
                0x10000000                        _sccmram = .
 *(.ccmram)
 *(.ccmram*)
                0x10000000                        . = ALIGN (0x4)
                0x10000000                        _eccmram = .
                0x10000000                        . = ALIGN (0x4)

.bss            0x20000080     0x8fd8
                0x20000080                        _sbss = .
                0x20000080                        __bss_start__ = _sbss
 *(.bss)
 .bss           0x20000080       0x1c C:/ST/STM32CubeIDE_1.16.0/STM32CubeIDE/plugins/com.st.stm32cube.ide.mcu.externaltools.gnu-tools-for-stm32.12.3.rel1.win32_1.0.200.202406191623/tools/bin/../lib/gcc/arm-none-eabi/12.3.1/thumb/v7e-m+fp/hard/crtbegin.o
 *(.bss*)
 .bss.xIdleTaskTCBBuffer
                0x2000009c       0x58 ./Core/Src/freertos.o
 .bss.xIdleStack
                0x200000f4      0x200 ./Core/Src/freertos.o
 .bss.hcrc      0x200002f4        0x8 ./Core/Src/main.o
                0x200002f4                hcrc
 .bss.hdma2d    0x200002fc       0x40 ./Core/Src/main.o
                0x200002fc                hdma2d
 .bss.hi2c3     0x2000033c       0x54 ./Core/Src/main.o
                0x2000033c                hi2c3
 .bss.hltdc     0x20000390       0xa8 ./Core/Src/main.o
                0x20000390                hltdc
 .bss.hspi5     0x20000438       0x58 ./Core/Src/main.o
                0x20000438                hspi5
 .bss.htim1     0x20000490       0x48 ./Core/Src/main.o
                0x20000490                htim1
 .bss.huart5    0x200004d8       0x48 ./Core/Src/main.o
                0x200004d8                huart5
 .bss.huart1    0x20000520       0x48 ./Core/Src/main.o
                0x20000520                huart1
 .bss.hsdram1   0x20000568       0x34 ./Core/Src/main.o
                0x20000568                hsdram1
 .bss.defaultTaskHandle
                0x2000059c        0x4 ./Core/Src/main.o
                0x2000059c                defaultTaskHandle
 .bss.FMC_Initialized
                0x200005a0        0x4 ./Core/Src/stm32f4xx_hal_msp.o
 .bss.htim6     0x200005a4       0x48 ./Core/Src/stm32f4xx_hal_timebase_tim.o
                0x200005a4                htim6
 .bss.__sbrk_heap_end
                0x200005ec        0x4 ./Core/Src/sysmem.o
 .bss.uwTick    0x200005f0        0x4 ./Drivers/STM32F4xx_HAL_Driver/Src/stm32f4xx_hal.o
                0x200005f0                uwTick
 .bss.pxCurrentTCB
                0x200005f4        0x4 ./Middlewares/Third_Party/FreeRTOS/Source/tasks.o
                0x200005f4                pxCurrentTCB
 .bss.pxReadyTasksLists
                0x200005f8       0x8c ./Middlewares/Third_Party/FreeRTOS/Source/tasks.o
 .bss.xDelayedTaskList1
                0x20000684       0x14 ./Middlewares/Third_Party/FreeRTOS/Source/tasks.o
 .bss.xDelayedTaskList2
                0x20000698       0x14 ./Middlewares/Third_Party/FreeRTOS/Source/tasks.o
 .bss.pxDelayedTaskList
                0x200006ac        0x4 ./Middlewares/Third_Party/FreeRTOS/Source/tasks.o
 .bss.pxOverflowDelayedTaskList
                0x200006b0        0x4 ./Middlewares/Third_Party/FreeRTOS/Source/tasks.o
 .bss.xPendingReadyList
                0x200006b4       0x14 ./Middlewares/Third_Party/FreeRTOS/Source/tasks.o
 .bss.xTasksWaitingTermination
                0x200006c8       0x14 ./Middlewares/Third_Party/FreeRTOS/Source/tasks.o
 .bss.uxDeletedTasksWaitingCleanUp
                0x200006dc        0x4 ./Middlewares/Third_Party/FreeRTOS/Source/tasks.o
 .bss.xSuspendedTaskList
                0x200006e0       0x14 ./Middlewares/Third_Party/FreeRTOS/Source/tasks.o
 .bss.uxCurrentNumberOfTasks
                0x200006f4        0x4 ./Middlewares/Third_Party/FreeRTOS/Source/tasks.o
 .bss.xTickCount
                0x200006f8        0x4 ./Middlewares/Third_Party/FreeRTOS/Source/tasks.o
 .bss.uxTopReadyPriority
                0x200006fc        0x4 ./Middlewares/Third_Party/FreeRTOS/Source/tasks.o
 .bss.xSchedulerRunning
                0x20000700        0x4 ./Middlewares/Third_Party/FreeRTOS/Source/tasks.o
 .bss.xPendedTicks
                0x20000704        0x4 ./Middlewares/Third_Party/FreeRTOS/Source/tasks.o
 .bss.xYieldPending
                0x20000708        0x4 ./Middlewares/Third_Party/FreeRTOS/Source/tasks.o
 .bss.xNumOfOverflows
                0x2000070c        0x4 ./Middlewares/Third_Party/FreeRTOS/Source/tasks.o
 .bss.uxTaskNumber
                0x20000710        0x4 ./Middlewares/Third_Party/FreeRTOS/Source/tasks.o
 .bss.xNextTaskUnblockTime
                0x20000714        0x4 ./Middlewares/Third_Party/FreeRTOS/Source/tasks.o
 .bss.xIdleTaskHandle
                0x20000718        0x4 ./Middlewares/Third_Party/FreeRTOS/Source/tasks.o
 .bss.uxSchedulerSuspended
                0x2000071c        0x4 ./Middlewares/Third_Party/FreeRTOS/Source/tasks.o
 .bss.ucMaxSysCallPriority
                0x20000720        0x1 ./Middlewares/Third_Party/FreeRTOS/Source/portable/GCC/ARM_CM4F/port.o
 *fill*         0x20000721        0x3 
 .bss.ulMaxPRIGROUPValue
                0x20000724        0x4 ./Middlewares/Third_Party/FreeRTOS/Source/portable/GCC/ARM_CM4F/port.o
 .bss.ucHeap    0x20000728     0x8000 ./Middlewares/Third_Party/FreeRTOS/Source/portable/MemMang/heap_4.o
 .bss.xStart    0x20008728        0x8 ./Middlewares/Third_Party/FreeRTOS/Source/portable/MemMang/heap_4.o
 .bss.pxEnd     0x20008730        0x4 ./Middlewares/Third_Party/FreeRTOS/Source/portable/MemMang/heap_4.o
 .bss.xFreeBytesRemaining
                0x20008734        0x4 ./Middlewares/Third_Party/FreeRTOS/Source/portable/MemMang/heap_4.o
 .bss.xMinimumEverFreeBytesRemaining
                0x20008738        0x4 ./Middlewares/Third_Party/FreeRTOS/Source/portable/MemMang/heap_4.o
 .bss.xNumberOfSuccessfulAllocations
                0x2000873c        0x4 ./Middlewares/Third_Party/FreeRTOS/Source/portable/MemMang/heap_4.o
 .bss.xNumberOfSuccessfulFrees
                0x20008740        0x4 ./Middlewares/Third_Party/FreeRTOS/Source/portable/MemMang/heap_4.o
 .bss.xBlockAllocatedBit
                0x20008744        0x4 ./Middlewares/Third_Party/FreeRTOS/Source/portable/MemMang/heap_4.o
 .bss.hUsbHostHS
                0x20008748      0x3e4 ./USB_HOST/App/usb_host.o
                0x20008748                hUsbHostHS
 .bss.Appli_state
                0x20008b2c        0x1 ./USB_HOST/App/usb_host.o
                0x20008b2c                Appli_state
 *fill*         0x20008b2d        0x3 
 .bss.hhcd_USB_OTG_HS
                0x20008b30      0x3e0 ./USB_HOST/Target/usbh_conf.o
                0x20008b30                hhcd_USB_OTG_HS
 .bss.__malloc_sbrk_start
                0x20008f10        0x4 C:/ST/STM32CubeIDE_1.16.0/STM32CubeIDE/plugins/com.st.stm32cube.ide.mcu.externaltools.gnu-tools-for-stm32.12.3.rel1.win32_1.0.200.202406191623/tools/bin/../lib/gcc/arm-none-eabi/12.3.1/../../../../arm-none-eabi/lib/thumb/v7e-m+fp/hard\libc_nano.a(libc_a-mallocr.o)
                0x20008f10                __malloc_sbrk_start
 .bss.__malloc_free_list
                0x20008f14        0x4 C:/ST/STM32CubeIDE_1.16.0/STM32CubeIDE/plugins/com.st.stm32cube.ide.mcu.externaltools.gnu-tools-for-stm32.12.3.rel1.win32_1.0.200.202406191623/tools/bin/../lib/gcc/arm-none-eabi/12.3.1/../../../../arm-none-eabi/lib/thumb/v7e-m+fp/hard\libc_nano.a(libc_a-mallocr.o)
                0x20008f14                __malloc_free_list
 .bss.__sf      0x20008f18      0x138 C:/ST/STM32CubeIDE_1.16.0/STM32CubeIDE/plugins/com.st.stm32cube.ide.mcu.externaltools.gnu-tools-for-stm32.12.3.rel1.win32_1.0.200.202406191623/tools/bin/../lib/gcc/arm-none-eabi/12.3.1/../../../../arm-none-eabi/lib/thumb/v7e-m+fp/hard\libc_nano.a(libc_a-findfp.o)
                0x20008f18                __sf
 .bss.errno     0x20009050        0x4 C:/ST/STM32CubeIDE_1.16.0/STM32CubeIDE/plugins/com.st.stm32cube.ide.mcu.externaltools.gnu-tools-for-stm32.12.3.rel1.win32_1.0.200.202406191623/tools/bin/../lib/gcc/arm-none-eabi/12.3.1/../../../../arm-none-eabi/lib/thumb/v7e-m+fp/hard\libc_nano.a(libc_a-reent.o)
                0x20009050                errno
 .bss.__lock___malloc_recursive_mutex
                0x20009054        0x1 C:/ST/STM32CubeIDE_1.16.0/STM32CubeIDE/plugins/com.st.stm32cube.ide.mcu.externaltools.gnu-tools-for-stm32.12.3.rel1.win32_1.0.200.202406191623/tools/bin/../lib/gcc/arm-none-eabi/12.3.1/../../../../arm-none-eabi/lib/thumb/v7e-m+fp/hard\libc_nano.a(libc_a-lock.o)
                0x20009054                __lock___malloc_recursive_mutex
 *(COMMON)
                0x20009058                        . = ALIGN (0x4)
 *fill*         0x20009055        0x3 
                0x20009058                        _ebss = .
                0x20009058                        __bss_end__ = _ebss

._user_heap_stack
                0x20009058      0x600
                0x20009058                        . = ALIGN (0x8)
                [!provide]                        PROVIDE (end = .)
                0x20009058                        PROVIDE (_end = .)
                0x20009258                        . = (. + _Min_Heap_Size)
 *fill*         0x20009058      0x200 
                0x20009658                        . = (. + _Min_Stack_Size)
 *fill*         0x20009258      0x400 
                0x20009658                        . = ALIGN (0x8)

/DISCARD/
 libc.a(*)
 libm.a(*)
 libgcc.a(*)

.ARM.attributes
                0x00000000       0x30
 *(.ARM.attributes)
 .ARM.attributes
                0x00000000       0x22 C:/ST/STM32CubeIDE_1.16.0/STM32CubeIDE/plugins/com.st.stm32cube.ide.mcu.externaltools.gnu-tools-for-stm32.12.3.rel1.win32_1.0.200.202406191623/tools/bin/../lib/gcc/arm-none-eabi/12.3.1/thumb/v7e-m+fp/hard/crti.o
 .ARM.attributes
                0x00000022       0x34 C:/ST/STM32CubeIDE_1.16.0/STM32CubeIDE/plugins/com.st.stm32cube.ide.mcu.externaltools.gnu-tools-for-stm32.12.3.rel1.win32_1.0.200.202406191623/tools/bin/../lib/gcc/arm-none-eabi/12.3.1/thumb/v7e-m+fp/hard/crtbegin.o
 .ARM.attributes
                0x00000056       0x34 ./Core/Src/freertos.o
 .ARM.attributes
                0x0000008a       0x34 ./Core/Src/main.o
 .ARM.attributes
                0x000000be       0x34 ./Core/Src/stm32f4xx_hal_msp.o
 .ARM.attributes
                0x000000f2       0x34 ./Core/Src/stm32f4xx_hal_timebase_tim.o
 .ARM.attributes
                0x00000126       0x34 ./Core/Src/stm32f4xx_it.o
 .ARM.attributes
                0x0000015a       0x34 ./Core/Src/sysmem.o
 .ARM.attributes
                0x0000018e       0x34 ./Core/Src/system_stm32f4xx.o
 .ARM.attributes
                0x000001c2       0x21 ./Core/Startup/startup_stm32f429zitx.o
 .ARM.attributes
                0x000001e3       0x34 ./Drivers/STM32F4xx_HAL_Driver/Src/stm32f4xx_hal.o
 .ARM.attributes
                0x00000217       0x34 ./Drivers/STM32F4xx_HAL_Driver/Src/stm32f4xx_hal_cortex.o
 .ARM.attributes
                0x0000024b       0x34 ./Drivers/STM32F4xx_HAL_Driver/Src/stm32f4xx_hal_crc.o
 .ARM.attributes
                0x0000027f       0x34 ./Drivers/STM32F4xx_HAL_Driver/Src/stm32f4xx_hal_dma2d.o
 .ARM.attributes
                0x000002b3       0x34 ./Drivers/STM32F4xx_HAL_Driver/Src/stm32f4xx_hal_gpio.o
 .ARM.attributes
                0x000002e7       0x34 ./Drivers/STM32F4xx_HAL_Driver/Src/stm32f4xx_hal_hcd.o
 .ARM.attributes
                0x0000031b       0x34 ./Drivers/STM32F4xx_HAL_Driver/Src/stm32f4xx_hal_i2c.o
 .ARM.attributes
                0x0000034f       0x34 ./Drivers/STM32F4xx_HAL_Driver/Src/stm32f4xx_hal_i2c_ex.o
 .ARM.attributes
                0x00000383       0x34 ./Drivers/STM32F4xx_HAL_Driver/Src/stm32f4xx_hal_ltdc.o
 .ARM.attributes
                0x000003b7       0x34 ./Drivers/STM32F4xx_HAL_Driver/Src/stm32f4xx_hal_rcc.o
 .ARM.attributes
                0x000003eb       0x34 ./Drivers/STM32F4xx_HAL_Driver/Src/stm32f4xx_hal_rcc_ex.o
 .ARM.attributes
                0x0000041f       0x34 ./Drivers/STM32F4xx_HAL_Driver/Src/stm32f4xx_hal_sdram.o
 .ARM.attributes
                0x00000453       0x34 ./Drivers/STM32F4xx_HAL_Driver/Src/stm32f4xx_hal_spi.o
 .ARM.attributes
                0x00000487       0x34 ./Drivers/STM32F4xx_HAL_Driver/Src/stm32f4xx_hal_tim.o
 .ARM.attributes
                0x000004bb       0x34 ./Drivers/STM32F4xx_HAL_Driver/Src/stm32f4xx_hal_tim_ex.o
 .ARM.attributes
                0x000004ef       0x34 ./Drivers/STM32F4xx_HAL_Driver/Src/stm32f4xx_hal_uart.o
 .ARM.attributes
                0x00000523       0x34 ./Drivers/STM32F4xx_HAL_Driver/Src/stm32f4xx_ll_fmc.o
 .ARM.attributes
                0x00000557       0x34 ./Drivers/STM32F4xx_HAL_Driver/Src/stm32f4xx_ll_usb.o
 .ARM.attributes
                0x0000058b       0x34 ./Middlewares/ST/STM32_USB_Host_Library/Class/CDC/Src/usbh_cdc.o
 .ARM.attributes
                0x000005bf       0x34 ./Middlewares/ST/STM32_USB_Host_Library/Core/Src/usbh_core.o
 .ARM.attributes
                0x000005f3       0x34 ./Middlewares/ST/STM32_USB_Host_Library/Core/Src/usbh_ctlreq.o
 .ARM.attributes
                0x00000627       0x34 ./Middlewares/ST/STM32_USB_Host_Library/Core/Src/usbh_ioreq.o
 .ARM.attributes
                0x0000065b       0x34 ./Middlewares/ST/STM32_USB_Host_Library/Core/Src/usbh_pipes.o
 .ARM.attributes
                0x0000068f       0x34 ./Middlewares/Third_Party/FreeRTOS/Source/CMSIS_RTOS/cmsis_os.o
 .ARM.attributes
                0x000006c3       0x34 ./Middlewares/Third_Party/FreeRTOS/Source/list.o
 .ARM.attributes
                0x000006f7       0x34 ./Middlewares/Third_Party/FreeRTOS/Source/queue.o
 .ARM.attributes
                0x0000072b       0x34 ./Middlewares/Third_Party/FreeRTOS/Source/tasks.o
 .ARM.attributes
                0x0000075f       0x34 ./Middlewares/Third_Party/FreeRTOS/Source/portable/GCC/ARM_CM4F/port.o
 .ARM.attributes
                0x00000793       0x34 ./Middlewares/Third_Party/FreeRTOS/Source/portable/MemMang/heap_4.o
 .ARM.attributes
                0x000007c7       0x34 ./USB_HOST/App/usb_host.o
 .ARM.attributes
                0x000007fb       0x34 ./USB_HOST/Target/usbh_conf.o
 .ARM.attributes
                0x0000082f       0x34 ./USB_HOST/Target/usbh_platform.o
 .ARM.attributes
                0x00000863       0x34 C:/ST/STM32CubeIDE_1.16.0/STM32CubeIDE/plugins/com.st.stm32cube.ide.mcu.externaltools.gnu-tools-for-stm32.12.3.rel1.win32_1.0.200.202406191623/tools/bin/../lib/gcc/arm-none-eabi/12.3.1/../../../../arm-none-eabi/lib/thumb/v7e-m+fp/hard\libc_nano.a(libc_a-malloc.o)
 .ARM.attributes
                0x00000897       0x34 C:/ST/STM32CubeIDE_1.16.0/STM32CubeIDE/plugins/com.st.stm32cube.ide.mcu.externaltools.gnu-tools-for-stm32.12.3.rel1.win32_1.0.200.202406191623/tools/bin/../lib/gcc/arm-none-eabi/12.3.1/../../../../arm-none-eabi/lib/thumb/v7e-m+fp/hard\libc_nano.a(libc_a-mallocr.o)
 .ARM.attributes
                0x000008cb       0x34 C:/ST/STM32CubeIDE_1.16.0/STM32CubeIDE/plugins/com.st.stm32cube.ide.mcu.externaltools.gnu-tools-for-stm32.12.3.rel1.win32_1.0.200.202406191623/tools/bin/../lib/gcc/arm-none-eabi/12.3.1/../../../../arm-none-eabi/lib/thumb/v7e-m+fp/hard\libc_nano.a(libc_a-mlock.o)
 .ARM.attributes
                0x000008ff       0x34 C:/ST/STM32CubeIDE_1.16.0/STM32CubeIDE/plugins/com.st.stm32cube.ide.mcu.externaltools.gnu-tools-for-stm32.12.3.rel1.win32_1.0.200.202406191623/tools/bin/../lib/gcc/arm-none-eabi/12.3.1/../../../../arm-none-eabi/lib/thumb/v7e-m+fp/hard\libc_nano.a(libc_a-findfp.o)
 .ARM.attributes
                0x00000933       0x34 C:/ST/STM32CubeIDE_1.16.0/STM32CubeIDE/plugins/com.st.stm32cube.ide.mcu.externaltools.gnu-tools-for-stm32.12.3.rel1.win32_1.0.200.202406191623/tools/bin/../lib/gcc/arm-none-eabi/12.3.1/../../../../arm-none-eabi/lib/thumb/v7e-m+fp/hard\libc_nano.a(libc_a-memset.o)
 .ARM.attributes
                0x00000967       0x34 C:/ST/STM32CubeIDE_1.16.0/STM32CubeIDE/plugins/com.st.stm32cube.ide.mcu.externaltools.gnu-tools-for-stm32.12.3.rel1.win32_1.0.200.202406191623/tools/bin/../lib/gcc/arm-none-eabi/12.3.1/../../../../arm-none-eabi/lib/thumb/v7e-m+fp/hard\libc_nano.a(libc_a-reent.o)
 .ARM.attributes
                0x0000099b       0x34 C:/ST/STM32CubeIDE_1.16.0/STM32CubeIDE/plugins/com.st.stm32cube.ide.mcu.externaltools.gnu-tools-for-stm32.12.3.rel1.win32_1.0.200.202406191623/tools/bin/../lib/gcc/arm-none-eabi/12.3.1/../../../../arm-none-eabi/lib/thumb/v7e-m+fp/hard\libc_nano.a(libc_a-impure.o)
 .ARM.attributes
                0x000009cf       0x34 C:/ST/STM32CubeIDE_1.16.0/STM32CubeIDE/plugins/com.st.stm32cube.ide.mcu.externaltools.gnu-tools-for-stm32.12.3.rel1.win32_1.0.200.202406191623/tools/bin/../lib/gcc/arm-none-eabi/12.3.1/../../../../arm-none-eabi/lib/thumb/v7e-m+fp/hard\libc_nano.a(libc_a-sbrkr.o)
 .ARM.attributes
                0x00000a03       0x34 C:/ST/STM32CubeIDE_1.16.0/STM32CubeIDE/plugins/com.st.stm32cube.ide.mcu.externaltools.gnu-tools-for-stm32.12.3.rel1.win32_1.0.200.202406191623/tools/bin/../lib/gcc/arm-none-eabi/12.3.1/../../../../arm-none-eabi/lib/thumb/v7e-m+fp/hard\libc_nano.a(libc_a-errno.o)
 .ARM.attributes
                0x00000a37       0x34 C:/ST/STM32CubeIDE_1.16.0/STM32CubeIDE/plugins/com.st.stm32cube.ide.mcu.externaltools.gnu-tools-for-stm32.12.3.rel1.win32_1.0.200.202406191623/tools/bin/../lib/gcc/arm-none-eabi/12.3.1/../../../../arm-none-eabi/lib/thumb/v7e-m+fp/hard\libc_nano.a(libc_a-init.o)
 .ARM.attributes
                0x00000a6b       0x34 C:/ST/STM32CubeIDE_1.16.0/STM32CubeIDE/plugins/com.st.stm32cube.ide.mcu.externaltools.gnu-tools-for-stm32.12.3.rel1.win32_1.0.200.202406191623/tools/bin/../lib/gcc/arm-none-eabi/12.3.1/../../../../arm-none-eabi/lib/thumb/v7e-m+fp/hard\libc_nano.a(libc_a-lock.o)
 .ARM.attributes
                0x00000a9f       0x34 C:/ST/STM32CubeIDE_1.16.0/STM32CubeIDE/plugins/com.st.stm32cube.ide.mcu.externaltools.gnu-tools-for-stm32.12.3.rel1.win32_1.0.200.202406191623/tools/bin/../lib/gcc/arm-none-eabi/12.3.1/../../../../arm-none-eabi/lib/thumb/v7e-m+fp/hard\libc_nano.a(libc_a-memcpy-stub.o)
 .ARM.attributes
                0x00000ad3       0x34 C:/ST/STM32CubeIDE_1.16.0/STM32CubeIDE/plugins/com.st.stm32cube.ide.mcu.externaltools.gnu-tools-for-stm32.12.3.rel1.win32_1.0.200.202406191623/tools/bin/../lib/gcc/arm-none-eabi/12.3.1/../../../../arm-none-eabi/lib/thumb/v7e-m+fp/hard\libc_nano.a(libc_a-freer.o)
 .ARM.attributes
                0x00000b07       0x22 C:/ST/STM32CubeIDE_1.16.0/STM32CubeIDE/plugins/com.st.stm32cube.ide.mcu.externaltools.gnu-tools-for-stm32.12.3.rel1.win32_1.0.200.202406191623/tools/bin/../lib/gcc/arm-none-eabi/12.3.1/thumb/v7e-m+fp/hard\libgcc.a(_aeabi_uldivmod.o)
 .ARM.attributes
                0x00000b29       0x34 C:/ST/STM32CubeIDE_1.16.0/STM32CubeIDE/plugins/com.st.stm32cube.ide.mcu.externaltools.gnu-tools-for-stm32.12.3.rel1.win32_1.0.200.202406191623/tools/bin/../lib/gcc/arm-none-eabi/12.3.1/thumb/v7e-m+fp/hard\libgcc.a(_udivmoddi4.o)
 .ARM.attributes
                0x00000b5d       0x22 C:/ST/STM32CubeIDE_1.16.0/STM32CubeIDE/plugins/com.st.stm32cube.ide.mcu.externaltools.gnu-tools-for-stm32.12.3.rel1.win32_1.0.200.202406191623/tools/bin/../lib/gcc/arm-none-eabi/12.3.1/thumb/v7e-m+fp/hard\libgcc.a(_dvmd_tls.o)
 .ARM.attributes
                0x00000b7f       0x22 C:/ST/STM32CubeIDE_1.16.0/STM32CubeIDE/plugins/com.st.stm32cube.ide.mcu.externaltools.gnu-tools-for-stm32.12.3.rel1.win32_1.0.200.202406191623/tools/bin/../lib/gcc/arm-none-eabi/12.3.1/thumb/v7e-m+fp/hard/crtn.o
OUTPUT(SecondSTM.elf elf32-littlearm)
LOAD linker stubs
LOAD C:/ST/STM32CubeIDE_1.16.0/STM32CubeIDE/plugins/com.st.stm32cube.ide.mcu.externaltools.gnu-tools-for-stm32.12.3.rel1.win32_1.0.200.202406191623/tools/bin/../lib/gcc/arm-none-eabi/12.3.1/../../../../arm-none-eabi/lib/thumb/v7e-m+fp/hard\libc.a