Archive member included to satisfy reference by file (symbol)

C:/ST/STM32CubeIDE_1.16.0/STM32CubeIDE/plugins/com.st.stm32cube.ide.mcu.externaltools.gnu-tools-for-stm32.12.3.rel1.win32_1.0.200.202406191623/tools/bin/../lib/gcc/arm-none-eabi/12.3.1/../../../../arm-none-eabi/lib/thumb/v7e-m+fp/hard\libc_nano.a(libc_a-exit.o)
                              C:/ST/STM32CubeIDE_1.16.0/STM32CubeIDE/plugins/com.st.stm32cube.ide.mcu.externaltools.gnu-tools-for-stm32.12.3.rel1.win32_1.0.200.202406191623/tools/bin/../lib/gcc/arm-none-eabi/12.3.1/../../../../arm-none-eabi/lib/thumb/v7e-m+fp/hard/crt0.o (exit)
C:/ST/STM32CubeIDE_1.16.0/STM32CubeIDE/plugins/com.st.stm32cube.ide.mcu.externaltools.gnu-tools-for-stm32.12.3.rel1.win32_1.0.200.202406191623/tools/bin/../lib/gcc/arm-none-eabi/12.3.1/../../../../arm-none-eabi/lib/thumb/v7e-m+fp/hard\libc_nano.a(libc_a-findfp.o)
                              C:/ST/STM32CubeIDE_1.16.0/STM32CubeIDE/plugins/com.st.stm32cube.ide.mcu.externaltools.gnu-tools-for-stm32.12.3.rel1.win32_1.0.200.202406191623/tools/bin/../lib/gcc/arm-none-eabi/12.3.1/../../../../arm-none-eabi/lib/thumb/v7e-m+fp/hard\libc_nano.a(libc_a-exit.o) (__stdio_exit_handler)
C:/ST/STM32CubeIDE_1.16.0/STM32CubeIDE/plugins/com.st.stm32cube.ide.mcu.externaltools.gnu-tools-for-stm32.12.3.rel1.win32_1.0.200.202406191623/tools/bin/../lib/gcc/arm-none-eabi/12.3.1/../../../../arm-none-eabi/lib/thumb/v7e-m+fp/hard\libc_nano.a(libc_a-fwalk.o)
                              C:/ST/STM32CubeIDE_1.16.0/STM32CubeIDE/plugins/com.st.stm32cube.ide.mcu.externaltools.gnu-tools-for-stm32.12.3.rel1.win32_1.0.200.202406191623/tools/bin/../lib/gcc/arm-none-eabi/12.3.1/../../../../arm-none-eabi/lib/thumb/v7e-m+fp/hard\libc_nano.a(libc_a-findfp.o) (_fwalk_sglue)
C:/ST/STM32CubeIDE_1.16.0/STM32CubeIDE/plugins/com.st.stm32cube.ide.mcu.externaltools.gnu-tools-for-stm32.12.3.rel1.win32_1.0.200.202406191623/tools/bin/../lib/gcc/arm-none-eabi/12.3.1/../../../../arm-none-eabi/lib/thumb/v7e-m+fp/hard\libc_nano.a(libc_a-stdio.o)
                              C:/ST/STM32CubeIDE_1.16.0/STM32CubeIDE/plugins/com.st.stm32cube.ide.mcu.externaltools.gnu-tools-for-stm32.12.3.rel1.win32_1.0.200.202406191623/tools/bin/../lib/gcc/arm-none-eabi/12.3.1/../../../../arm-none-eabi/lib/thumb/v7e-m+fp/hard\libc_nano.a(libc_a-findfp.o) (__sread)
C:/ST/STM32CubeIDE_1.16.0/STM32CubeIDE/plugins/com.st.stm32cube.ide.mcu.externaltools.gnu-tools-for-stm32.12.3.rel1.win32_1.0.200.202406191623/tools/bin/../lib/gcc/arm-none-eabi/12.3.1/../../../../arm-none-eabi/lib/thumb/v7e-m+fp/hard\libc_nano.a(libc_a-memset.o)
                              C:/ST/STM32CubeIDE_1.16.0/STM32CubeIDE/plugins/com.st.stm32cube.ide.mcu.externaltools.gnu-tools-for-stm32.12.3.rel1.win32_1.0.200.202406191623/tools/bin/../lib/gcc/arm-none-eabi/12.3.1/../../../../arm-none-eabi/lib/thumb/v7e-m+fp/hard/crt0.o (memset)
C:/ST/STM32CubeIDE_1.16.0/STM32CubeIDE/plugins/com.st.stm32cube.ide.mcu.externaltools.gnu-tools-for-stm32.12.3.rel1.win32_1.0.200.202406191623/tools/bin/../lib/gcc/arm-none-eabi/12.3.1/../../../../arm-none-eabi/lib/thumb/v7e-m+fp/hard\libc_nano.a(libc_a-closer.o)
                              C:/ST/STM32CubeIDE_1.16.0/STM32CubeIDE/plugins/com.st.stm32cube.ide.mcu.externaltools.gnu-tools-for-stm32.12.3.rel1.win32_1.0.200.202406191623/tools/bin/../lib/gcc/arm-none-eabi/12.3.1/../../../../arm-none-eabi/lib/thumb/v7e-m+fp/hard\libc_nano.a(libc_a-stdio.o) (_close_r)
C:/ST/STM32CubeIDE_1.16.0/STM32CubeIDE/plugins/com.st.stm32cube.ide.mcu.externaltools.gnu-tools-for-stm32.12.3.rel1.win32_1.0.200.202406191623/tools/bin/../lib/gcc/arm-none-eabi/12.3.1/../../../../arm-none-eabi/lib/thumb/v7e-m+fp/hard\libc_nano.a(libc_a-reent.o)
                              C:/ST/STM32CubeIDE_1.16.0/STM32CubeIDE/plugins/com.st.stm32cube.ide.mcu.externaltools.gnu-tools-for-stm32.12.3.rel1.win32_1.0.200.202406191623/tools/bin/../lib/gcc/arm-none-eabi/12.3.1/../../../../arm-none-eabi/lib/thumb/v7e-m+fp/hard\libc_nano.a(libc_a-closer.o) (errno)
C:/ST/STM32CubeIDE_1.16.0/STM32CubeIDE/plugins/com.st.stm32cube.ide.mcu.externaltools.gnu-tools-for-stm32.12.3.rel1.win32_1.0.200.202406191623/tools/bin/../lib/gcc/arm-none-eabi/12.3.1/../../../../arm-none-eabi/lib/thumb/v7e-m+fp/hard\libc_nano.a(libc_a-impure.o)
                              C:/ST/STM32CubeIDE_1.16.0/STM32CubeIDE/plugins/com.st.stm32cube.ide.mcu.externaltools.gnu-tools-for-stm32.12.3.rel1.win32_1.0.200.202406191623/tools/bin/../lib/gcc/arm-none-eabi/12.3.1/../../../../arm-none-eabi/lib/thumb/v7e-m+fp/hard\libc_nano.a(libc_a-reent.o) (_impure_ptr)
C:/ST/STM32CubeIDE_1.16.0/STM32CubeIDE/plugins/com.st.stm32cube.ide.mcu.externaltools.gnu-tools-for-stm32.12.3.rel1.win32_1.0.200.202406191623/tools/bin/../lib/gcc/arm-none-eabi/12.3.1/../../../../arm-none-eabi/lib/thumb/v7e-m+fp/hard\libc_nano.a(libc_a-lseekr.o)
[...]
Memory Configuration

Name             Origin             Length             Attributes
RAM              0x20000000         0x00018000         xrw
RAM2             0x10000000         0x00008000         xrw
FLASH            0x08000000         0x00100000         xr
*default*        0x00000000         0xffffffff

Linker script and memory map

LOAD C:/ST/STM32CubeIDE_1.16.0/STM32CubeIDE/plugins/com.st.stm32cube.ide.mcu.externaltools.gnu-tools-for-stm32.12.3.rel1.win32_1.0.200.202406191623/tools/bin/../lib/gcc/arm-none-eabi/12.3.1/thumb/v7e-m+fp/hard/crti.o
LOAD C:/ST/STM32CubeIDE_1.16.0/STM32CubeIDE/plugins/com.st.stm32cube.ide.mcu.externaltools.gnu-tools-for-stm32.12.3.rel1.win32_1.0.200.202406191623/tools/bin/../lib/gcc/arm-none-eabi/12.3.1/thumb/v7e-m+fp/hard/crtbegin.o
LOAD C:/ST/STM32CubeIDE_1.16.0/STM32CubeIDE/plugins/com.st.stm32cube.ide.mcu.externaltools.gnu-tools-for-stm32.12.3.rel1.win32_1.0.200.202406191623/tools/bin/../lib/gcc/arm-none-eabi/12.3.1/../../../../arm-none-eabi/lib/thumb/v7e-m+fp/hard/crt0.o
LOAD ./Core/Src/gpio.o
LOAD ./Core/Src/main.o
LOAD ./Core/Src/nRF24.o
LOAD ./Core/Src/radioControl.o
LOAD ./Core/Src/receiver.o
LOAD ./Core/Src/spi.o
LOAD ./Core/Src/stm32l4xx_it.o
LOAD ./Core/Src/syscalls.o
LOAD ./Core/Src/sysmem.o
LOAD ./Core/Src/system_stm32l4xx.o
LOAD ./Core/Src/tim.o
LOAD ./Core/Startup/startup_stm32l476rgtx.o
LOAD ./Drivers/STM32L4xx_HAL_Driver/Src/stm32l4xx_ll_adc.o
LOAD ./Drivers/STM32L4xx_HAL_Driver/Src/stm32l4xx_ll_dma.o
LOAD ./Drivers/STM32L4xx_HAL_Driver/Src/stm32l4xx_ll_exti.o
LOAD ./Drivers/STM32L4xx_HAL_Driver/Src/stm32l4xx_ll_gpio.o
LOAD ./Drivers/STM32L4xx_HAL_Driver/Src/stm32l4xx_ll_i2c.o
LOAD ./Drivers/STM32L4xx_HAL_Driver/Src/stm32l4xx_ll_pwr.o
LOAD ./Drivers/STM32L4xx_HAL_Driver/Src/stm32l4xx_ll_rcc.o
LOAD ./Drivers/STM32L4xx_HAL_Driver/Src/stm32l4xx_ll_spi.o
LOAD ./Drivers/STM32L4xx_HAL_Driver/Src/stm32l4xx_ll_tim.o
LOAD ./Drivers/STM32L4xx_HAL_Driver/Src/stm32l4xx_ll_usart.o
LOAD ./Drivers/STM32L4xx_HAL_Driver/Src/stm32l4xx_ll_utils.o
START GROUP
LOAD C:/ST/STM32CubeIDE_1.16.0/STM32CubeIDE/plugins/com.st.stm32cube.ide.mcu.externaltools.gnu-tools-for-stm32.12.3.rel1.win32_1.0.200.202406191623/tools/bin/../lib/gcc/arm-none-eabi/12.3.1/../../../../arm-none-eabi/lib/thumb/v7e-m+fp/hard\libc_nano.a
LOAD C:/ST/STM32CubeIDE_1.16.0/STM32CubeIDE/plugins/com.st.stm32cube.ide.mcu.externaltools.gnu-tools-for-stm32.12.3.rel1.win32_1.0.200.202406191623/tools/bin/../lib/gcc/arm-none-eabi/12.3.1/../../../../arm-none-eabi/lib/thumb/v7e-m+fp/hard\libm.a
END GROUP
START GROUP
LOAD C:/ST/STM32CubeIDE_1.16.0/STM32CubeIDE/plugins/com.st.stm32cube.ide.mcu.externaltools.gnu-tools-for-stm32.12.3.rel1.win32_1.0.200.202406191623/tools/bin/../lib/gcc/arm-none-eabi/12.3.1/thumb/v7e-m+fp/hard\libgcc.a
LOAD C:/ST/STM32CubeIDE_1.16.0/STM32CubeIDE/plugins/com.st.stm32cube.ide.mcu.externaltools.gnu-tools-for-stm32.12.3.rel1.win32_1.0.200.202406191623/tools/bin/../lib/gcc/arm-none-eabi/12.3.1/../../../../arm-none-eabi/lib/thumb/v7e-m+fp/hard\libc_nano.a
END GROUP
START GROUP
LOAD C:/ST/STM32CubeIDE_1.16.0/STM32CubeIDE/plugins/com.st.stm32cube.ide.mcu.externaltools.gnu-tools-for-stm32.12.3.rel1.win32_1.0.200.202406191623/tools/bin/../lib/gcc/arm-none-eabi/12.3.1/thumb/v7e-m+fp/hard\libgcc.a
LOAD C:/ST/STM32CubeIDE_1.16.0/STM32CubeIDE/plugins/com.st.stm32cube.ide.mcu.externaltools.gnu-tools-for-stm32.12.3.rel1.win32_1.0.200.202406191623/tools/bin/../lib/gcc/arm-none-eabi/12.3.1/../../../../arm-none-eabi/lib/thumb/v7e-m+fp/hard\libc_nano.a
LOAD C:/ST/STM32CubeIDE_1.16.0/STM32CubeIDE/plugins/com.st.stm32cube.ide.mcu.externaltools.gnu-tools-for-stm32.12.3.rel1.win32_1.0.200.202406191623/tools/bin/../lib/gcc/arm-none-eabi/12.3.1/../../../../arm-none-eabi/lib/thumb/v7e-m+fp/hard\libnosys.a
END GROUP
START GROUP
LOAD C:/ST/STM32CubeIDE_1.16.0/STM32CubeIDE/plugins/com.st.stm32cube.ide.mcu.externaltools.gnu-tools-for-stm32.12.3.rel1.win32_1.0.200.202406191623/tools/bin/../lib/gcc/arm-none-eabi/12.3.1/thumb/v7e-m+fp/hard\libgcc.a
LOAD C:/ST/STM32CubeIDE_1.16.0/STM32CubeIDE/plugins/com.st.stm32cube.ide.mcu.externaltools.gnu-tools-for-stm32.12.3.rel1.win32_1.0.200.202406191623/tools/bin/../lib/gcc/arm-none-eabi/12.3.1/../../../../arm-none-eabi/lib/thumb/v7e-m+fp/hard\libc_nano.a
LOAD C:/ST/STM32CubeIDE_1.16.0/STM32CubeIDE/plugins/com.st.stm32cube.ide.mcu.externaltools.gnu-tools-for-stm32.12.3.rel1.win32_1.0.200.202406191623/tools/bin/../lib/gcc/arm-none-eabi/12.3.1/../../../../arm-none-eabi/lib/thumb/v7e-m+fp/hard\libnosys.a
END GROUP
LOAD C:/ST/STM32CubeIDE_1.16.0/STM32CubeIDE/plugins/com.st.stm32cube.ide.mcu.externaltools.gnu-tools-for-stm32.12.3.rel1.win32_1.0.200.202406191623/tools/bin/../lib/gcc/arm-none-eabi/12.3.1/thumb/v7e-m+fp/hard/crtend.o
LOAD C:/ST/STM32CubeIDE_1.16.0/STM32CubeIDE/plugins/com.st.stm32cube.ide.mcu.externaltools.gnu-tools-for-stm32.12.3.rel1.win32_1.0.200.202406191623/tools/bin/../lib/gcc/arm-none-eabi/12.3.1/thumb/v7e-m+fp/hard/crtn.o
                0x20018000                        _estack = (ORIGIN (RAM) + LENGTH (RAM))
                0x00000200                        _Min_Heap_Size = 0x200
                0x00000400                        _Min_Stack_Size = 0x400

.isr_vector     0x08000000      0x188
                0x08000000                        . = ALIGN (0x4)
 *(.isr_vector)
 .isr_vector    0x08000000      0x188 ./Core/Startup/startup_stm32l476rgtx.o
                0x08000000                g_pfnVectors
                0x08000188                        . = ALIGN (0x4)

.text           0x08000188     0x2420
                0x08000188                        . = ALIGN (0x4)
 *(.text)
 .text          0x08000188       0x40 C:/ST/STM32CubeIDE_1.16.0/STM32CubeIDE/plugins/com.st.stm32cube.ide.mcu.externaltools.gnu-tools-for-stm32.12.3.rel1.win32_1.0.200.202406191623/tools/bin/../lib/gcc/arm-none-eabi/12.3.1/thumb/v7e-m+fp/hard/crtbegin.o
 *(.text*)
 .text.LL_AHB2_GRP1_EnableClock
                0x080001c8       0x30 ./Core/Src/gpio.o
 .text.MX_GPIO_Init
                0x080001f8        0xe ./Core/Src/gpio.o
                0x080001f8                MX_GPIO_Init
 *fill*         0x08000206        0x2 
 .text.__NVIC_SetPriorityGrouping
                0x08000208       0x48 ./Core/Src/main.o
 .text.__NVIC_GetPriorityGrouping
                0x08000250       0x1c ./Core/Src/main.o
 .text.__NVIC_SetPriority
                0x0800026c       0x54 ./Core/Src/main.o
 .text.NVIC_EncodePriority
                0x080002c0       0x66 ./Core/Src/main.o
 *fill*         0x08000326        0x2 
 .text.SysTick_Config
                0x08000328       0x44 ./Core/Src/main.o
 .text.LL_RCC_MSI_Enable
                0x0800036c       0x20 ./Core/Src/main.o
 .text.LL_RCC_MSI_IsReady
                0x0800038c       0x24 ./Core/Src/main.o
 .text.LL_RCC_MSI_EnableRangeSelection
                0x080003b0       0x20 ./Core/Src/main.o
 .text.LL_RCC_MSI_SetRange
                0x080003d0       0x28 ./Core/Src/main.o
 .text.LL_RCC_MSI_SetCalibTrimming
                0x080003f8       0x2c ./Core/Src/main.o
 .text.LL_RCC_SetSysClkSource
                0x08000424       0x28 ./Core/Src/main.o
 .text.LL_RCC_GetSysClkSource
                0x0800044c       0x1c ./Core/Src/main.o
 .text.LL_RCC_SetAHBPrescaler
                0x08000468       0x28 ./Core/Src/main.o
 .text.LL_RCC_SetAPB1Prescaler
                0x08000490       0x28 ./Core/Src/main.o
 .text.LL_RCC_SetAPB2Prescaler
                0x080004b8       0x28 ./Core/Src/main.o
 .text.LL_APB1_GRP1_EnableClock
                0x080004e0       0x30 ./Core/Src/main.o
 .text.LL_APB2_GRP1_EnableClock
                0x08000510       0x30 ./Core/Src/main.o
 .text.LL_FLASH_SetLatency
                0x08000540       0x28 ./Core/Src/main.o
 .text.LL_FLASH_GetLatency
                0x08000568       0x1c ./Core/Src/main.o
 .text.LL_PWR_SetRegulVoltageScaling
                0x08000584       0x28 ./Core/Src/main.o
 .text.LL_PWR_IsActiveFlag_VOS
                0x080005ac       0x28 ./Core/Src/main.o
 .text.main     0x080005d4       0xa4 ./Core/Src/main.o
                0x080005d4                main
 .text.SystemClock_Config
                0x08000678       0x84 ./Core/Src/main.o
                0x08000678                SystemClock_Config
 .text.SysTick_Handler
                0x080006fc       0x1c ./Core/Src/main.o
                0x080006fc                SysTick_Handler
 .text.LL_AHB2_GRP1_EnableClock
                0x08000718       0x30 ./Core/Src/nRF24.o
 .text.LL_GPIO_SetOutputPin
                0x08000748       0x1c ./Core/Src/nRF24.o
 .text.NRF24_DelayMicroSeconds
                0x08000764       0x44 ./Core/Src/nRF24.o
                0x08000764                NRF24_DelayMicroSeconds
 .text.NRF24_csn
                0x080007a8       0x20 ./Core/Src/nRF24.o
                0x080007a8                NRF24_csn
 .text.NRF24_ce
                0x080007c8       0x40 ./Core/Src/nRF24.o
                0x080007c8                NRF24_ce
 .text.NRF24_read_register
                0x08000808       0x48 ./Core/Src/nRF24.o
                0x08000808                NRF24_read_register
 .text.NRF24_write_register
                0x08000850       0x3e ./Core/Src/nRF24.o
                0x08000850                NRF24_write_register
 .text.NRF24_write_registerN
                0x0800088e       0x44 ./Core/Src/nRF24.o
                0x0800088e                NRF24_write_registerN
 .text.NRF24_flush_tx
                0x080008d2       0x10 ./Core/Src/nRF24.o
                0x080008d2                NRF24_flush_tx
 .text.NRF24_flush_rx
                0x080008e2       0x10 ./Core/Src/nRF24.o
                0x080008e2                NRF24_flush_rx
 *fill*         0x080008f2        0x2 
 .text.NRF24_init_GPIO
                0x080008f4       0x48 ./Core/Src/nRF24.o
                0x080008f4                NRF24_init_GPIO
 .text.NRF24_begin
                0x0800093c      0x1a0 ./Core/Src/nRF24.o
                0x0800093c                NRF24_begin
 .text.NRF24_startListening
                0x08000adc       0x4c ./Core/Src/nRF24.o
                0x08000adc                NRF24_startListening
 .text.NRF24_openReadingPipe
                0x08000b28       0x9c ./Core/Src/nRF24.o
                0x08000b28                NRF24_openReadingPipe
 .text.NRF24_setRetries
                0x08000bc4       0x36 ./Core/Src/nRF24.o
                0x08000bc4                NRF24_setRetries
 .text.NRF24_setChannel
                0x08000bfa       0x2a ./Core/Src/nRF24.o
                0x08000bfa                NRF24_setChannel
 .text.NRF24_setPayloadSize
                0x08000c24       0x30 ./Core/Src/nRF24.o
                0x08000c24                NRF24_setPayloadSize
 .text.NRF24_enableAckPayload
                0x08000c54       0x5a ./Core/Src/nRF24.o
                0x08000c54                NRF24_enableAckPayload
 *fill*         0x08000cae        0x2 
 .text.NRF24_enableDynamicPayloads
                0x08000cb0       0x64 ./Core/Src/nRF24.o
                0x08000cb0                NRF24_enableDynamicPayloads
 .text.NRF24_disableDynamicPayloads
                0x08000d14       0x30 ./Core/Src/nRF24.o
                0x08000d14                NRF24_disableDynamicPayloads
 .text.NRF24_setAutoAck
                0x08000d44       0x2a ./Core/Src/nRF24.o
                0x08000d44                NRF24_setAutoAck
 .text.NRF24_setPALevel
                0x08000d6e       0x72 ./Core/Src/nRF24.o
                0x08000d6e                NRF24_setPALevel
 .text.NRF24_setDataRate
                0x08000de0       0x8c ./Core/Src/nRF24.o
                0x08000de0                NRF24_setDataRate
 .text.NRF24_setCRCLength
                0x08000e6c       0x50 ./Core/Src/nRF24.o
                0x08000e6c                NRF24_setCRCLength
 .text.NRF24_powerDown
                0x08000ebc       0x1e ./Core/Src/nRF24.o
                0x08000ebc                NRF24_powerDown
 .text.NRF24_resetStatus
                0x08000eda       0x10 ./Core/Src/nRF24.o
                0x08000eda                NRF24_resetStatus
 .text.NRF24_ACTIVATE_cmd
                0x08000eea       0x2c ./Core/Src/nRF24.o
                0x08000eea                NRF24_ACTIVATE_cmd
 .text.printRadioSettings
                0x08000f16        0xe ./Core/Src/nRF24.o
                0x08000f16                printRadioSettings
 .text.LL_AHB2_GRP1_EnableClock
                0x08000f24       0x30 ./Core/Src/radioControl.o
 .text.LL_GPIO_SetPinMode
                0x08000f54       0x7a ./Core/Src/radioControl.o
 .text.LL_GPIO_SetPinSpeed
                0x08000fce       0x7a ./Core/Src/radioControl.o
 .text.LL_GPIO_SetPinPull
                0x08001048       0x7a ./Core/Src/radioControl.o
 *fill*         0x080010c2        0x2 
 .text.init_ControlerButtons
                0x080010c4       0x8c ./Core/Src/radioControl.o
                0x080010c4                init_ControlerButtons
 .text.LL_AHB2_GRP1_EnableClock
                0x08001150       0x30 ./Core/Src/spi.o
 .text.LL_APB1_GRP1_EnableClock
                0x08001180       0x30 ./Core/Src/spi.o
 .text.LL_GPIO_SetOutputPin
                0x080011b0       0x1c ./Core/Src/spi.o
 .text.LL_GPIO_ResetOutputPin
                0x080011cc       0x1c ./Core/Src/spi.o
 .text.LL_SPI_Enable
                0x080011e8       0x20 ./Core/Src/spi.o
 .text.LL_SPI_Disable
                0x08001208       0x20 ./Core/Src/spi.o
 .text.LL_SPI_SetMode
                0x08001228       0x26 ./Core/Src/spi.o
 .text.LL_SPI_SetStandard
                0x0800124e       0x26 ./Core/Src/spi.o
 .text.LL_SPI_SetClockPhase
                0x08001274       0x26 ./Core/Src/spi.o
 .text.LL_SPI_SetClockPolarity
                0x0800129a       0x26 ./Core/Src/spi.o
 .text.LL_SPI_SetBaudRatePrescaler
                0x080012c0       0x26 ./Core/Src/spi.o
 .text.LL_SPI_SetTransferBitOrder
                0x080012e6       0x26 ./Core/Src/spi.o
 .text.LL_SPI_SetTransferDirection
                0x0800130c       0x26 ./Core/Src/spi.o
 .text.LL_SPI_SetDataWidth
                0x08001332       0x26 ./Core/Src/spi.o
 .text.LL_SPI_SetRxFIFOThreshold
                0x08001358       0x26 ./Core/Src/spi.o
 .text.LL_SPI_SetNSSMode
                0x0800137e       0x38 ./Core/Src/spi.o
 .text.LL_SPI_IsActiveFlag_RXNE
                0x080013b6       0x26 ./Core/Src/spi.o
 .text.LL_SPI_IsActiveFlag_TXE
                0x080013dc       0x26 ./Core/Src/spi.o
 .text.LL_SPI_IsActiveFlag_BSY
                0x08001402       0x26 ./Core/Src/spi.o
 .text.LL_SPI_GetRxFIFOLevel
                0x08001428       0x1c ./Core/Src/spi.o
 .text.LL_SPI_GetTxFIFOLevel
                0x08001444       0x1c ./Core/Src/spi.o
 .text.LL_SPI_ClearFlag_OVR
                0x08001460       0x24 ./Core/Src/spi.o
 .text.LL_SPI_DisableIT_RXNE
                0x08001484       0x20 ./Core/Src/spi.o
 .text.LL_SPI_DisableIT_TXE
                0x080014a4       0x20 ./Core/Src/spi.o
 .text.LL_SPI_IsEnabledIT_RXNE
                0x080014c4       0x26 ./Core/Src/spi.o
 .text.LL_SPI_IsEnabledIT_TXE
                0x080014ea       0x26 ./Core/Src/spi.o
 .text.LL_SPI_ReceiveData8
                0x08001510       0x1c ./Core/Src/spi.o
 .text.LL_SPI_TransmitData8
                0x0800152c       0x24 ./Core/Src/spi.o
 .text.MX_SPI2_Init
                0x08001550      0x114 ./Core/Src/spi.o
                0x08001550                MX_SPI2_Init
 .text.SPI2_IRQHandler
                0x08001664       0x44 ./Core/Src/spi.o
                0x08001664                SPI2_IRQHandler
 .text.spi_transmit_callback
                0x080016a8       0xd0 ./Core/Src/spi.o
                0x080016a8                spi_transmit_callback
 .text.spi_receive_callback
                0x08001778       0x8c ./Core/Src/spi.o
                0x08001778                spi_receive_callback
 .text.spi_cs_set_high
                0x08001804       0x18 ./Core/Src/spi.o
                0x08001804                spi_cs_set_high
 .text.spi_cs2_set_high
                0x0800181c       0x18 ./Core/Src/spi.o
                0x0800181c                spi_cs2_set_high
 .text.spi_cs2_set_low
                0x08001834       0x18 ./Core/Src/spi.o
                0x08001834                spi_cs2_set_low
 .text.spi_write_data
                0x0800184c       0x98 ./Core/Src/spi.o
                0x0800184c                spi_write_data
 .text.spi_read_data
                0x080018e4       0xb8 ./Core/Src/spi.o
                0x080018e4                spi_read_data
 .text.NMI_Handler
                0x0800199c        0x8 ./Core/Src/stm32l4xx_it.o
                0x0800199c                NMI_Handler
 .text.HardFault_Handler
                0x080019a4        0x8 ./Core/Src/stm32l4xx_it.o
                0x080019a4                HardFault_Handler
 .text.MemManage_Handler
                0x080019ac        0x8 ./Core/Src/stm32l4xx_it.o
                0x080019ac                MemManage_Handler
 .text.BusFault_Handler
                0x080019b4        0x8 ./Core/Src/stm32l4xx_it.o
                0x080019b4                BusFault_Handler
 .text.UsageFault_Handler
                0x080019bc        0x8 ./Core/Src/stm32l4xx_it.o
                0x080019bc                UsageFault_Handler
 .text.SVC_Handler
                0x080019c4        0xe ./Core/Src/stm32l4xx_it.o
                0x080019c4                SVC_Handler
 .text.DebugMon_Handler
                0x080019d2        0xe ./Core/Src/stm32l4xx_it.o
                0x080019d2                DebugMon_Handler
 .text.PendSV_Handler
                0x080019e0        0xe ./Core/Src/stm32l4xx_it.o
                0x080019e0                PendSV_Handler
 *fill*         0x080019ee        0x2 
 .text.SystemInit
                0x080019f0       0x24 ./Core/Src/system_stm32l4xx.o
                0x080019f0                SystemInit
 .text.LL_AHB2_GRP1_EnableClock
                0x08001a14       0x30 ./Core/Src/tim.o
 .text.LL_APB1_GRP1_EnableClock
                0x08001a44       0x30 ./Core/Src/tim.o
 .text.LL_APB2_GRP1_EnableClock
                0x08001a74       0x30 ./Core/Src/tim.o
 .text.LL_TIM_EnableCounter
                0x08001aa4       0x20 ./Core/Src/tim.o
 .text.LL_TIM_SetCounterMode
                0x08001ac4       0x26 ./Core/Src/tim.o
 .text.LL_TIM_SetPrescaler
                0x08001aea       0x1c ./Core/Src/tim.o
 .text.LL_TIM_SetAutoReload
                0x08001b06       0x1c ./Core/Src/tim.o
 .text.LL_TIM_CC_EnableChannel
                0x08001b22       0x22 ./Core/Src/tim.o
 .text.LL_TIM_OC_SetMode
                0x08001b44       0xb8 ./Core/Src/tim.o
 .text.LL_TIM_OC_SetPolarity
                0x08001bfc       0xa0 ./Core/Src/tim.o
 .text.LL_TIM_OC_SetCompareCH1
                0x08001c9c       0x1c ./Core/Src/tim.o
 .text.LL_TIM_SetClockSource
                0x08001cb8       0x2a ./Core/Src/tim.o
 .text.LL_TIM_ClearFlag_UPDATE
                0x08001ce2       0x1c ./Core/Src/tim.o
 .text.LL_TIM_GenerateEvent_UPDATE
                0x08001cfe       0x20 ./Core/Src/tim.o
 .text.LL_GPIO_SetPinMode
                0x08001d1e       0x7a ./Core/Src/tim.o
 .text.LL_GPIO_SetPinSpeed
                0x08001d98       0x7a ./Core/Src/tim.o
 .text.LL_GPIO_SetPinPull
                0x08001e12       0x7a ./Core/Src/tim.o
 .text.LL_GPIO_SetAFPin_0_7
                0x08001e8c       0x7a ./Core/Src/tim.o
 *fill*         0x08001f06        0x2 
 .text.MX_TIM2_Init
                0x08001f08       0xc0 ./Core/Src/tim.o
                0x08001f08                MX_TIM2_Init
 .text.MX_TIM3_Init
                0x08001fc8       0xb8 ./Core/Src/tim.o
                0x08001fc8                MX_TIM3_Init
 .text.PWM_GPIO_init
                0x08002080       0x44 ./Core/Src/tim.o
                0x08002080                PWM_GPIO_init
 .text.Reset_Handler
                0x080020c4       0x50 ./Core/Startup/startup_stm32l476rgtx.o
                0x080020c4                Reset_Handler
 .text.Default_Handler
                0x08002114        0x2 ./Core/Startup/startup_stm32l476rgtx.o
                0x08002114                RTC_Alarm_IRQHandler
                0x08002114                EXTI2_IRQHandler
                0x08002114                TIM8_TRG_COM_IRQHandler
                0x08002114                TIM8_CC_IRQHandler
                0x08002114                TIM1_CC_IRQHandler
                0x08002114                TSC_IRQHandler
                0x08002114                TAMP_STAMP_IRQHandler
                0x08002114                EXTI3_IRQHandler
                0x08002114                LPTIM2_IRQHandler
                0x08002114                DFSDM1_FLT1_IRQHandler
                0x08002114                I2C3_ER_IRQHandler
                0x08002114                DFSDM1_FLT2_IRQHandler
                0x08002114                EXTI0_IRQHandler
                0x08002114                I2C2_EV_IRQHandler
                0x08002114                CAN1_RX0_IRQHandler
                0x08002114                FPU_IRQHandler
                0x08002114                TIM1_UP_TIM16_IRQHandler
                0x08002114                ADC1_2_IRQHandler
                0x08002114                SPI1_IRQHandler
                0x08002114                TIM6_DAC_IRQHandler
                0x08002114                TIM8_UP_IRQHandler
                0x08002114                DMA2_Channel2_IRQHandler
                0x08002114                DMA1_Channel4_IRQHandler
                0x08002114                SAI2_IRQHandler
                0x08002114                DFSDM1_FLT3_IRQHandler
                0x08002114                USART3_IRQHandler
                0x08002114                DMA1_Channel7_IRQHandler
                0x08002114                CAN1_RX1_IRQHandler
                0x08002114                LCD_IRQHandler
                0x08002114                UART5_IRQHandler
                0x08002114                ADC3_IRQHandler
                0x08002114                TIM4_IRQHandler
                0x08002114                DMA2_Channel1_IRQHandler
                0x08002114                QUADSPI_IRQHandler
                0x08002114                I2C1_EV_IRQHandler
                0x08002114                DMA1_Channel6_IRQHandler
                0x08002114                UART4_IRQHandler
                0x08002114                DMA2_Channel4_IRQHandler
                0x08002114                TIM3_IRQHandler
                0x08002114                RCC_IRQHandler
                0x08002114                DMA1_Channel1_IRQHandler
                0x08002114                Default_Handler
                0x08002114                DMA2_Channel7_IRQHandler
                0x08002114                EXTI15_10_IRQHandler
                0x08002114                TIM7_IRQHandler
                0x08002114                SDMMC1_IRQHandler
                0x08002114                TIM5_IRQHandler
                0x08002114                I2C3_EV_IRQHandler
                0x08002114                EXTI9_5_IRQHandler
                0x08002114                RTC_WKUP_IRQHandler
                0x08002114                PVD_PVM_IRQHandler
                0x08002114                CAN1_TX_IRQHandler
                0x08002114                DMA2_Channel5_IRQHandler
                0x08002114                DMA1_Channel5_IRQHandler
                0x08002114                EXTI4_IRQHandler
                0x08002114                RNG_IRQHandler
                0x08002114                TIM1_TRG_COM_TIM17_IRQHandler
                0x08002114                DMA1_Channel3_IRQHandler
                0x08002114                COMP_IRQHandler
                0x08002114                WWDG_IRQHandler
                0x08002114                LPUART1_IRQHandler
                0x08002114                DMA2_Channel6_IRQHandler
                0x08002114                TIM2_IRQHandler
                0x08002114                EXTI1_IRQHandler
                0x08002114                USART2_IRQHandler
                0x08002114                DFSDM1_FLT0_IRQHandler
                0x08002114                I2C2_ER_IRQHandler
                0x08002114                DMA1_Channel2_IRQHandler
                0x08002114                TIM8_BRK_IRQHandler
                0x08002114                CAN1_SCE_IRQHandler
                0x08002114                FLASH_IRQHandler
                0x08002114                USART1_IRQHandler
                0x08002114                OTG_FS_IRQHandler
                0x08002114                SPI3_IRQHandler
                0x08002114                I2C1_ER_IRQHandler
                0x08002114                FMC_IRQHandler
                0x08002114                SWPMI1_IRQHandler
                0x08002114                LPTIM1_IRQHandler
                0x08002114                SAI1_IRQHandler
                0x08002114                DMA2_Channel3_IRQHandler
                0x08002114                TIM1_BRK_TIM15_IRQHandler
 .text.LL_GPIO_SetPinMode
                0x08002116       0x7a ./Drivers/STM32L4xx_HAL_Driver/Src/stm32l4xx_ll_gpio.o
 .text.LL_GPIO_SetPinOutputType
                0x08002190       0x30 ./Drivers/STM32L4xx_HAL_Driver/Src/stm32l4xx_ll_gpio.o
 .text.LL_GPIO_SetPinSpeed
                0x080021c0       0x7a ./Drivers/STM32L4xx_HAL_Driver/Src/stm32l4xx_ll_gpio.o
 .text.LL_GPIO_SetPinPull
                0x0800223a       0x7a ./Drivers/STM32L4xx_HAL_Driver/Src/stm32l4xx_ll_gpio.o
 .text.LL_GPIO_SetAFPin_0_7
                0x080022b4       0x7a ./Drivers/STM32L4xx_HAL_Driver/Src/stm32l4xx_ll_gpio.o
 .text.LL_GPIO_SetAFPin_8_15
                0x0800232e       0x7e ./Drivers/STM32L4xx_HAL_Driver/Src/stm32l4xx_ll_gpio.o
 .text.LL_GPIO_Init
                0x080023ac       0xdc ./Drivers/STM32L4xx_HAL_Driver/Src/stm32l4xx_ll_gpio.o
                0x080023ac                LL_GPIO_Init
 .text.LL_InitTick
                0x08002488       0x34 ./Drivers/STM32L4xx_HAL_Driver/Src/stm32l4xx_ll_utils.o
 .text.LL_Init1msTick
                0x080024bc       0x1a ./Drivers/STM32L4xx_HAL_Driver/Src/stm32l4xx_ll_utils.o
                0x080024bc                LL_Init1msTick
 *fill*         0x080024d6        0x2 
 .text.LL_mDelay
                0x080024d8       0x50 ./Drivers/STM32L4xx_HAL_Driver/Src/stm32l4xx_ll_utils.o
                0x080024d8                LL_mDelay
 .text.LL_SetSystemCoreClock
                0x08002528       0x20 ./Drivers/STM32L4xx_HAL_Driver/Src/stm32l4xx_ll_utils.o
                0x08002528                LL_SetSystemCoreClock
 .text.__libc_init_array
                0x08002548       0x48 C:/ST/STM32CubeIDE_1.16.0/STM32CubeIDE/plugins/com.st.stm32cube.ide.mcu.externaltools.gnu-tools-for-stm32.12.3.rel1.win32_1.0.200.202406191623/tools/bin/../lib/gcc/arm-none-eabi/12.3.1/../../../../arm-none-eabi/lib/thumb/v7e-m+fp/hard\libc_nano.a(libc_a-init.o)
                0x08002548                __libc_init_array
 *(.glue_7)
 .glue_7        0x08002590        0x0 linker stubs
 *(.glue_7t)
 .glue_7t       0x08002590        0x0 linker stubs
 *(.eh_frame)
 .eh_frame      0x08002590        0x0 C:/ST/STM32CubeIDE_1.16.0/STM32CubeIDE/plugins/com.st.stm32cube.ide.mcu.externaltools.gnu-tools-for-stm32.12.3.rel1.win32_1.0.200.202406191623/tools/bin/../lib/gcc/arm-none-eabi/12.3.1/thumb/v7e-m+fp/hard/crtbegin.o
 *(.init)
 .init          0x08002590        0x4 C:/ST/STM32CubeIDE_1.16.0/STM32CubeIDE/plugins/com.st.stm32cube.ide.mcu.externaltools.gnu-tools-for-stm32.12.3.rel1.win32_1.0.200.202406191623/tools/bin/../lib/gcc/arm-none-eabi/12.3.1/thumb/v7e-m+fp/hard/crti.o
                0x08002590                _init
 .init          0x08002594        0x8 C:/ST/STM32CubeIDE_1.16.0/STM32CubeIDE/plugins/com.st.stm32cube.ide.mcu.externaltools.gnu-tools-for-stm32.12.3.rel1.win32_1.0.200.202406191623/tools/bin/../lib/gcc/arm-none-eabi/12.3.1/thumb/v7e-m+fp/hard/crtn.o
 *(.fini)
 .fini          0x0800259c        0x4 C:/ST/STM32CubeIDE_1.16.0/STM32CubeIDE/plugins/com.st.stm32cube.ide.mcu.externaltools.gnu-tools-for-stm32.12.3.rel1.win32_1.0.200.202406191623/tools/bin/../lib/gcc/arm-none-eabi/12.3.1/thumb/v7e-m+fp/hard/crti.o
                0x0800259c                _fini
 .fini          0x080025a0        0x8 C:/ST/STM32CubeIDE_1.16.0/STM32CubeIDE/plugins/com.st.stm32cube.ide.mcu.externaltools.gnu-tools-for-stm32.12.3.rel1.win32_1.0.200.202406191623/tools/bin/../lib/gcc/arm-none-eabi/12.3.1/thumb/v7e-m+fp/hard/crtn.o
                0x080025a8                        . = ALIGN (0x4)
                0x080025a8                        _etext = .

.vfp11_veneer   0x080025a8        0x0
 .vfp11_veneer  0x080025a8        0x0 linker stubs

.v4_bx          0x080025a8        0x0
 .v4_bx         0x080025a8        0x0 linker stubs

.iplt           0x080025a8        0x0
 .iplt          0x080025a8        0x0 C:/ST/STM32CubeIDE_1.16.0/STM32CubeIDE/plugins/com.st.stm32cube.ide.mcu.externaltools.gnu-tools-for-stm32.12.3.rel1.win32_1.0.200.202406191623/tools/bin/../lib/gcc/arm-none-eabi/12.3.1/thumb/v7e-m+fp/hard/crtbegin.o

.rodata         0x080025a8       0x34
                0x080025a8                        . = ALIGN (0x4)
 *(.rodata)
 *(.rodata*)
 .rodata.NRF24_ADDR_REGS
                0x080025a8        0x7 ./Core/Src/nRF24.o
 *fill*         0x080025af        0x1 
 .rodata.RF24_RX_PW_PIPE
                0x080025b0        0x6 ./Core/Src/nRF24.o
 *fill*         0x080025b6        0x2 
 .rodata.OFFSET_TAB_CCMRx
                0x080025b8        0x9 ./Core/Src/tim.o
 *fill*         0x080025c1        0x3 
 .rodata.SHIFT_TAB_OCxx
                0x080025c4        0x9 ./Core/Src/tim.o
 *fill*         0x080025cd        0x3 
 .rodata.SHIFT_TAB_CCxP
                0x080025d0        0x9 ./Core/Src/tim.o
                0x080025dc                        . = ALIGN (0x4)
 *fill*         0x080025d9        0x3 

.ARM.extab      0x080025dc        0x0
                0x080025dc                        . = ALIGN (0x4)
 *(.ARM.extab* .gnu.linkonce.armextab.*)
                0x080025dc                        . = ALIGN (0x4)

.ARM            0x080025dc        0x0
                0x080025dc                        . = ALIGN (0x4)
                0x080025dc                        __exidx_start = .
 *(.ARM.exidx*)
                0x080025dc                        __exidx_end = .
                0x080025dc                        . = ALIGN (0x4)

.preinit_array  0x080025dc        0x0
                0x080025dc                        . = ALIGN (0x4)
                0x080025dc                        PROVIDE (__preinit_array_start = .)
 *(.preinit_array*)
                0x080025dc                        PROVIDE (__preinit_array_end = .)
                0x080025dc                        . = ALIGN (0x4)

.init_array     0x080025dc        0x4
                0x080025dc                        . = ALIGN (0x4)
                0x080025dc                        PROVIDE (__init_array_start = .)
 *(SORT_BY_NAME(.init_array.*))
 *(.init_array*)
 .init_array    0x080025dc        0x4 C:/ST/STM32CubeIDE_1.16.0/STM32CubeIDE/plugins/com.st.stm32cube.ide.mcu.externaltools.gnu-tools-for-stm32.12.3.rel1.win32_1.0.200.202406191623/tools/bin/../lib/gcc/arm-none-eabi/12.3.1/thumb/v7e-m+fp/hard/crtbegin.o
                0x080025e0                        PROVIDE (__init_array_end = .)
                0x080025e0                        . = ALIGN (0x4)

.fini_array     0x080025e0        0x4
                0x080025e0                        . = ALIGN (0x4)
                [!provide]                        PROVIDE (__fini_array_start = .)
 *(SORT_BY_NAME(.fini_array.*))
 *(.fini_array*)
 .fini_array    0x080025e0        0x4 C:/ST/STM32CubeIDE_1.16.0/STM32CubeIDE/plugins/com.st.stm32cube.ide.mcu.externaltools.gnu-tools-for-stm32.12.3.rel1.win32_1.0.200.202406191623/tools/bin/../lib/gcc/arm-none-eabi/12.3.1/thumb/v7e-m+fp/hard/crtbegin.o
                [!provide]                        PROVIDE (__fini_array_end = .)
                0x080025e4                        . = ALIGN (0x4)
                0x080025e4                        _sidata = LOADADDR (.data)

.rel.dyn        0x080025e4        0x0
 .rel.iplt      0x080025e4        0x0 C:/ST/STM32CubeIDE_1.16.0/STM32CubeIDE/plugins/com.st.stm32cube.ide.mcu.externaltools.gnu-tools-for-stm32.12.3.rel1.win32_1.0.200.202406191623/tools/bin/../lib/gcc/arm-none-eabi/12.3.1/thumb/v7e-m+fp/hard/crtbegin.o

.data           0x20000000       0x10 load address 0x080025e4
                0x20000000                        . = ALIGN (0x4)
                0x20000000                        _sdata = .
 *(.data)
 *(.data*)
 .data.RxpipeAddrs
                0x20000000        0x8 ./Core/Src/main.o
                0x20000000                RxpipeAddrs
 .data.spi      0x20000008        0x4 ./Core/Src/spi.o
                0x20000008                spi
 .data.SystemCoreClock
                0x2000000c        0x4 ./Core/Src/system_stm32l4xx.o
                0x2000000c                SystemCoreClock
 *(.RamFunc)
 *(.RamFunc*)
                0x20000010                        . = ALIGN (0x4)
                0x20000010                        _edata = .

.igot.plt       0x20000010        0x0 load address 0x080025f4
 .igot.plt      0x20000010        0x0 C:/ST/STM32CubeIDE_1.16.0/STM32CubeIDE/plugins/com.st.stm32cube.ide.mcu.externaltools.gnu-tools-for-stm32.12.3.rel1.win32_1.0.200.202406191623/tools/bin/../lib/gcc/arm-none-eabi/12.3.1/thumb/v7e-m+fp/hard/crtbegin.o
                0x20000010                        . = ALIGN (0x4)

.bss            0x20000010       0x48 load address 0x080025f4
                0x20000010                        _sbss = .
                0x20000010                        __bss_start__ = _sbss
 *(.bss)
 .bss           0x20000010       0x1c C:/ST/STM32CubeIDE_1.16.0/STM32CubeIDE/plugins/com.st.stm32cube.ide.mcu.externaltools.gnu-tools-for-stm32.12.3.rel1.win32_1.0.200.202406191623/tools/bin/../lib/gcc/arm-none-eabi/12.3.1/thumb/v7e-m+fp/hard/crtbegin.o
 *(.bss*)
 .bss.Tick      0x2000002c        0x4 ./Core/Src/main.o
                0x2000002c                Tick
 .bss.pipe0_reading_address
                0x20000030        0x8 ./Core/Src/nRF24.o
 .bss.payload_size
                0x20000038        0x1 ./Core/Src/nRF24.o
 .bss.dynamic_payloads_enabled
                0x20000039        0x1 ./Core/Src/nRF24.o
 .bss.wide_band
                0x2000003a        0x1 ./Core/Src/nRF24.o
 *fill*         0x2000003b        0x1 
 .bss.nrf24_PORT
                0x2000003c        0x4 ./Core/Src/nRF24.o
 .bss.nrf24_CSN_PIN
                0x20000040        0x2 ./Core/Src/nRF24.o
 .bss.nrf24_CE_PIN
                0x20000042        0x2 ./Core/Src/nRF24.o
 .bss.rx_buffer
                0x20000044        0x8 ./Core/Src/spi.o
 .bss.tx_buffer
                0x2000004c        0x8 ./Core/Src/spi.o
 .bss.pwm_duty  0x20000054        0x4 ./Core/Src/tim.o
                0x20000054                pwm_duty
 *(COMMON)
                0x20000058                        . = ALIGN (0x4)
                0x20000058                        _ebss = .
                0x20000058                        __bss_end__ = _ebss

._user_heap_stack
                0x20000058      0x600 load address 0x080025f4
                0x20000058                        . = ALIGN (0x8)
                [!provide]                        PROVIDE (end = .)
                0x20000058                        PROVIDE (_end = .)
                0x20000258                        . = (. + _Min_Heap_Size)
 *fill*         0x20000058      0x200 
                0x20000658                        . = (. + _Min_Stack_Size)
 *fill*         0x20000258      0x400 
                0x20000658                        . = ALIGN (0x8)

/DISCARD/
 libc.a(*)
 libm.a(*)
 libgcc.a(*)

.ARM.attributes
                0x00000000       0x30
 *(.ARM.attributes)
 .ARM.attributes
                0x00000000       0x22 C:/ST/STM32CubeIDE_1.16.0/STM32CubeIDE/plugins/com.st.stm32cube.ide.mcu.externaltools.gnu-tools-for-stm32.12.3.rel1.win32_1.0.200.202406191623/tools/bin/../lib/gcc/arm-none-eabi/12.3.1/thumb/v7e-m+fp/hard/crti.o
 .ARM.attributes
                0x00000022       0x34 C:/ST/STM32CubeIDE_1.16.0/STM32CubeIDE/plugins/com.st.stm32cube.ide.mcu.externaltools.gnu-tools-for-stm32.12.3.rel1.win32_1.0.200.202406191623/tools/bin/../lib/gcc/arm-none-eabi/12.3.1/thumb/v7e-m+fp/hard/crtbegin.o
 .ARM.attributes
                0x00000056       0x34 ./Core/Src/gpio.o
 .ARM.attributes
                0x0000008a       0x34 ./Core/Src/main.o
 .ARM.attributes
                0x000000be       0x34 ./Core/Src/nRF24.o
 .ARM.attributes
                0x000000f2       0x34 ./Core/Src/radioControl.o
 .ARM.attributes
                0x00000126       0x34 ./Core/Src/spi.o
 .ARM.attributes
                0x0000015a       0x34 ./Core/Src/stm32l4xx_it.o
 .ARM.attributes
                0x0000018e       0x34 ./Core/Src/system_stm32l4xx.o
 .ARM.attributes
                0x000001c2       0x34 ./Core/Src/tim.o
 .ARM.attributes
                0x000001f6       0x21 ./Core/Startup/startup_stm32l476rgtx.o
 .ARM.attributes
                0x00000217       0x34 ./Drivers/STM32L4xx_HAL_Driver/Src/stm32l4xx_ll_gpio.o
 .ARM.attributes
                0x0000024b       0x34 ./Drivers/STM32L4xx_HAL_Driver/Src/stm32l4xx_ll_utils.o
 .ARM.attributes
                0x0000027f       0x34 C:/ST/STM32CubeIDE_1.16.0/STM32CubeIDE/plugins/com.st.stm32cube.ide.mcu.externaltools.gnu-tools-for-stm32.12.3.rel1.win32_1.0.200.202406191623/tools/bin/../lib/gcc/arm-none-eabi/12.3.1/../../../../arm-none-eabi/lib/thumb/v7e-m+fp/hard\libc_nano.a(libc_a-init.o)
 .ARM.attributes
                0x000002b3       0x22 C:/ST/STM32CubeIDE_1.16.0/STM32CubeIDE/plugins/com.st.stm32cube.ide.mcu.externaltools.gnu-tools-for-stm32.12.3.rel1.win32_1.0.200.202406191623/tools/bin/../lib/gcc/arm-none-eabi/12.3.1/thumb/v7e-m+fp/hard/crtn.o
OUTPUT(Mobile-measurement-station.elf elf32-littlearm)
LOAD linker stubs
LOAD C:/ST/STM32CubeIDE_1.16.0/STM32CubeIDE/plugins/com.st.stm32cube.ide.mcu.externaltools.gnu-tools-for-stm32.12.3.rel1.win32_1.0.200.202406191623/tools/bin/../lib/gcc/arm-none-eabi/12.3.1/../../../../arm-none-eabi/lib/thumb/v7e-m+fp/hard\libc.a
LOAD C:/ST/STM32CubeIDE_1.16.0/STM32CubeIDE/plugins/com.st.stm32cube.ide.mcu.externaltools.gnu-tools-for-stm32.12.3.rel1.win32_1.0.200.202406191623/tools/bin/../lib/gcc/arm-none-eabi/12.3.1/../../../../arm-none-eabi/lib/thumb/v7e-m+fp/hard\libm.a
LOAD C:/ST/STM32CubeIDE_1.16.0/STM32CubeIDE/plugins/com.st.stm32cube.ide.mcu.externaltools.gnu-tools-for-stm32.12.3.rel1.win32_1.0.200.202406191623/tools/bin/../lib/gcc/arm-none-eabi/12.3.1/thumb/v7e-m+fp/hard\libgcc.a

.debug_info     0x00000000     0x6c8c
 .debug_info    0x00000000      0x360 ./Core/Src/gpio.o
 .debug_info    0x00000360     0x119e ./Core/Src/main.o
 .debug_info    0x000014fe     0x118d ./Core/Src/nRF24.o
 .debug_info    0x0000268b      0x86b ./Core/Src/radioControl.o
 .debug_info    0x00002ef6     0x12b4 ./Core/Src/spi.o
 .debug_info    0x000041aa      0x1b7 ./Core/Src/stm32l4xx_it.o
 .debug_info    0x00004361      0x5aa ./Core/Src/system_stm32l4xx.o
 .debug_info    0x0000490b      0xdc8 ./Core/Src/tim.o
 .debug_info    0x000056d3       0x30 ./Core/Startup/startup_stm32l476rgtx.o
 .debug_info    0x00005703      0x94b ./Drivers/STM32L4xx_HAL_Driver/Src/stm32l4xx_ll_gpio.o
 .debug_info    0x0000604e      0xc3e ./Drivers/STM32L4xx_HAL_Driver/Src/stm32l4xx_ll_utils.o

.debug_abbrev   0x00000000     0x14e2
 .debug_abbrev  0x00000000      0x103 ./Core/Src/gpio.o
 .debug_abbrev  0x00000103      0x2b6 ./Core/Src/main.o
 .debug_abbrev  0x000003b9      0x3c0 ./Core/Src/nRF24.o
 .debug_abbrev  0x00000779      0x25e ./Core/Src/radioControl.o
 .debug_abbrev  0x000009d7      0x263 ./Core/Src/spi.o
 .debug_abbrev  0x00000c3a       0x80 ./Core/Src/stm32l4xx_it.o
 .debug_abbrev  0x00000cba      0x11a ./Core/Src/system_stm32l4xx.o
 .debug_abbrev  0x00000dd4      0x256 ./Core/Src/tim.o
 .debug_abbrev  0x0000102a       0x24 ./Core/Startup/startup_stm32l476rgtx.o
 .debug_abbrev  0x0000104e      0x235 ./Drivers/STM32L4xx_HAL_Driver/Src/stm32l4xx_ll_gpio.o
 .debug_abbrev  0x00001283      0x25f ./Drivers/STM32L4xx_HAL_Driver/Src/stm32l4xx_ll_utils.o

.debug_aranges  0x00000000      0x830
 .debug_aranges
                0x00000000       0x28 ./Core/Src/gpio.o
 .debug_aranges
                0x00000028       0xe8 ./Core/Src/main.o
 .debug_aranges
                0x00000110      0x1e0 ./Core/Src/nRF24.o
 .debug_aranges
                0x000002f0       0x58 ./Core/Src/radioControl.o
 .debug_aranges
                0x00000348      0x190 ./Core/Src/spi.o
 .debug_aranges
                0x000004d8       0x60 ./Core/Src/stm32l4xx_it.o
 .debug_aranges
                0x00000538       0x28 ./Core/Src/system_stm32l4xx.o
 .debug_aranges
                0x00000560      0x100 ./Core/Src/tim.o
 .debug_aranges
                0x00000660       0x28 ./Core/Startup/startup_stm32l476rgtx.o
 .debug_aranges
                0x00000688       0x70 ./Drivers/STM32L4xx_HAL_Driver/Src/stm32l4xx_ll_gpio.o
 .debug_aranges
                0x000006f8      0x138 ./Drivers/STM32L4xx_HAL_Driver/Src/stm32l4xx_ll_utils.o

.debug_rnglists
                0x00000000      0x607
 .debug_rnglists
                0x00000000       0x19 ./Core/Src/gpio.o
 .debug_rnglists
                0x00000019       0xab ./Core/Src/main.o
 .debug_rnglists
                0x000000c4      0x167 ./Core/Src/nRF24.o
 .debug_rnglists
                0x0000022b       0x40 ./Core/Src/radioControl.o
 .debug_rnglists
                0x0000026b      0x12e ./Core/Src/spi.o
 .debug_rnglists
                0x00000399       0x43 ./Core/Src/stm32l4xx_it.o
 .debug_rnglists
                0x000003dc       0x1a ./Core/Src/system_stm32l4xx.o
 .debug_rnglists
                0x000003f6       0xbf ./Core/Src/tim.o
 .debug_rnglists
                0x000004b5       0x19 ./Core/Startup/startup_stm32l476rgtx.o
 .debug_rnglists
                0x000004ce       0x51 ./Drivers/STM32L4xx_HAL_Driver/Src/stm32l4xx_ll_gpio.o
 .debug_rnglists
                0x0000051f       0xe8 ./Drivers/STM32L4xx_HAL_Driver/Src/stm32l4xx_ll_utils.o

.debug_macro    0x00000000    0x206b9
 .debug_macro   0x00000000      0x154 ./Core/Src/gpio.o
 .debug_macro   0x00000154      0xb02 ./Core/Src/gpio.o
 .debug_macro   0x00000c56       0x2e ./Core/Src/gpio.o
 .debug_macro   0x00000c84       0x28 ./Core/Src/gpio.o
 .debug_macro   0x00000cac       0x22 ./Core/Src/gpio.o
 .debug_macro   0x00000cce       0x8e ./Core/Src/gpio.o
 .debug_macro   0x00000d5c       0x51 ./Core/Src/gpio.o
 .debug_macro   0x00000dad      0x103 ./Core/Src/gpio.o
 .debug_macro   0x00000eb0       0x6a ./Core/Src/gpio.o
 .debug_macro   0x00000f1a      0x1df ./Core/Src/gpio.o
 .debug_macro   0x000010f9       0x1c ./Core/Src/gpio.o
 .debug_macro   0x00001115       0x22 ./Core/Src/gpio.o
 .debug_macro   0x00001137       0xfb ./Core/Src/gpio.o
 .debug_macro   0x00001232     0x1011 ./Core/Src/gpio.o
 .debug_macro   0x00002243      0x11f ./Core/Src/gpio.o
 .debug_macro   0x00002362    0x1a17a ./Core/Src/gpio.o
 .debug_macro   0x0001c4dc       0x6d ./Core/Src/gpio.o
 .debug_macro   0x0001c549      0x716 ./Core/Src/gpio.o
 .debug_macro   0x0001cc5f      0x1bf ./Core/Src/gpio.o
 .debug_macro   0x0001ce1e      0x2f5 ./Core/Src/gpio.o
 .debug_macro   0x0001d113      0x163 ./Core/Src/gpio.o
 .debug_macro   0x0001d276      0x1a6 ./Core/Src/gpio.o
 .debug_macro   0x0001d41c       0xa7 ./Core/Src/gpio.o
 .debug_macro   0x0001d4c3      0x20d ./Core/Src/gpio.o
 .debug_macro   0x0001d6d0      0x2cb ./Core/Src/gpio.o
 .debug_macro   0x0001d99b      0x9ac ./Core/Src/gpio.o
 .debug_macro   0x0001e347      0x169 ./Core/Src/gpio.o
 .debug_macro   0x0001e4b0      0x1d2 ./Core/Src/gpio.o
 .debug_macro   0x0001e682       0x22 ./Core/Src/gpio.o
 .debug_macro   0x0001e6a4      0x2a5 ./Core/Src/main.o
 .debug_macro   0x0001e949       0x2e ./Core/Src/main.o
 .debug_macro   0x0001e977      0x226 ./Core/Src/main.o
 .debug_macro   0x0001eb9d       0x2a ./Core/Src/main.o
 .debug_macro   0x0001ebc7       0x61 ./Core/Src/main.o
 .debug_macro   0x0001ec28       0x43 ./Core/Src/main.o
 .debug_macro   0x0001ec6b       0x34 ./Core/Src/main.o
 .debug_macro   0x0001ec9f       0x16 ./Core/Src/main.o
 .debug_macro   0x0001ecb5      0x11c ./Core/Src/main.o
 .debug_macro   0x0001edd1       0x94 ./Core/Src/main.o
 .debug_macro   0x0001ee65       0x16 ./Core/Src/main.o
 .debug_macro   0x0001ee7b       0x43 ./Core/Src/main.o
 .debug_macro   0x0001eebe       0x34 ./Core/Src/main.o
 .debug_macro   0x0001eef2       0x10 ./Core/Src/main.o
 .debug_macro   0x0001ef02       0x58 ./Core/Src/main.o
 .debug_macro   0x0001ef5a       0x8e ./Core/Src/main.o
 .debug_macro   0x0001efe8       0x1c ./Core/Src/main.o
 .debug_macro   0x0001f004      0x177 ./Core/Src/main.o
 .debug_macro   0x0001f17b      0x369 ./Core/Src/main.o
 .debug_macro   0x0001f4e4       0x16 ./Core/Src/main.o
 .debug_macro   0x0001f4fa       0x29 ./Core/Src/main.o
 .debug_macro   0x0001f523       0x22 ./Core/Src/main.o
 .debug_macro   0x0001f545       0x16 ./Core/Src/main.o
 .debug_macro   0x0001f55b       0x35 ./Core/Src/main.o
 .debug_macro   0x0001f590       0x20 ./Core/Src/main.o
 .debug_macro   0x0001f5b0       0x3a ./Core/Src/main.o
 .debug_macro   0x0001f5ea      0x281 ./Core/Src/nRF24.o
 .debug_macro   0x0001f86b      0x27c ./Core/Src/radioControl.o
 .debug_macro   0x0001fae7      0x15a ./Core/Src/spi.o
 .debug_macro   0x0001fc41      0x154 ./Core/Src/stm32l4xx_it.o
 .debug_macro   0x0001fd95       0xce ./Core/Src/system_stm32l4xx.o
 .debug_macro   0x0001fe63      0x209 ./Core/Src/tim.o
 .debug_macro   0x0002006c      0x19b ./Core/Src/tim.o
 .debug_macro   0x00020207      0x110 ./Drivers/STM32L4xx_HAL_Driver/Src/stm32l4xx_ll_gpio.o
 .debug_macro   0x00020317      0x163 ./Drivers/STM32L4xx_HAL_Driver/Src/stm32l4xx_ll_gpio.o
 .debug_macro   0x0002047a      0x19e ./Drivers/STM32L4xx_HAL_Driver/Src/stm32l4xx_ll_utils.o
 .debug_macro   0x00020618       0xa1 ./Drivers/STM32L4xx_HAL_Driver/Src/stm32l4xx_ll_utils.o

.debug_line     0x00000000     0x68f5
 .debug_line    0x00000000      0x659 ./Core/Src/gpio.o
 .debug_line    0x00000659      0xc09 ./Core/Src/main.o
 .debug_line    0x00001262     0x1079 ./Core/Src/nRF24.o
 .debug_line    0x000022db      0x9f6 ./Core/Src/radioControl.o
 .debug_line    0x00002cd1      0xe71 ./Core/Src/spi.o
 .debug_line    0x00003b42      0x6f8 ./Core/Src/stm32l4xx_it.o
 .debug_line    0x0000423a      0x593 ./Core/Src/system_stm32l4xx.o
 .debug_line    0x000047cd      0xcba ./Core/Src/tim.o
 .debug_line    0x00005487       0x7a ./Core/Startup/startup_stm32l476rgtx.o
 .debug_line    0x00005501      0x849 ./Drivers/STM32L4xx_HAL_Driver/Src/stm32l4xx_ll_gpio.o
 .debug_line    0x00005d4a      0xbab ./Drivers/STM32L4xx_HAL_Driver/Src/stm32l4xx_ll_utils.o

.debug_str      0x00000000    0xb5315
 .debug_str     0x00000000    0xae14c ./Core/Src/gpio.o
                              0xae2ec (size before relaxing)
 .debug_str     0x000ae14c     0x468c ./Core/Src/main.o
                              0xb2b39 (size before relaxing)
 .debug_str     0x000b27d8      0x710 ./Core/Src/nRF24.o
                              0xb270d (size before relaxing)
 .debug_str     0x000b2ee8       0xef ./Core/Src/radioControl.o
                              0xb20b3 (size before relaxing)
 .debug_str     0x000b2fd7      0x390 ./Core/Src/spi.o
                              0xaed96 (size before relaxing)
 .debug_str     0x000b3367       0xad ./Core/Src/stm32l4xx_it.o
                              0xae1f8 (size before relaxing)
 .debug_str     0x000b3414       0x8e ./Core/Src/system_stm32l4xx.o
                              0x9ec69 (size before relaxing)
 .debug_str     0x000b34a2      0xa1d ./Core/Src/tim.o
                              0xb23ae (size before relaxing)
 .debug_str     0x000b3ebf       0x44 ./Core/Startup/startup_stm32l476rgtx.o
                                 0xa1 (size before relaxing)
 .debug_str     0x000b3f03      0x619 ./Drivers/STM32L4xx_HAL_Driver/Src/stm32l4xx_ll_gpio.o
                              0xa062b (size before relaxing)
 .debug_str     0x000b451c      0xdf9 ./Drivers/STM32L4xx_HAL_Driver/Src/stm32l4xx_ll_utils.o
                              0xa5969 (size before relaxing)

.comment        0x00000000       0x43
 .comment       0x00000000       0x43 ./Core/Src/gpio.o
                                 0x44 (size before relaxing)
 .comment       0x00000043       0x44 ./Core/Src/main.o
 .comment       0x00000043       0x44 ./Core/Src/nRF24.o
 .comment       0x00000043       0x44 ./Core/Src/radioControl.o
 .comment       0x00000043       0x44 ./Core/Src/spi.o
 .comment       0x00000043       0x44 ./Core/Src/stm32l4xx_it.o
 .comment       0x00000043       0x44 ./Core/Src/system_stm32l4xx.o
 .comment       0x00000043       0x44 ./Core/Src/tim.o
 .comment       0x00000043       0x44 ./Drivers/STM32L4xx_HAL_Driver/Src/stm32l4xx_ll_gpio.o
 .comment       0x00000043       0x44 ./Drivers/STM32L4xx_HAL_Driver/Src/stm32l4xx_ll_utils.o

.debug_frame    0x00000000     0x205c
 .debug_frame   0x00000000       0x54 ./Core/Src/gpio.o
 .debug_frame   0x00000054      0x3b4 ./Core/Src/main.o
 .debug_frame   0x00000408      0x7a4 ./Core/Src/nRF24.o
 .debug_frame   0x00000bac      0x13c ./Core/Src/radioControl.o
 .debug_frame   0x00000ce8      0x6e8 ./Core/Src/spi.o
 .debug_frame   0x000013d0      0x108 ./Core/Src/stm32l4xx_it.o
 .debug_frame   0x000014d8       0x58 ./Core/Src/system_stm32l4xx.o
 .debug_frame   0x00001530      0x444 ./Core/Src/tim.o
 .debug_frame   0x00001974      0x1c0 ./Drivers/STM32L4xx_HAL_Driver/Src/stm32l4xx_ll_gpio.o
 .debug_frame   0x00001b34      0x4fc ./Drivers/STM32L4xx_HAL_Driver/Src/stm32l4xx_ll_utils.o
 .debug_frame   0x00002030       0x2c C:/ST/STM32CubeIDE_1.16.0/STM32CubeIDE/plugins/com.st.stm32cube.ide.mcu.externaltools.gnu-tools-for-stm32.12.3.rel1.win32_1.0.200.202406191623/tools/bin/../lib/gcc/arm-none-eabi/12.3.1/../../../../arm-none-eabi/lib/thumb/v7e-m+fp/hard\libc_nano.a(libc_a-init.o)

.debug_line_str
                0x00000000       0x85
 .debug_line_str
                0x00000000       0x85 ./Core/Startup/startup_stm32l476rgtx.o
